Archive member included to satisfy reference by file (symbol)

/Users/andreuschmann/devkitPro/portlibs/3ds/lib/libSDL.a(SDL.o)
                              App.o (SDL_Init)
/Users/andreuschmann/devkitPro/portlibs/3ds/lib/libSDL.a(SDL_error.o)
                              SDL_gfxBlitFunc.o (SDL_SetError)
/Users/andreuschmann/devkitPro/portlibs/3ds/lib/libSDL.a(SDL_fatal.o)
                              /Users/andreuschmann/devkitPro/portlibs/3ds/lib/libSDL.a(SDL.o) (SDL_InstallParachute)
/Users/andreuschmann/devkitPro/portlibs/3ds/lib/libSDL.a(SDL_audio.o)
                              /Users/andreuschmann/devkitPro/portlibs/3ds/lib/libSDL.a(SDL.o) (SDL_AudioQuit)
/Users/andreuschmann/devkitPro/portlibs/3ds/lib/libSDL.a(SDL_audiocvt.o)
                              /Users/andreuschmann/devkitPro/portlibs/3ds/lib/libSDL.a(SDL_audio.o) (SDL_ConvertAudio)
/Users/andreuschmann/devkitPro/portlibs/3ds/lib/libSDL.a(SDL_cpuinfo.o)
                              SDL_imageFilter.o (SDL_HasMMX)
/Users/andreuschmann/devkitPro/portlibs/3ds/lib/libSDL.a(SDL_events.o)
                              App.o (SDL_PollEvent)
/Users/andreuschmann/devkitPro/portlibs/3ds/lib/libSDL.a(SDL_keyboard.o)
                              /Users/andreuschmann/devkitPro/portlibs/3ds/lib/libSDL.a(SDL_events.o) (SDL_KeyboardInit)
/Users/andreuschmann/devkitPro/portlibs/3ds/lib/libSDL.a(SDL_mouse.o)
                              /Users/andreuschmann/devkitPro/portlibs/3ds/lib/libSDL.a(SDL_events.o) (SDL_MouseInit)
/Users/andreuschmann/devkitPro/portlibs/3ds/lib/libSDL.a(SDL_quit.o)
                              /Users/andreuschmann/devkitPro/portlibs/3ds/lib/libSDL.a(SDL_events.o) (SDL_QuitInit)
/Users/andreuschmann/devkitPro/portlibs/3ds/lib/libSDL.a(SDL_rwops.o)
                              AssetManager.o (SDL_RWFromFile)
/Users/andreuschmann/devkitPro/portlibs/3ds/lib/libSDL.a(SDL_thread.o)
                              /Users/andreuschmann/devkitPro/portlibs/3ds/lib/libSDL.a(SDL_error.o) (SDL_GetErrBuf)
/Users/andreuschmann/devkitPro/portlibs/3ds/lib/libSDL.a(SDL_timer.o)
                              /Users/andreuschmann/devkitPro/portlibs/3ds/lib/libSDL.a(SDL_events.o) (SDL_SetTimerThreaded)
/Users/andreuschmann/devkitPro/portlibs/3ds/lib/libSDL.a(SDL_bmp.o)
                              AssetManager.o (SDL_LoadBMP_RW)
/Users/andreuschmann/devkitPro/portlibs/3ds/lib/libSDL.a(SDL_cursor.o)
                              /Users/andreuschmann/devkitPro/portlibs/3ds/lib/libSDL.a(SDL_mouse.o) (SDL_MoveCursor)
/Users/andreuschmann/devkitPro/portlibs/3ds/lib/libSDL.a(SDL_pixels.o)
                              SDL_gfxPrimitives.o (SDL_MapRGB)
/Users/andreuschmann/devkitPro/portlibs/3ds/lib/libSDL.a(SDL_surface.o)
                              SDL_rotozoom.o (SDL_SetColorKey)
/Users/andreuschmann/devkitPro/portlibs/3ds/lib/libSDL.a(SDL_video.o)
                              /Users/andreuschmann/devkitPro/portlibs/3ds/lib/libSDL.a(SDL_surface.o) (SDL_GetVideoInfo)
/Users/andreuschmann/devkitPro/portlibs/3ds/lib/libSDL.a(SDL_joystick.o)
                              /Users/andreuschmann/devkitPro/portlibs/3ds/lib/libSDL.a(SDL.o) (SDL_JoystickInit)
/Users/andreuschmann/devkitPro/portlibs/3ds/lib/libSDL.a(SDL_systimer.o)
                              /Users/andreuschmann/devkitPro/portlibs/3ds/lib/libSDL.a(SDL.o) (SDL_StartTicks)
/Users/andreuschmann/devkitPro/portlibs/3ds/lib/libSDL.a(SDL_n3dsaudio.o)
                              /Users/andreuschmann/devkitPro/portlibs/3ds/lib/libSDL.a(SDL_audio.o) (N3DSAUD_bootstrap)
/Users/andreuschmann/devkitPro/portlibs/3ds/lib/libSDL.a(SDL_sysjoystick.o)
                              /Users/andreuschmann/devkitPro/portlibs/3ds/lib/libSDL.a(SDL_joystick.o) (SDL_SYS_JoystickInit)
/Users/andreuschmann/devkitPro/portlibs/3ds/lib/libSDL.a(SDL_sysmutex.o)
                              /Users/andreuschmann/devkitPro/portlibs/3ds/lib/libSDL.a(SDL_audio.o) (SDL_CreateMutex)
/Users/andreuschmann/devkitPro/portlibs/3ds/lib/libSDL.a(SDL_syssem.o)
                              /Users/andreuschmann/devkitPro/portlibs/3ds/lib/libSDL.a(SDL_thread.o) (SDL_CreateSemaphore)
/Users/andreuschmann/devkitPro/portlibs/3ds/lib/libSDL.a(SDL_systhread.o)
                              /Users/andreuschmann/devkitPro/portlibs/3ds/lib/libSDL.a(SDL_thread.o) (SDL_SYS_CreateThread)
/Users/andreuschmann/devkitPro/portlibs/3ds/lib/libSDL.a(SDL_n3dsevents.o)
                              /Users/andreuschmann/devkitPro/portlibs/3ds/lib/libSDL.a(SDL_n3dsaudio.o) (app_exiting)
/Users/andreuschmann/devkitPro/portlibs/3ds/lib/libSDL.a(SDL_n3dsvideo.o)
                              /Users/andreuschmann/devkitPro/portlibs/3ds/lib/libSDL.a(SDL_video.o) (N3DS_bootstrap)
/Users/andreuschmann/devkitPro/portlibs/3ds/lib/libSDL.a(SDL_active.o)
                              /Users/andreuschmann/devkitPro/portlibs/3ds/lib/libSDL.a(SDL_events.o) (SDL_AppActiveInit)
/Users/andreuschmann/devkitPro/portlibs/3ds/lib/libSDL.a(SDL_resize.o)
[...]
Memory Configuration

Name             Origin             Length             Attributes
*default*        0x0000000000000000 0xffffffffffffffff

Linker script and memory map

                0x0000000000100000                PROVIDE (__start__, 0x100000)
                0x0000000000100000                . = __start__

.text           0x0000000000100000    0x5ee80
 *(.crt0)
 .crt0          0x0000000000100000       0x94 /Users/andreuschmann/devkitPro/devkitARM/bin/../lib/gcc/arm-none-eabi/7.1.0/../../../../arm-none-eabi/lib/armv6k/fpu/3dsx_crt0.o
                0x0000000000100000                _start
                0x0000000000100008                __service_ptr
                0x000000000010000c                __apt_appid
                0x0000000000100010                __heap_size
                0x0000000000100014                __linear_heap_size
                0x0000000000100018                __system_arglist
                0x000000000010001c                __system_runflags
 *(.init)
 .init          0x0000000000100094        0xc /Users/andreuschmann/devkitPro/devkitARM/bin/../lib/gcc/arm-none-eabi/7.1.0/armv6k/fpu/crti.o
                0x0000000000100094                _init
 .init          0x00000000001000a0        0xc /Users/andreuschmann/devkitPro/devkitARM/bin/../lib/gcc/arm-none-eabi/7.1.0/armv6k/fpu/crtn.o
                0x00000000001000ac                . = ALIGN (0x4)
 *(.text)
 .text          0x00000000001000ac       0x64 /Users/andreuschmann/devkitPro/libctru/lib/libctru.a(stack_adjust.o)
                0x00000000001000ac                initSystem
                0x00000000001000f0                __ctru_exit
 .text          0x0000000000100110      0x20c /Users/andreuschmann/devkitPro/devkitARM/bin/../lib/gcc/arm-none-eabi/7.1.0/armv6k/fpu/libgcc.a(_udivsi3.o)
                0x0000000000100110                __udivsi3
                0x0000000000100110                __aeabi_uidiv
                0x00000000001002fc                __aeabi_uidivmod
 .text          0x000000000010031c      0x240 /Users/andreuschmann/devkitPro/devkitARM/bin/../lib/gcc/arm-none-eabi/7.1.0/armv6k/fpu/libgcc.a(_divsi3.o)
                0x000000000010031c                __aeabi_idiv
                0x000000000010031c                __divsi3
                0x000000000010053c                __aeabi_idivmod
 .text          0x000000000010055c        0x4 /Users/andreuschmann/devkitPro/devkitARM/bin/../lib/gcc/arm-none-eabi/7.1.0/armv6k/fpu/libgcc.a(_dvmd_tls.o)
                0x000000000010055c                __aeabi_ldiv0
                0x000000000010055c                __aeabi_idiv0
 .text          0x0000000000100560       0x3c /Users/andreuschmann/devkitPro/devkitARM/bin/../lib/gcc/arm-none-eabi/7.1.0/armv6k/fpu/libgcc.a(_aeabi_uldivmod.o)
                0x0000000000100560                __aeabi_uldivmod
 .text          0x000000000010059c      0x1a8 /Users/andreuschmann/devkitPro/devkitARM/bin/../lib/gcc/arm-none-eabi/7.1.0/armv6k/fpu/libgcc.a(libunwind.o)
                0x000000000010059c                __restore_core_regs
                0x000000000010059c                restore_core_regs
                0x00000000001005b0                __gnu_Unwind_Restore_VFP
                0x00000000001005b8                __gnu_Unwind_Save_VFP
                0x00000000001005c0                __gnu_Unwind_Restore_VFP_D
                0x00000000001005c8                __gnu_Unwind_Save_VFP_D
                0x00000000001005d0                __gnu_Unwind_Restore_VFP_D_16_to_31
                0x00000000001005d8                __gnu_Unwind_Save_VFP_D_16_to_31
                0x00000000001005e0                __gnu_Unwind_Restore_WMMXD
                0x0000000000100624                __gnu_Unwind_Save_WMMXD
                0x0000000000100668                __gnu_Unwind_Restore_WMMXC
                0x000000000010067c                __gnu_Unwind_Save_WMMXC
                0x0000000000100690                _Unwind_RaiseException
                0x0000000000100690                ___Unwind_RaiseException
                0x00000000001006b4                ___Unwind_Resume
                0x00000000001006b4                _Unwind_Resume
                0x00000000001006d8                ___Unwind_Resume_or_Rethrow
                0x00000000001006d8                _Unwind_Resume_or_Rethrow
                0x00000000001006fc                _Unwind_ForcedUnwind
                0x00000000001006fc                ___Unwind_ForcedUnwind
                0x0000000000100720                _Unwind_Backtrace
                0x0000000000100720                ___Unwind_Backtrace
 *fill*         0x0000000000100744       0x1c 
 .text          0x0000000000100760      0x390 /Users/andreuschmann/devkitPro/devkitARM/bin/../lib/gcc/arm-none-eabi/7.1.0/../../../../arm-none-eabi/lib/armv6k/fpu/libg.a(lib_a-strcmp.o)
                0x0000000000100768                strcmp
 *(.text.*)
 .text.deregister_tm_clones
                0x0000000000100af0       0x2c /Users/andreuschmann/devkitPro/devkitARM/bin/../lib/gcc/arm-none-eabi/7.1.0/armv6k/fpu/crtbegin.o
 .text.register_tm_clones
                0x0000000000100b1c       0x38 /Users/andreuschmann/devkitPro/devkitARM/bin/../lib/gcc/arm-none-eabi/7.1.0/armv6k/fpu/crtbegin.o
 .text.__do_global_dtors_aux
                0x0000000000100b54       0x44 /Users/andreuschmann/devkitPro/devkitARM/bin/../lib/gcc/arm-none-eabi/7.1.0/armv6k/fpu/crtbegin.o
 .text.frame_dummy
                0x0000000000100b98       0x34 /Users/andreuschmann/devkitPro/devkitARM/bin/../lib/gcc/arm-none-eabi/7.1.0/armv6k/fpu/crtbegin.o
 .text._ZN3AppC2Ev
                0x0000000000100bcc       0x40 App.o
                0x0000000000100bcc                App::App()
                0x0000000000100bcc                App::App()
 .text._ZN3App11getInstanceEv
                0x0000000000100c0c       0x3c App.o
                0x0000000000100c0c                App::getInstance()
 .text._ZN3App4initEv
                0x0000000000100c48       0x70 App.o
                0x0000000000100c48                App::init()
 .text._ZN3App3runEv
                0x0000000000100cb8      0x134 App.o
                0x0000000000100cb8                App::run()
 .text._ZN3App15startControllerEP10Controller
                0x0000000000100dec       0x5c App.o
                0x0000000000100dec                App::startController(Controller*)
 .text._ZN12AssetManager9loadImageEPc
                0x0000000000100e48       0x54 AssetManager.o
                0x0000000000100e48                AssetManager::loadImage(char*)
 .text._ZN12AssetManager4initEv
                0x0000000000100e9c       0x1c AssetManager.o
                0x0000000000100e9c                AssetManager::init()
 .text._ZN10FileSystem12readTextFileEPKc
                0x0000000000100eb8       0xa4 FileSystem.o
                0x0000000000100eb8                FileSystem::readTextFile(char const*)
 .text._ZL10parse_hex4PKh
                0x0000000000100f5c       0x70 cJson.o
 .text._ZL22buffer_skip_whitespaceP12parse_buffer
                0x0000000000100fcc       0x78 cJson.o
 .text._ZL15get_object_itemPK5cJSONPKci
                0x0000000000101044       0xb4 cJson.o
 .text._ZL12parse_stringP5cJSONP12parse_buffer.isra.0
                0x00000000001010f8      0x4b8 cJson.o
 .text._ZL14cJSON_New_ItemPK14internal_hooks.isra.2
                0x00000000001015b0       0x2c cJson.o
 .text.cJSON_GetStringValue
                0x00000000001015dc       0x1c cJson.o
                0x00000000001015dc                cJSON_GetStringValue
 .text.cJSON_Delete
                0x00000000001015f8       0xa0 cJson.o
                0x00000000001015f8                cJSON_Delete
 .text._ZL11parse_valueP5cJSONP12parse_buffer
                0x0000000000101698      0x594 cJson.o
 .text.cJSON_ParseWithOpts
                0x0000000000101c2c      0x1c8 cJson.o
                0x0000000000101c2c                cJSON_ParseWithOpts
 .text.cJSON_Parse
                0x0000000000101df4        0xc cJson.o
                0x0000000000101df4                cJSON_Parse
 .text.cJSON_GetArraySize
                0x0000000000101e00       0x34 cJson.o
                0x0000000000101e00                cJSON_GetArraySize
 .text.cJSON_GetArrayItem
                0x0000000000101e34       0x4c cJson.o
                0x0000000000101e34                cJSON_GetArrayItem
 .text.cJSON_GetObjectItem
                0x0000000000101e80        0x8 cJson.o
                0x0000000000101e80                cJSON_GetObjectItem
 .text.cJSON_HasObjectItem
                0x0000000000101e88       0x18 cJson.o
                0x0000000000101e88                cJSON_HasObjectItem
 .text.cJSON_IsTrue
                0x0000000000101ea0       0x18 cJson.o
                0x0000000000101ea0                cJSON_IsTrue
 .text.cJSON_IsArray
                0x0000000000101eb8       0x18 cJson.o
                0x0000000000101eb8                cJSON_IsArray
 .text.cJSON_free
                0x0000000000101ed0       0x10 cJson.o
                0x0000000000101ed0                cJSON_free
 .text.startup.main
                0x0000000000101ee0       0x58 main.o
                0x0000000000101ee0                main
 .text._ZN8ColorRgb6fromXyEfff
                0x0000000000101f38      0x218 ColorRgb.o
                0x0000000000101f38                ColorRgb::fromXy(float, float, float)
 .text._ZN3HueC2Ev
                0x0000000000102150       0x24 Hue.o
                0x0000000000102150                Hue::Hue()
                0x0000000000102150                Hue::Hue()
 .text._ZN3Hue7setUserEPc
                0x0000000000102174        0x8 Hue.o
                0x0000000000102174                Hue::setUser(char*)
 .text._ZN3Hue15discoverByNupnpEv
                0x000000000010217c       0x74 Hue.o
                0x000000000010217c                Hue::discoverByNupnp()
 .text._ZN3Hue10setOnStateEPcb
                0x00000000001021f0       0x74 Hue.o
                0x00000000001021f0                Hue::setOnState(char*, bool)
 .text._ZN3Hue10setColorXyEPcdd
                0x0000000000102264       0x8c Hue.o
                0x0000000000102264                Hue::setColorXy(char*, double, double)
 .text._ZN3Hue11setColorRgbEPcddd
                0x00000000001022f0      0x1c4 Hue.o
                0x00000000001022f0                Hue::setColorRgb(char*, double, double, double)
 .text._ZNSt6vectorI5LightSaIS0_EE17_M_realloc_insertIJRKS0_EEEvN9__gnu_cxx17__normal_iteratorIPS0_S2_EEDpOT_
                0x00000000001024b4       0xf8 Hue.o
                0x00000000001024b4                void std::vector<Light, std::allocator<Light> >::_M_realloc_insert<Light const&>(__gnu_cxx::__normal_iterator<Light*, std::vector<Light, std::allocator<Light> > >, Light const&)
 .text._ZN3Hue9getLightsEv
                0x00000000001025ac       0xf0 Hue.o
                0x00000000001025ac                Hue::getLights()
 .text._ZN5Light8fromJsonEP5cJSON
                0x000000000010269c       0xcc Light.o
                0x000000000010269c                Light::fromJson(cJSON*)
 .text._ZN5State8fromJsonEP5cJSON
                0x0000000000102768      0x144 State.o
                0x0000000000102768                State::fromJson(cJSON*)
 .text._ZN10HttpClient17downloadRepsponseEP12httpcContext
                0x00000000001028ac       0x94 HttpClient.o
                0x00000000001028ac                HttpClient::downloadRepsponse(httpcContext*)
 .text._ZN10HttpClient3getEPKc
                0x0000000000102940       0xac HttpClient.o
                0x0000000000102940                HttpClient::get(char const*)
 .text._ZN10HttpClient3putEPKcS1_
                0x00000000001029ec       0xe0 HttpClient.o
                0x00000000001029ec                HttpClient::put(char const*, char const*)
 .text._ZN12HttpResponseC2EiPc
                0x0000000000102acc        0x8 HttpResponse.o
                0x0000000000102acc                HttpResponse::HttpResponse(int, char*)
                0x0000000000102acc                HttpResponse::HttpResponse(int, char*)
 .text._ZN12HttpResponseD2Ev
                0x0000000000102ad4       0x18 HttpResponse.o
                0x0000000000102ad4                HttpResponse::~HttpResponse()
                0x0000000000102ad4                HttpResponse::~HttpResponse()
 .text._ZN13LightListItem4drawEP11SDL_Surface
                0x0000000000102aec      0x144 LightListItem.o
                0x0000000000102aec                LightListItem::draw(SDL_Surface*)
 .text._ZN13LightListItem11handleEventEP9SDL_Event
                0x0000000000102c30       0xb0 LightListItem.o
                0x0000000000102c30                LightListItem::handleEvent(SDL_Event*)
 .text._ZN13LightListItemC2EP5Lightiiii
                0x0000000000102ce0       0x78 LightListItem.o
                0x0000000000102ce0                LightListItem::LightListItem(Light*, int, int, int, int)
                0x0000000000102ce0                LightListItem::LightListItem(Light*, int, int, int, int)
 .text._ZN4View11handleEventEP9SDL_Event
                0x0000000000102d58        0x8 View.o
                0x0000000000102d58                View::handleEvent(SDL_Event*)
 .text._ZN4View4drawEP11SDL_Surface
                0x0000000000102d60       0x44 View.o
                0x0000000000102d60                View::draw(SDL_Surface*)
 .text._ZN4ViewC2Eiiii
                0x0000000000102da4       0x24 View.o
                0x0000000000102da4                View::View(int, int, int, int)
                0x0000000000102da4                View::View(int, int, int, int)
 .text._ZN4View9isClickedEP20SDL_MouseButtonEvent
                0x0000000000102dc8       0x50 View.o
                0x0000000000102dc8                View::isClicked(SDL_MouseButtonEvent*)
 .text._ZN4View4setYEi
                0x0000000000102e18        0x8 View.o
                0x0000000000102e18                View::setY(int)
 .text._ZN10Controller8onCreateEP3App
                0x0000000000102e20        0x8 Controller.o
                0x0000000000102e20                Controller::onCreate(App*)
 .text._ZN20LightColorController8onCreateEP3App
                0x0000000000102e28        0x4 LightColorController.o
                0x0000000000102e28                LightColorController::onCreate(App*)
 .text._ZN20LightColorController8onRemoveEv
                0x0000000000102e2c        0x4 LightColorController.o
                0x0000000000102e2c                LightColorController::onRemove()
 .text._ZN20LightColorController6onDrawEP11SDL_Surface
                0x0000000000102e30       0x3c LightColorController.o
                0x0000000000102e30                LightColorController::onDraw(SDL_Surface*)
 .text._ZN20LightColorControllerC2EP5Light
                0x0000000000102e6c       0x14 LightColorController.o
                0x0000000000102e6c                LightColorController::LightColorController(Light*)
                0x0000000000102e6c                LightColorController::LightColorController(Light*)
 .text._Z8getpixelP11SDL_SurfaceiiPhS1_S1_
                0x0000000000102e80       0x58 LightColorController.o
                0x0000000000102e80                getpixel(SDL_Surface*, int, int, unsigned char*, unsigned char*, unsigned char*)
 .text._ZN20LightColorController7onEventEP9SDL_Event
                0x0000000000102ed8       0xfc LightColorController.o
                0x0000000000102ed8                LightColorController::onEvent(SDL_Event*)
 .text._ZN19LightListController7onEventEP9SDL_Event
                0x0000000000102fd4      0x104 LightListController.o
                0x0000000000102fd4                LightListController::onEvent(SDL_Event*)
 .text._ZN19LightListController6onDrawEP11SDL_Surface
                0x00000000001030d8       0x7c LightListController.o
                0x00000000001030d8                LightListController::onDraw(SDL_Surface*)
 .text._ZN19LightListController8onRemoveEv
                0x0000000000103154        0xc LightListController.o
                0x0000000000103154                LightListController::onRemove()
 .text._ZNSt6vectorIP13LightListItemSaIS1_EE17_M_realloc_insertIJS1_EEEvN9__gnu_cxx17__normal_iteratorIPS1_S3_EEDpOT_
                0x0000000000103160       0xf4 LightListController.o
                0x0000000000103160                void std::vector<LightListItem*, std::allocator<LightListItem*> >::_M_realloc_insert<LightListItem*>(__gnu_cxx::__normal_iterator<LightListItem**, std::vector<LightListItem*, std::allocator<LightListItem*> > >, LightListItem*&&)
 .text._ZN19LightListController8onCreateEP3App
                0x0000000000103254       0xe4 LightListController.o
                0x0000000000103254                LightListController::onCreate(App*)
 .text._gfxPrimitivesCompareInt
                0x0000000000103338       0x10 SDL_gfxPrimitives.o
                0x0000000000103338                _gfxPrimitivesCompareInt
 .text._clipLine.isra.0
                0x0000000000103348      0x238 SDL_gfxPrimitives.o
 .text.fastPixelColorNolock
                0x0000000000103580       0xb4 SDL_gfxPrimitives.o
                0x0000000000103580                fastPixelColorNolock
 .text._putPixelAlpha
                0x0000000000103634      0x368 SDL_gfxPrimitives.o
                0x0000000000103634                _putPixelAlpha
 .text.pixelColor
                0x000000000010399c       0xc0 SDL_gfxPrimitives.o
                0x000000000010399c                pixelColor
 .text.pixelColorNolock
                0x0000000000103a5c       0x5c SDL_gfxPrimitives.o
                0x0000000000103a5c                pixelColorNolock
 .text._filledRectAlpha
                0x0000000000103ab8      0x5d4 SDL_gfxPrimitives.o
                0x0000000000103ab8                _filledRectAlpha
 .text.filledRectAlpha
                0x000000000010408c       0xcc SDL_gfxPrimitives.o
                0x000000000010408c                filledRectAlpha
 .text.hlineColor
                0x0000000000104158      0x22c SDL_gfxPrimitives.o
                0x0000000000104158                hlineColor
 .text.vlineColor
                0x0000000000104384      0x22c SDL_gfxPrimitives.o
                0x0000000000104384                vlineColor
 .text.rectangleColor
                0x00000000001045b0      0x158 SDL_gfxPrimitives.o
                0x00000000001045b0                rectangleColor
 .text.boxColor
                0x0000000000104708      0x334 SDL_gfxPrimitives.o
                0x0000000000104708                boxColor
 .text.boxRGBA  0x0000000000104a3c       0x34 SDL_gfxPrimitives.o
                0x0000000000104a3c                boxRGBA
 .text.lineColor
                0x0000000000104a70      0x490 SDL_gfxPrimitives.o
                0x0000000000104a70                lineColor
 .text.polygonColor.part.3
                0x0000000000104f00       0xa0 SDL_gfxPrimitives.o
 .text.circleColor
                0x0000000000104fa0      0x630 SDL_gfxPrimitives.o
                0x0000000000104fa0                circleColor
 .text.polygonColor
                0x00000000001055d0       0x6c SDL_gfxPrimitives.o
                0x00000000001055d0                polygonColor
 .text.filledPolygonColorMT
                0x000000000010563c      0x354 SDL_gfxPrimitives.o
                0x000000000010563c                filledPolygonColorMT
 .text._pieColor
                0x0000000000105990      0x344 SDL_gfxPrimitives.o
                0x0000000000105990                _pieColor
 .text.roundedBoxColor
                0x0000000000105cd4      0x2ec SDL_gfxPrimitives.o
                0x0000000000105cd4                roundedBoxColor
 .text.characterColor
                0x0000000000105fc0      0x22c SDL_gfxPrimitives.o
                0x0000000000105fc0                characterColor
 .text.stringColor
                0x00000000001061ec       0xd0 SDL_gfxPrimitives.o
                0x00000000001061ec                stringColor
 .text.rotateSurface90Degrees
                0x00000000001062bc      0x360 SDL_rotozoom.o
                0x00000000001062bc                rotateSurface90Degrees
 .text.SDL_Init
                0x000000000010661c      0x16c /Users/andreuschmann/devkitPro/portlibs/3ds/lib/libSDL.a(SDL.o)
                0x000000000010661c                SDL_Init
 .text.SDL_Quit
                0x0000000000106788       0x84 /Users/andreuschmann/devkitPro/portlibs/3ds/lib/libSDL.a(SDL.o)
                0x0000000000106788                SDL_Quit
 .text.SDL_SetError
                0x000000000010680c      0x1cc /Users/andreuschmann/devkitPro/portlibs/3ds/lib/libSDL.a(SDL_error.o)
                0x000000000010680c                SDL_SetError
 .text.SDL_GetErrorMsg
                0x00000000001069d8      0x2c4 /Users/andreuschmann/devkitPro/portlibs/3ds/lib/libSDL.a(SDL_error.o)
                0x00000000001069d8                SDL_GetErrorMsg
 .text.SDL_GetError
                0x0000000000106c9c       0x10 /Users/andreuschmann/devkitPro/portlibs/3ds/lib/libSDL.a(SDL_error.o)
                0x0000000000106c9c                SDL_GetError
 .text.SDL_ClearError
                0x0000000000106cac       0x14 /Users/andreuschmann/devkitPro/portlibs/3ds/lib/libSDL.a(SDL_error.o)
                0x0000000000106cac                SDL_ClearError
 .text.SDL_Error
                0x0000000000106cc0       0x58 /Users/andreuschmann/devkitPro/portlibs/3ds/lib/libSDL.a(SDL_error.o)
                0x0000000000106cc0                SDL_Error
 .text.SDL_Parachute
                0x0000000000106d18       0x20 /Users/andreuschmann/devkitPro/portlibs/3ds/lib/libSDL.a(SDL_fatal.o)
 .text.SDL_InstallParachute
                0x0000000000106d38       0x44 /Users/andreuschmann/devkitPro/portlibs/3ds/lib/libSDL.a(SDL_fatal.o)
                0x0000000000106d38                SDL_InstallParachute
 .text.SDL_UninstallParachute
                0x0000000000106d7c       0x4c /Users/andreuschmann/devkitPro/portlibs/3ds/lib/libSDL.a(SDL_fatal.o)
                0x0000000000106d7c                SDL_UninstallParachute
 .text.SDL_LockAudio_Default
                0x0000000000106dc8       0x34 /Users/andreuschmann/devkitPro/portlibs/3ds/lib/libSDL.a(SDL_audio.o)
 .text.SDL_UnlockAudio_Default
                0x0000000000106dfc       0x34 /Users/andreuschmann/devkitPro/portlibs/3ds/lib/libSDL.a(SDL_audio.o)
 .text.SDL_AudioQuit
                0x0000000000106e30       0xac /Users/andreuschmann/devkitPro/portlibs/3ds/lib/libSDL.a(SDL_audio.o)
                0x0000000000106e30                SDL_AudioQuit
 .text.SDL_AudioInit
                0x0000000000106edc       0xe8 /Users/andreuschmann/devkitPro/portlibs/3ds/lib/libSDL.a(SDL_audio.o)
                0x0000000000106edc                SDL_AudioInit
 .text.SDL_FirstAudioFormat
                0x0000000000106fc4       0xac /Users/andreuschmann/devkitPro/portlibs/3ds/lib/libSDL.a(SDL_audio.o)
                0x0000000000106fc4                SDL_FirstAudioFormat
 .text.SDL_NextAudioFormat
                0x0000000000107070       0x54 /Users/andreuschmann/devkitPro/portlibs/3ds/lib/libSDL.a(SDL_audio.o)
                0x0000000000107070                SDL_NextAudioFormat
 .text.SDL_CalculateAudioSpec
                0x00000000001070c4       0x34 /Users/andreuschmann/devkitPro/portlibs/3ds/lib/libSDL.a(SDL_audio.o)
                0x00000000001070c4                SDL_CalculateAudioSpec
 .text.SDL_HasMMX
                0x00000000001070f8       0x4c /Users/andreuschmann/devkitPro/portlibs/3ds/lib/libSDL.a(SDL_cpuinfo.o)
                0x00000000001070f8                SDL_HasMMX
 .text.SDL_GobbleEvents
                0x0000000000107144       0xec /Users/andreuschmann/devkitPro/portlibs/3ds/lib/libSDL.a(SDL_events.o)
 .text.SDL_Lock_EventThread
                0x0000000000107230       0x68 /Users/andreuschmann/devkitPro/portlibs/3ds/lib/libSDL.a(SDL_events.o)
                0x0000000000107230                SDL_Lock_EventThread
 .text.SDL_Unlock_EventThread
                0x0000000000107298       0x44 /Users/andreuschmann/devkitPro/portlibs/3ds/lib/libSDL.a(SDL_events.o)
                0x0000000000107298                SDL_Unlock_EventThread
 .text.SDL_StopEventLoop
                0x00000000001072dc       0x78 /Users/andreuschmann/devkitPro/portlibs/3ds/lib/libSDL.a(SDL_events.o)
                0x00000000001072dc                SDL_StopEventLoop
 .text.SDL_StartEventLoop
                0x0000000000107354      0x1a4 /Users/andreuschmann/devkitPro/portlibs/3ds/lib/libSDL.a(SDL_events.o)
                0x0000000000107354                SDL_StartEventLoop
 .text.SDL_PeepEvents
                0x00000000001074f8      0x2a4 /Users/andreuschmann/devkitPro/portlibs/3ds/lib/libSDL.a(SDL_events.o)
                0x00000000001074f8                SDL_PeepEvents
 .text.SDL_PollEvent
                0x000000000010779c      0x1e8 /Users/andreuschmann/devkitPro/portlibs/3ds/lib/libSDL.a(SDL_events.o)
                0x000000000010779c                SDL_PollEvent
 .text.SDL_PushEvent
                0x0000000000107984       0xe8 /Users/andreuschmann/devkitPro/portlibs/3ds/lib/libSDL.a(SDL_events.o)
                0x0000000000107984                SDL_PushEvent
 .text.SDL_KeyboardInit
                0x0000000000107a6c      0xbb8 /Users/andreuschmann/devkitPro/portlibs/3ds/lib/libSDL.a(SDL_keyboard.o)
                0x0000000000107a6c                SDL_KeyboardInit
 .text.SDL_KeyboardQuit
                0x0000000000108624        0x4 /Users/andreuschmann/devkitPro/portlibs/3ds/lib/libSDL.a(SDL_keyboard.o)
                0x0000000000108624                SDL_KeyboardQuit
 .text.SDL_ResetKeyboard
                0x0000000000108628      0x20c /Users/andreuschmann/devkitPro/portlibs/3ds/lib/libSDL.a(SDL_keyboard.o)
                0x0000000000108628                SDL_ResetKeyboard
 .text.SDL_PrivateKeyboard
                0x0000000000108834      0x37c /Users/andreuschmann/devkitPro/portlibs/3ds/lib/libSDL.a(SDL_keyboard.o)
                0x0000000000108834                SDL_PrivateKeyboard
 .text.SDL_CheckKeyRepeat
                0x0000000000108bb0       0x90 /Users/andreuschmann/devkitPro/portlibs/3ds/lib/libSDL.a(SDL_keyboard.o)
                0x0000000000108bb0                SDL_CheckKeyRepeat
 .text.SDL_MouseInit
                0x0000000000108c40       0x60 /Users/andreuschmann/devkitPro/portlibs/3ds/lib/libSDL.a(SDL_mouse.o)
                0x0000000000108c40                SDL_MouseInit
 .text.SDL_MouseQuit
                0x0000000000108ca0        0x4 /Users/andreuschmann/devkitPro/portlibs/3ds/lib/libSDL.a(SDL_mouse.o)
                0x0000000000108ca0                SDL_MouseQuit
 .text.SDL_ResetMouse
                0x0000000000108ca4      0x3f4 /Users/andreuschmann/devkitPro/portlibs/3ds/lib/libSDL.a(SDL_mouse.o)
                0x0000000000108ca4                SDL_ResetMouse
 .text.SDL_GetMouseState
                0x0000000000109098       0x38 /Users/andreuschmann/devkitPro/portlibs/3ds/lib/libSDL.a(SDL_mouse.o)
                0x0000000000109098                SDL_GetMouseState
 .text.SDL_GetRelativeMouseState
                0x00000000001090d0       0x44 /Users/andreuschmann/devkitPro/portlibs/3ds/lib/libSDL.a(SDL_mouse.o)
                0x00000000001090d0                SDL_GetRelativeMouseState
 .text.SDL_SetMouseRange
                0x0000000000109114       0x1c /Users/andreuschmann/devkitPro/portlibs/3ds/lib/libSDL.a(SDL_mouse.o)
                0x0000000000109114                SDL_SetMouseRange
 .text.SDL_PrivateMouseMotion
                0x0000000000109130      0x20c /Users/andreuschmann/devkitPro/portlibs/3ds/lib/libSDL.a(SDL_mouse.o)
                0x0000000000109130                SDL_PrivateMouseMotion
 .text.SDL_PrivateMouseButton
                0x000000000010933c      0x22c /Users/andreuschmann/devkitPro/portlibs/3ds/lib/libSDL.a(SDL_mouse.o)
                0x000000000010933c                SDL_PrivateMouseButton
 .text.SDL_HandleSIG
                0x0000000000109568       0x70 /Users/andreuschmann/devkitPro/portlibs/3ds/lib/libSDL.a(SDL_quit.o)
 .text.SDL_QuitInit
                0x00000000001095d8       0x48 /Users/andreuschmann/devkitPro/portlibs/3ds/lib/libSDL.a(SDL_quit.o)
                0x00000000001095d8                SDL_QuitInit
 .text.SDL_QuitQuit
                0x0000000000109620       0x50 /Users/andreuschmann/devkitPro/portlibs/3ds/lib/libSDL.a(SDL_quit.o)
                0x0000000000109620                SDL_QuitQuit
 .text.stdio_write
                0x0000000000109670       0x4c /Users/andreuschmann/devkitPro/portlibs/3ds/lib/libSDL.a(SDL_rwops.o)
 .text.stdio_read
                0x00000000001096bc       0x4c /Users/andreuschmann/devkitPro/portlibs/3ds/lib/libSDL.a(SDL_rwops.o)
 .text.stdio_seek
                0x0000000000109708       0x4c /Users/andreuschmann/devkitPro/portlibs/3ds/lib/libSDL.a(SDL_rwops.o)
 .text.stdio_close
                0x0000000000109754       0x34 /Users/andreuschmann/devkitPro/portlibs/3ds/lib/libSDL.a(SDL_rwops.o)
 .text.SDL_RWFromFile
                0x0000000000109788       0xb4 /Users/andreuschmann/devkitPro/portlibs/3ds/lib/libSDL.a(SDL_rwops.o)
                0x0000000000109788                SDL_RWFromFile
 .text.SDL_ReadLE16
                0x000000000010983c       0x28 /Users/andreuschmann/devkitPro/portlibs/3ds/lib/libSDL.a(SDL_rwops.o)
                0x000000000010983c                SDL_ReadLE16
 .text.SDL_ReadLE32
                0x0000000000109864       0x28 /Users/andreuschmann/devkitPro/portlibs/3ds/lib/libSDL.a(SDL_rwops.o)
                0x0000000000109864                SDL_ReadLE32
 .text.SDL_GetErrBuf
                0x000000000010988c       0xa8 /Users/andreuschmann/devkitPro/portlibs/3ds/lib/libSDL.a(SDL_thread.o)
                0x000000000010988c                SDL_GetErrBuf
 .text.SDL_RunThread
                0x0000000000109934       0x3c /Users/andreuschmann/devkitPro/portlibs/3ds/lib/libSDL.a(SDL_thread.o)
                0x0000000000109934                SDL_RunThread
 .text.SDL_CreateThread
                0x0000000000109970      0x238 /Users/andreuschmann/devkitPro/portlibs/3ds/lib/libSDL.a(SDL_thread.o)
                0x0000000000109970                SDL_CreateThread
 .text.SDL_WaitThread
                0x0000000000109ba8      0x10c /Users/andreuschmann/devkitPro/portlibs/3ds/lib/libSDL.a(SDL_thread.o)
                0x0000000000109ba8                SDL_WaitThread
 .text.SDL_SetTimerThreaded
                0x0000000000109cb4       0x44 /Users/andreuschmann/devkitPro/portlibs/3ds/lib/libSDL.a(SDL_timer.o)
                0x0000000000109cb4                SDL_SetTimerThreaded
 .text.SDL_TimerQuit
                0x0000000000109cf8      0x110 /Users/andreuschmann/devkitPro/portlibs/3ds/lib/libSDL.a(SDL_timer.o)
                0x0000000000109cf8                SDL_TimerQuit
 .text.SDL_TimerInit
                0x0000000000109e08       0x74 /Users/andreuschmann/devkitPro/portlibs/3ds/lib/libSDL.a(SDL_timer.o)
                0x0000000000109e08                SDL_TimerInit
 .text.SDL_ThreadedTimerCheck
                0x0000000000109e7c      0x134 /Users/andreuschmann/devkitPro/portlibs/3ds/lib/libSDL.a(SDL_timer.o)
                0x0000000000109e7c                SDL_ThreadedTimerCheck
 .text.SDL_LoadBMP_RW
                0x0000000000109fb0      0x738 /Users/andreuschmann/devkitPro/portlibs/3ds/lib/libSDL.a(SDL_bmp.o)
                0x0000000000109fb0                SDL_LoadBMP_RW
 .text.SDL_DrawCursorNoLock
                0x000000000010a6e8      0xa5c /Users/andreuschmann/devkitPro/portlibs/3ds/lib/libSDL.a(SDL_cursor.o)
                0x000000000010a6e8                SDL_DrawCursorNoLock
 .text.SDL_DrawCursor
                0x000000000010b144      0x180 /Users/andreuschmann/devkitPro/portlibs/3ds/lib/libSDL.a(SDL_cursor.o)
                0x000000000010b144                SDL_DrawCursor
 .text.SDL_EraseCursor
                0x000000000010b2c4      0x358 /Users/andreuschmann/devkitPro/portlibs/3ds/lib/libSDL.a(SDL_cursor.o)
                0x000000000010b2c4                SDL_EraseCursor
 .text.SDL_SetCursor
                0x000000000010b61c      0x1bc /Users/andreuschmann/devkitPro/portlibs/3ds/lib/libSDL.a(SDL_cursor.o)
                0x000000000010b61c                SDL_SetCursor
 .text.SDL_FreeCursor
                0x000000000010b7d8       0xa0 /Users/andreuschmann/devkitPro/portlibs/3ds/lib/libSDL.a(SDL_cursor.o)
                0x000000000010b7d8                SDL_FreeCursor
 .text.SDL_CursorInit
                0x000000000010b878      0x180 /Users/andreuschmann/devkitPro/portlibs/3ds/lib/libSDL.a(SDL_cursor.o)
                0x000000000010b878                SDL_CursorInit
 .text.SDL_CursorQuit
                0x000000000010b9f8      0x154 /Users/andreuschmann/devkitPro/portlibs/3ds/lib/libSDL.a(SDL_cursor.o)
                0x000000000010b9f8                SDL_CursorQuit
 .text.SDL_MoveCursor
                0x000000000010bb4c       0xbc /Users/andreuschmann/devkitPro/portlibs/3ds/lib/libSDL.a(SDL_cursor.o)
                0x000000000010bb4c                SDL_MoveCursor
 .text.SDL_ShowCursor
                0x000000000010bc08      0x1c0 /Users/andreuschmann/devkitPro/portlibs/3ds/lib/libSDL.a(SDL_cursor.o)
                0x000000000010bc08                SDL_ShowCursor
 .text.SDL_ResetCursor
                0x000000000010bdc8       0x34 /Users/andreuschmann/devkitPro/portlibs/3ds/lib/libSDL.a(SDL_cursor.o)
                0x000000000010bdc8                SDL_ResetCursor
 .text.Map1to1  0x000000000010bdfc      0x12c /Users/andreuschmann/devkitPro/portlibs/3ds/lib/libSDL.a(SDL_pixels.o)
 .text.MapNto1.isra.2
                0x000000000010bf28       0xa4 /Users/andreuschmann/devkitPro/portlibs/3ds/lib/libSDL.a(SDL_pixels.o)
 .text.SDL_AllocFormat
                0x000000000010bfcc      0x5a8 /Users/andreuschmann/devkitPro/portlibs/3ds/lib/libSDL.a(SDL_pixels.o)
                0x000000000010bfcc                SDL_AllocFormat
 .text.SDL_ReallocFormat
                0x000000000010c574       0xd0 /Users/andreuschmann/devkitPro/portlibs/3ds/lib/libSDL.a(SDL_pixels.o)
                0x000000000010c574                SDL_ReallocFormat
 .text.SDL_FormatChanged
                0x000000000010c644       0x5c /Users/andreuschmann/devkitPro/portlibs/3ds/lib/libSDL.a(SDL_pixels.o)
                0x000000000010c644                SDL_FormatChanged
 .text.SDL_FreeFormat
                0x000000000010c6a0       0x40 /Users/andreuschmann/devkitPro/portlibs/3ds/lib/libSDL.a(SDL_pixels.o)
                0x000000000010c6a0                SDL_FreeFormat
 .text.SDL_DitherColors
                0x000000000010c6e0       0x60 /Users/andreuschmann/devkitPro/portlibs/3ds/lib/libSDL.a(SDL_pixels.o)
                0x000000000010c6e0                SDL_DitherColors
 .text.SDL_CalculatePitch
                0x000000000010c740       0x54 /Users/andreuschmann/devkitPro/portlibs/3ds/lib/libSDL.a(SDL_pixels.o)
                0x000000000010c740                SDL_CalculatePitch
 .text.SDL_MapRGB
                0x000000000010c794       0xbc /Users/andreuschmann/devkitPro/portlibs/3ds/lib/libSDL.a(SDL_pixels.o)
                0x000000000010c794                SDL_MapRGB
 .text.SDL_MapRGBA
                0x000000000010c850       0xd0 /Users/andreuschmann/devkitPro/portlibs/3ds/lib/libSDL.a(SDL_pixels.o)
                0x000000000010c850                SDL_MapRGBA
 .text.SDL_GetRGB
                0x000000000010c920       0xd0 /Users/andreuschmann/devkitPro/portlibs/3ds/lib/libSDL.a(SDL_pixels.o)
                0x000000000010c920                SDL_GetRGB
 .text.SDL_AllocBlitMap
                0x000000000010c9f0       0x8c /Users/andreuschmann/devkitPro/portlibs/3ds/lib/libSDL.a(SDL_pixels.o)
                0x000000000010c9f0                SDL_AllocBlitMap
 .text.SDL_InvalidateMap
                0x000000000010ca7c       0x34 /Users/andreuschmann/devkitPro/portlibs/3ds/lib/libSDL.a(SDL_pixels.o)
                0x000000000010ca7c                SDL_InvalidateMap
 .text.SDL_MapSurface
                0x000000000010cab0      0x32c /Users/andreuschmann/devkitPro/portlibs/3ds/lib/libSDL.a(SDL_pixels.o)
                0x000000000010cab0                SDL_MapSurface
 .text.SDL_FreeBlitMap
                0x000000000010cddc       0x4c /Users/andreuschmann/devkitPro/portlibs/3ds/lib/libSDL.a(SDL_pixels.o)
                0x000000000010cddc                SDL_FreeBlitMap
 .text.SDL_SetColorKey
                0x000000000010ce28      0x108 /Users/andreuschmann/devkitPro/portlibs/3ds/lib/libSDL.a(SDL_surface.o)
                0x000000000010ce28                SDL_SetColorKey
 .text.SDL_SetAlpha
                0x000000000010cf30      0x18c /Users/andreuschmann/devkitPro/portlibs/3ds/lib/libSDL.a(SDL_surface.o)
                0x000000000010cf30                SDL_SetAlpha
 .text.SDL_SetClipRect
                0x000000000010d0bc       0xac /Users/andreuschmann/devkitPro/portlibs/3ds/lib/libSDL.a(SDL_surface.o)
                0x000000000010d0bc                SDL_SetClipRect
 .text.SDL_LowerBlit
                0x000000000010d168      0x120 /Users/andreuschmann/devkitPro/portlibs/3ds/lib/libSDL.a(SDL_surface.o)
                0x000000000010d168                SDL_LowerBlit
 .text.SDL_UpperBlit
                0x000000000010d288      0x1c8 /Users/andreuschmann/devkitPro/portlibs/3ds/lib/libSDL.a(SDL_surface.o)
                0x000000000010d288                SDL_UpperBlit
 .text.SDL_FillRect
                0x000000000010d450      0x554 /Users/andreuschmann/devkitPro/portlibs/3ds/lib/libSDL.a(SDL_surface.o)
                0x000000000010d450                SDL_FillRect
 .text.SDL_LockSurface
                0x000000000010d9a4       0x9c /Users/andreuschmann/devkitPro/portlibs/3ds/lib/libSDL.a(SDL_surface.o)
                0x000000000010d9a4                SDL_LockSurface
 .text.SDL_UnlockSurface
                0x000000000010da40       0x64 /Users/andreuschmann/devkitPro/portlibs/3ds/lib/libSDL.a(SDL_surface.o)
                0x000000000010da40                SDL_UnlockSurface
 .text.SDL_FreeSurface
                0x000000000010daa4      0x14c /Users/andreuschmann/devkitPro/portlibs/3ds/lib/libSDL.a(SDL_surface.o)
                0x000000000010daa4                SDL_FreeSurface
 .text.SDL_CreateRGBSurface
                0x000000000010dbf0      0x24c /Users/andreuschmann/devkitPro/portlibs/3ds/lib/libSDL.a(SDL_surface.o)
                0x000000000010dbf0                SDL_CreateRGBSurface
 .text.SDL_ConvertSurface
                0x000000000010de3c      0x378 /Users/andreuschmann/devkitPro/portlibs/3ds/lib/libSDL.a(SDL_surface.o)
                0x000000000010de3c                SDL_ConvertSurface
 .text.SDL_GetVideoInfo
                0x000000000010e1b4       0x18 /Users/andreuschmann/devkitPro/portlibs/3ds/lib/libSDL.a(SDL_video.o)
                0x000000000010e1b4                SDL_GetVideoInfo
 .text.SDL_VideoModeOK
                0x000000000010e1cc      0x164 /Users/andreuschmann/devkitPro/portlibs/3ds/lib/libSDL.a(SDL_video.o)
                0x000000000010e1cc                SDL_VideoModeOK
 .text.SDL_DisplayFormat
                0x000000000010e330       0x5c /Users/andreuschmann/devkitPro/portlibs/3ds/lib/libSDL.a(SDL_video.o)
                0x000000000010e330                SDL_DisplayFormat
 .text.SDL_Flip
                0x000000000010e38c      0x2e0 /Users/andreuschmann/devkitPro/portlibs/3ds/lib/libSDL.a(SDL_video.o)
                0x000000000010e38c                SDL_Flip
 .text.SDL_VideoQuit
                0x000000000010e66c      0x160 /Users/andreuschmann/devkitPro/portlibs/3ds/lib/libSDL.a(SDL_video.o)
                0x000000000010e66c                SDL_VideoQuit
 .text.SDL_VideoInit
                0x000000000010e7cc      0x20c /Users/andreuschmann/devkitPro/portlibs/3ds/lib/libSDL.a(SDL_video.o)
                0x000000000010e7cc                SDL_VideoInit
 .text.SDL_WM_GrabInput
                0x000000000010e9d8       0xf0 /Users/andreuschmann/devkitPro/portlibs/3ds/lib/libSDL.a(SDL_video.o)
                0x000000000010e9d8                SDL_WM_GrabInput
 .text.SDL_SetVideoMode
                0x000000000010eac8      0x840 /Users/andreuschmann/devkitPro/portlibs/3ds/lib/libSDL.a(SDL_video.o)
                0x000000000010eac8                SDL_SetVideoMode
 .text.SDL_JoystickClose.part.1
                0x000000000010f308       0xe8 /Users/andreuschmann/devkitPro/portlibs/3ds/lib/libSDL.a(SDL_joystick.o)
 .text.SDL_JoystickInit
                0x000000000010f3f0       0x68 /Users/andreuschmann/devkitPro/portlibs/3ds/lib/libSDL.a(SDL_joystick.o)
                0x000000000010f3f0                SDL_JoystickInit
 .text.SDL_JoystickQuit
                0x000000000010f458       0xa4 /Users/andreuschmann/devkitPro/portlibs/3ds/lib/libSDL.a(SDL_joystick.o)
                0x000000000010f458                SDL_JoystickQuit
 .text.SDL_PrivateJoystickAxis
                0x000000000010f4fc       0x9c /Users/andreuschmann/devkitPro/portlibs/3ds/lib/libSDL.a(SDL_joystick.o)
                0x000000000010f4fc                SDL_PrivateJoystickAxis
 .text.SDL_PrivateJoystickButton
                0x000000000010f598       0xac /Users/andreuschmann/devkitPro/portlibs/3ds/lib/libSDL.a(SDL_joystick.o)
                0x000000000010f598                SDL_PrivateJoystickButton
 .text.SDL_JoystickUpdate
                0x000000000010f644       0x3c /Users/andreuschmann/devkitPro/portlibs/3ds/lib/libSDL.a(SDL_joystick.o)
                0x000000000010f644                SDL_JoystickUpdate
 .text.SDL_StartTicks
                0x000000000010f680       0x10 /Users/andreuschmann/devkitPro/portlibs/3ds/lib/libSDL.a(SDL_systimer.o)
                0x000000000010f680                SDL_StartTicks
 .text.SDL_GetTicks
                0x000000000010f690       0x58 /Users/andreuschmann/devkitPro/portlibs/3ds/lib/libSDL.a(SDL_systimer.o)
                0x000000000010f690                SDL_GetTicks
 .text.SDL_Delay
                0x000000000010f6e8       0x10 /Users/andreuschmann/devkitPro/portlibs/3ds/lib/libSDL.a(SDL_systimer.o)
                0x000000000010f6e8                SDL_Delay
 .text.SDL_SYS_TimerInit
                0x000000000010f6f8        0x8 /Users/andreuschmann/devkitPro/portlibs/3ds/lib/libSDL.a(SDL_systimer.o)
                0x000000000010f6f8                SDL_SYS_TimerInit
 .text.SDL_SYS_TimerQuit
                0x000000000010f700        0x4 /Users/andreuschmann/devkitPro/portlibs/3ds/lib/libSDL.a(SDL_systimer.o)
                0x000000000010f700                SDL_SYS_TimerQuit
 .text.SDL_SYS_StopTimer
                0x000000000010f704        0x4 /Users/andreuschmann/devkitPro/portlibs/3ds/lib/libSDL.a(SDL_systimer.o)
                0x000000000010f704                SDL_SYS_StopTimer
 .text.N3DSAUD_Available
                0x000000000010f708        0x8 /Users/andreuschmann/devkitPro/portlibs/3ds/lib/libSDL.a(SDL_n3dsaudio.o)
 .text.N3DSAUD_GetAudioBuf
                0x000000000010f710        0xc /Users/andreuschmann/devkitPro/portlibs/3ds/lib/libSDL.a(SDL_n3dsaudio.o)
 .text.N3DSAUD_CreateDevice
                0x000000000010f71c       0xa8 /Users/andreuschmann/devkitPro/portlibs/3ds/lib/libSDL.a(SDL_n3dsaudio.o)
 .text.N3DSAUD_CloseAudio
                0x000000000010f7c4       0x40 /Users/andreuschmann/devkitPro/portlibs/3ds/lib/libSDL.a(SDL_n3dsaudio.o)
 .text.N3DSAUD_DeleteDevice
                0x000000000010f804       0x48 /Users/andreuschmann/devkitPro/portlibs/3ds/lib/libSDL.a(SDL_n3dsaudio.o)
 .text.N3DSAUD_OpenAudio
                0x000000000010f84c      0x258 /Users/andreuschmann/devkitPro/portlibs/3ds/lib/libSDL.a(SDL_n3dsaudio.o)
 .text.N3DSAUD_PlayAudio
                0x000000000010faa4       0xa4 /Users/andreuschmann/devkitPro/portlibs/3ds/lib/libSDL.a(SDL_n3dsaudio.o)
 .text.N3DSAUD_WaitAudio
                0x000000000010fb48       0x88 /Users/andreuschmann/devkitPro/portlibs/3ds/lib/libSDL.a(SDL_n3dsaudio.o)
 .text.SDL_SYS_JoystickInit
                0x000000000010fbd0       0x18 /Users/andreuschmann/devkitPro/portlibs/3ds/lib/libSDL.a(SDL_sysjoystick.o)
                0x000000000010fbd0                SDL_SYS_JoystickInit
 .text.SDL_SYS_JoystickUpdate
                0x000000000010fbe8      0x2cc /Users/andreuschmann/devkitPro/portlibs/3ds/lib/libSDL.a(SDL_sysjoystick.o)
                0x000000000010fbe8                SDL_SYS_JoystickUpdate
 .text.SDL_SYS_JoystickClose
                0x000000000010feb4        0x4 /Users/andreuschmann/devkitPro/portlibs/3ds/lib/libSDL.a(SDL_sysjoystick.o)
                0x000000000010feb4                SDL_SYS_JoystickClose
 .text.SDL_SYS_JoystickQuit
                0x000000000010feb8        0x4 /Users/andreuschmann/devkitPro/portlibs/3ds/lib/libSDL.a(SDL_sysjoystick.o)
                0x000000000010feb8                SDL_SYS_JoystickQuit
 .text.SDL_CreateMutex
                0x000000000010febc       0x5c /Users/andreuschmann/devkitPro/portlibs/3ds/lib/libSDL.a(SDL_sysmutex.o)
                0x000000000010febc                SDL_CreateMutex
 .text.SDL_DestroyMutex
                0x000000000010ff18       0x28 /Users/andreuschmann/devkitPro/portlibs/3ds/lib/libSDL.a(SDL_sysmutex.o)
                0x000000000010ff18                SDL_DestroyMutex
 .text.SDL_mutexP
                0x000000000010ff40       0x60 /Users/andreuschmann/devkitPro/portlibs/3ds/lib/libSDL.a(SDL_sysmutex.o)
                0x000000000010ff40                SDL_mutexP
 .text.SDL_mutexV
                0x000000000010ffa0       0x78 /Users/andreuschmann/devkitPro/portlibs/3ds/lib/libSDL.a(SDL_sysmutex.o)
                0x000000000010ffa0                SDL_mutexV
 .text.SDL_CreateSemaphore
                0x0000000000110018       0x38 /Users/andreuschmann/devkitPro/portlibs/3ds/lib/libSDL.a(SDL_syssem.o)
                0x0000000000110018                SDL_CreateSemaphore
 .text.SDL_DestroySemaphore
                0x0000000000110050       0x34 /Users/andreuschmann/devkitPro/portlibs/3ds/lib/libSDL.a(SDL_syssem.o)
                0x0000000000110050                SDL_DestroySemaphore
 .text.SDL_SemWait
                0x0000000000110084       0x3c /Users/andreuschmann/devkitPro/portlibs/3ds/lib/libSDL.a(SDL_syssem.o)
                0x0000000000110084                SDL_SemWait
 .text.SDL_SemPost
                0x00000000001100c0       0x5c /Users/andreuschmann/devkitPro/portlibs/3ds/lib/libSDL.a(SDL_syssem.o)
                0x00000000001100c0                SDL_SemPost
 .text.ThreadEntry
                0x000000000011011c        0x4 /Users/andreuschmann/devkitPro/portlibs/3ds/lib/libSDL.a(SDL_systhread.o)
                0x000000000011011c                ThreadEntry
 .text.SDL_SYS_CreateThread
                0x0000000000110120       0xac /Users/andreuschmann/devkitPro/portlibs/3ds/lib/libSDL.a(SDL_systhread.o)
                0x0000000000110120                SDL_SYS_CreateThread
 .text.SDL_SYS_SetupThread
                0x00000000001101cc        0x4 /Users/andreuschmann/devkitPro/portlibs/3ds/lib/libSDL.a(SDL_systhread.o)
                0x00000000001101cc                SDL_SYS_SetupThread
 .text.SDL_ThreadID
                0x00000000001101d0       0x28 /Users/andreuschmann/devkitPro/portlibs/3ds/lib/libSDL.a(SDL_systhread.o)
                0x00000000001101d0                SDL_ThreadID
 .text.SDL_SYS_WaitThread
                0x00000000001101f8       0x10 /Users/andreuschmann/devkitPro/portlibs/3ds/lib/libSDL.a(SDL_systhread.o)
                0x00000000001101f8                SDL_SYS_WaitThread
 .text.task_apt_hook
                0x0000000000110208       0x58 /Users/andreuschmann/devkitPro/portlibs/3ds/lib/libSDL.a(SDL_n3dsevents.o)
 .text.task_init
                0x0000000000110260       0x3c /Users/andreuschmann/devkitPro/portlibs/3ds/lib/libSDL.a(SDL_n3dsevents.o)
                0x0000000000110260                task_init
 .text.task_exit
                0x000000000011029c        0xc /Users/andreuschmann/devkitPro/portlibs/3ds/lib/libSDL.a(SDL_n3dsevents.o)
                0x000000000011029c                task_exit
 .text.N3DS_PumpEvents
                0x00000000001102a8      0x230 /Users/andreuschmann/devkitPro/portlibs/3ds/lib/libSDL.a(SDL_n3dsevents.o)
                0x00000000001102a8                N3DS_PumpEvents
 .text.N3DS_InitOSKeymap
                0x00000000001104d8       0xcc /Users/andreuschmann/devkitPro/portlibs/3ds/lib/libSDL.a(SDL_n3dsevents.o)
                0x00000000001104d8                N3DS_InitOSKeymap
 .text.N3DS_Available
                0x00000000001105a4        0x8 /Users/andreuschmann/devkitPro/portlibs/3ds/lib/libSDL.a(SDL_n3dsvideo.o)
 .text.N3DS_ListModes
                0x00000000001105ac        0x8 /Users/andreuschmann/devkitPro/portlibs/3ds/lib/libSDL.a(SDL_n3dsvideo.o)
 .text.N3DS_AllocHWSurface
                0x00000000001105b4        0x8 /Users/andreuschmann/devkitPro/portlibs/3ds/lib/libSDL.a(SDL_n3dsvideo.o)
 .text.N3DS_LockHWSurface
                0x00000000001105bc        0x8 /Users/andreuschmann/devkitPro/portlibs/3ds/lib/libSDL.a(SDL_n3dsvideo.o)
 .text.N3DS_UnlockHWSurface
                0x00000000001105c4        0x4 /Users/andreuschmann/devkitPro/portlibs/3ds/lib/libSDL.a(SDL_n3dsvideo.o)
 .text.N3DS_SetColors
                0x00000000001105c8       0x58 /Users/andreuschmann/devkitPro/portlibs/3ds/lib/libSDL.a(SDL_n3dsvideo.o)
 .text.N3DS_DeleteDevice
                0x0000000000110620       0x24 /Users/andreuschmann/devkitPro/portlibs/3ds/lib/libSDL.a(SDL_n3dsvideo.o)
 .text.N3DS_CreateDevice
                0x0000000000110644      0x150 /Users/andreuschmann/devkitPro/portlibs/3ds/lib/libSDL.a(SDL_n3dsvideo.o)
 .text.N3DS_VideoInit
                0x0000000000110794       0x54 /Users/andreuschmann/devkitPro/portlibs/3ds/lib/libSDL.a(SDL_n3dsvideo.o)
 .text.N3DS_UpdateRects.part.6
                0x00000000001107e8      0x194 /Users/andreuschmann/devkitPro/portlibs/3ds/lib/libSDL.a(SDL_n3dsvideo.o)
 .text.N3DS_FlipHWSurface
                0x000000000011097c       0x40 /Users/andreuschmann/devkitPro/portlibs/3ds/lib/libSDL.a(SDL_n3dsvideo.o)
 .text.N3DS_UpdateRects
                0x00000000001109bc       0x2c /Users/andreuschmann/devkitPro/portlibs/3ds/lib/libSDL.a(SDL_n3dsvideo.o)
 .text.N3DS_FreeHWSurface
                0x00000000001109e8        0x4 /Users/andreuschmann/devkitPro/portlibs/3ds/lib/libSDL.a(SDL_n3dsvideo.o)
 .text.N3DS_VideoQuit
                0x00000000001109ec       0xf4 /Users/andreuschmann/devkitPro/portlibs/3ds/lib/libSDL.a(SDL_n3dsvideo.o)
 .text.N3DS_ToggleFullScreen
                0x0000000000110ae0       0xe8 /Users/andreuschmann/devkitPro/portlibs/3ds/lib/libSDL.a(SDL_n3dsvideo.o)
                0x0000000000110ae0                N3DS_ToggleFullScreen
 .text.N3DS_SetVideoMode
                0x0000000000110bc8      0x968 /Users/andreuschmann/devkitPro/portlibs/3ds/lib/libSDL.a(SDL_n3dsvideo.o)
 .text.drawTexture
                0x0000000000111530      0x120 /Users/andreuschmann/devkitPro/portlibs/3ds/lib/libSDL.a(SDL_n3dsvideo.o)
                0x0000000000111530                drawTexture
 .text.videoThread
                0x0000000000111650      0x328 /Users/andreuschmann/devkitPro/portlibs/3ds/lib/libSDL.a(SDL_n3dsvideo.o)
 .text.SDL_AppActiveInit
                0x0000000000111978       0x18 /Users/andreuschmann/devkitPro/portlibs/3ds/lib/libSDL.a(SDL_active.o)
                0x0000000000111978                SDL_AppActiveInit
 .text.SDL_AppActiveQuit
                0x0000000000111990        0x4 /Users/andreuschmann/devkitPro/portlibs/3ds/lib/libSDL.a(SDL_active.o)
                0x0000000000111990                SDL_AppActiveQuit
 .text.SDL_PrivateResize
                0x0000000000111994       0xe0 /Users/andreuschmann/devkitPro/portlibs/3ds/lib/libSDL.a(SDL_resize.o)
                0x0000000000111994                SDL_PrivateResize
 .text.SDL_revcpy
                0x0000000000111a74       0x2c /Users/andreuschmann/devkitPro/portlibs/3ds/lib/libSDL.a(SDL_string.o)
                0x0000000000111a74                SDL_revcpy
 .text.SDL_memcmp
                0x0000000000111aa0       0x4c /Users/andreuschmann/devkitPro/portlibs/3ds/lib/libSDL.a(SDL_string.o)
                0x0000000000111aa0                SDL_memcmp
 .text.copy_opaque_16
                0x0000000000111aec      0x10c /Users/andreuschmann/devkitPro/portlibs/3ds/lib/libSDL.a(SDL_RLEaccel.o)
 .text.uncopy_opaque_16
                0x0000000000111bf8       0xd0 /Users/andreuschmann/devkitPro/portlibs/3ds/lib/libSDL.a(SDL_RLEaccel.o)
 .text.copy_transl_565
                0x0000000000111cc8       0xc4 /Users/andreuschmann/devkitPro/portlibs/3ds/lib/libSDL.a(SDL_RLEaccel.o)
 .text.copy_transl_555
                0x0000000000111d8c       0xc4 /Users/andreuschmann/devkitPro/portlibs/3ds/lib/libSDL.a(SDL_RLEaccel.o)
 .text.uncopy_transl_16
                0x0000000000111e50       0xc8 /Users/andreuschmann/devkitPro/portlibs/3ds/lib/libSDL.a(SDL_RLEaccel.o)
 .text.copy_32  0x0000000000111f18       0xa8 /Users/andreuschmann/devkitPro/portlibs/3ds/lib/libSDL.a(SDL_RLEaccel.o)
 .text.uncopy_32
                0x0000000000111fc0       0xbc /Users/andreuschmann/devkitPro/portlibs/3ds/lib/libSDL.a(SDL_RLEaccel.o)
 .text.getpix_8
                0x000000000011207c        0x8 /Users/andreuschmann/devkitPro/portlibs/3ds/lib/libSDL.a(SDL_RLEaccel.o)
 .text.getpix_16
                0x0000000000112084        0x8 /Users/andreuschmann/devkitPro/portlibs/3ds/lib/libSDL.a(SDL_RLEaccel.o)
 .text.getpix_24
                0x000000000011208c       0x18 /Users/andreuschmann/devkitPro/portlibs/3ds/lib/libSDL.a(SDL_RLEaccel.o)
 .text.getpix_32
                0x00000000001120a4        0x8 /Users/andreuschmann/devkitPro/portlibs/3ds/lib/libSDL.a(SDL_RLEaccel.o)
 .text.SDL_RLEBlit
                0x00000000001120ac     0x253c /Users/andreuschmann/devkitPro/portlibs/3ds/lib/libSDL.a(SDL_RLEaccel.o)
                0x00000000001120ac                SDL_RLEBlit
 .text.SDL_RLEAlphaBlit
                0x00000000001145e8      0x974 /Users/andreuschmann/devkitPro/portlibs/3ds/lib/libSDL.a(SDL_RLEaccel.o)
                0x00000000001145e8                SDL_RLEAlphaBlit
 .text.SDL_UnRLESurface
                0x0000000000114f5c      0x298 /Users/andreuschmann/devkitPro/portlibs/3ds/lib/libSDL.a(SDL_RLEaccel.o)
                0x0000000000114f5c                SDL_UnRLESurface
 .text.SDL_RLESurface
                0x00000000001151f4      0xd60 /Users/andreuschmann/devkitPro/portlibs/3ds/lib/libSDL.a(SDL_RLEaccel.o)
                0x00000000001151f4                SDL_RLESurface
 .text.SDL_SoftBlit
                0x0000000000115f54      0x1b4 /Users/andreuschmann/devkitPro/portlibs/3ds/lib/libSDL.a(SDL_blit.o)
 .text.SDL_BlitCopyOverlap
                0x0000000000116108       0xa4 /Users/andreuschmann/devkitPro/portlibs/3ds/lib/libSDL.a(SDL_blit.o)
 .text.SDL_BlitCopy
                0x00000000001161ac       0x5c /Users/andreuschmann/devkitPro/portlibs/3ds/lib/libSDL.a(SDL_blit.o)
 .text.SDL_CalculateBlit
                0x0000000000116208      0x35c /Users/andreuschmann/devkitPro/portlibs/3ds/lib/libSDL.a(SDL_blit.o)
                0x0000000000116208                SDL_CalculateBlit
 .text.BlitBto1
                0x0000000000116564      0x114 /Users/andreuschmann/devkitPro/portlibs/3ds/lib/libSDL.a(SDL_blit_0.o)
 .text.BlitBto2
                0x0000000000116678       0xac /Users/andreuschmann/devkitPro/portlibs/3ds/lib/libSDL.a(SDL_blit_0.o)
 .text.BlitBto3
                0x0000000000116724       0xbc /Users/andreuschmann/devkitPro/portlibs/3ds/lib/libSDL.a(SDL_blit_0.o)
 .text.BlitBto4
                0x00000000001167e0       0xb0 /Users/andreuschmann/devkitPro/portlibs/3ds/lib/libSDL.a(SDL_blit_0.o)
 .text.BlitBto1Key
                0x0000000000116890      0x134 /Users/andreuschmann/devkitPro/portlibs/3ds/lib/libSDL.a(SDL_blit_0.o)
 .text.BlitBto2Key
                0x00000000001169c4       0xc4 /Users/andreuschmann/devkitPro/portlibs/3ds/lib/libSDL.a(SDL_blit_0.o)
 .text.BlitBto4Key
                0x0000000000116a88       0xb8 /Users/andreuschmann/devkitPro/portlibs/3ds/lib/libSDL.a(SDL_blit_0.o)
 .text.BlitBtoNAlpha
                0x0000000000116b40      0x28c /Users/andreuschmann/devkitPro/portlibs/3ds/lib/libSDL.a(SDL_blit_0.o)
 .text.BlitBtoNAlphaKey
                0x0000000000116dcc      0x2a8 /Users/andreuschmann/devkitPro/portlibs/3ds/lib/libSDL.a(SDL_blit_0.o)
 .text.BlitBto3Key
                0x0000000000117074       0xb4 /Users/andreuschmann/devkitPro/portlibs/3ds/lib/libSDL.a(SDL_blit_0.o)
 .text.SDL_CalculateBlit0
                0x0000000000117128       0xb4 /Users/andreuschmann/devkitPro/portlibs/3ds/lib/libSDL.a(SDL_blit_0.o)
                0x0000000000117128                SDL_CalculateBlit0
 .text.Blit1to1
                0x00000000001171dc      0x100 /Users/andreuschmann/devkitPro/portlibs/3ds/lib/libSDL.a(SDL_blit_1.o)
 .text.Blit1to2
                0x00000000001172dc      0x134 /Users/andreuschmann/devkitPro/portlibs/3ds/lib/libSDL.a(SDL_blit_1.o)
 .text.Blit1to3
                0x0000000000117410      0x1b4 /Users/andreuschmann/devkitPro/portlibs/3ds/lib/libSDL.a(SDL_blit_1.o)
 .text.Blit1to4
                0x00000000001175c4      0x18c /Users/andreuschmann/devkitPro/portlibs/3ds/lib/libSDL.a(SDL_blit_1.o)
 .text.Blit1to1Key
                0x0000000000117750      0x27c /Users/andreuschmann/devkitPro/portlibs/3ds/lib/libSDL.a(SDL_blit_1.o)
 .text.Blit1to2Key
                0x00000000001179cc      0x188 /Users/andreuschmann/devkitPro/portlibs/3ds/lib/libSDL.a(SDL_blit_1.o)
 .text.Blit1to3Key
                0x0000000000117b54      0x23c /Users/andreuschmann/devkitPro/portlibs/3ds/lib/libSDL.a(SDL_blit_1.o)
 .text.Blit1to4Key
                0x0000000000117d90      0x170 /Users/andreuschmann/devkitPro/portlibs/3ds/lib/libSDL.a(SDL_blit_1.o)
 .text.Blit1toNAlpha
                0x0000000000117f00      0x840 /Users/andreuschmann/devkitPro/portlibs/3ds/lib/libSDL.a(SDL_blit_1.o)
 .text.Blit1toNAlphaKey
                0x0000000000118740      0xd2c /Users/andreuschmann/devkitPro/portlibs/3ds/lib/libSDL.a(SDL_blit_1.o)
 .text.SDL_CalculateBlit1
                0x000000000011946c       0xa0 /Users/andreuschmann/devkitPro/portlibs/3ds/lib/libSDL.a(SDL_blit_1.o)
                0x000000000011946c                SDL_CalculateBlit1
 .text.Blit_RGB888_index8
                0x000000000011950c      0x474 /Users/andreuschmann/devkitPro/portlibs/3ds/lib/libSDL.a(SDL_blit_N.o)
 .text.Blit_RGB888_RGB555
                0x0000000000119980      0x1d0 /Users/andreuschmann/devkitPro/portlibs/3ds/lib/libSDL.a(SDL_blit_N.o)
 .text.Blit_RGB888_RGB565
                0x0000000000119b50      0x1b8 /Users/andreuschmann/devkitPro/portlibs/3ds/lib/libSDL.a(SDL_blit_N.o)
 .text.Blit_RGB565_RGBA8888
                0x0000000000119d08      0x1d4 /Users/andreuschmann/devkitPro/portlibs/3ds/lib/libSDL.a(SDL_blit_N.o)
 .text.Blit_RGB888_index8_map
                0x0000000000119edc      0x26c /Users/andreuschmann/devkitPro/portlibs/3ds/lib/libSDL.a(SDL_blit_N.o)
 .text.BlitNto1
                0x000000000011a148      0xb18 /Users/andreuschmann/devkitPro/portlibs/3ds/lib/libSDL.a(SDL_blit_N.o)
 .text.Blit4to4MaskAlpha
                0x000000000011ac60      0x1fc /Users/andreuschmann/devkitPro/portlibs/3ds/lib/libSDL.a(SDL_blit_N.o)
 .text.BlitNtoN
                0x000000000011ae5c     0x100c /Users/andreuschmann/devkitPro/portlibs/3ds/lib/libSDL.a(SDL_blit_N.o)
 .text.BlitNtoNCopyAlpha
                0x000000000011be68      0x22c /Users/andreuschmann/devkitPro/portlibs/3ds/lib/libSDL.a(SDL_blit_N.o)
 .text.BlitNto1Key
                0x000000000011c094     0x13c8 /Users/andreuschmann/devkitPro/portlibs/3ds/lib/libSDL.a(SDL_blit_N.o)
 .text.Blit2to2Key
                0x000000000011d45c      0x17c /Users/andreuschmann/devkitPro/portlibs/3ds/lib/libSDL.a(SDL_blit_N.o)
 .text.BlitNtoNKey
                0x000000000011d5d8      0xcd8 /Users/andreuschmann/devkitPro/portlibs/3ds/lib/libSDL.a(SDL_blit_N.o)
 .text.BlitNtoNKeyCopyAlpha
                0x000000000011e2b0     0x1430 /Users/andreuschmann/devkitPro/portlibs/3ds/lib/libSDL.a(SDL_blit_N.o)
 .text.Blit_RGB565_BGRA8888
                0x000000000011f6e0      0x1d4 /Users/andreuschmann/devkitPro/portlibs/3ds/lib/libSDL.a(SDL_blit_N.o)
 .text.Blit_RGB565_ARGB8888
                0x000000000011f8b4      0x1d4 /Users/andreuschmann/devkitPro/portlibs/3ds/lib/libSDL.a(SDL_blit_N.o)
 .text.Blit_RGB565_ABGR8888
                0x000000000011fa88      0x1d4 /Users/andreuschmann/devkitPro/portlibs/3ds/lib/libSDL.a(SDL_blit_N.o)
 .text.SDL_CalculateBlitN
                0x000000000011fc5c      0x2ac /Users/andreuschmann/devkitPro/portlibs/3ds/lib/libSDL.a(SDL_blit_N.o)
                0x000000000011fc5c                SDL_CalculateBlitN
 .text.BlitNto1SurfaceAlpha
                0x000000000011ff08      0x534 /Users/andreuschmann/devkitPro/portlibs/3ds/lib/libSDL.a(SDL_blit_A.o)
 .text.BlitNto1PixelAlpha
                0x000000000012043c      0x590 /Users/andreuschmann/devkitPro/portlibs/3ds/lib/libSDL.a(SDL_blit_A.o)
 .text.BlitNto1SurfaceAlphaKey
                0x00000000001209cc      0xdf4 /Users/andreuschmann/devkitPro/portlibs/3ds/lib/libSDL.a(SDL_blit_A.o)
 .text.BlitRGBtoRGBSurfaceAlpha
                0x00000000001217c0      0x3d8 /Users/andreuschmann/devkitPro/portlibs/3ds/lib/libSDL.a(SDL_blit_A.o)
 .text.BlitRGBtoRGBPixelAlpha
                0x0000000000121b98      0x294 /Users/andreuschmann/devkitPro/portlibs/3ds/lib/libSDL.a(SDL_blit_A.o)
 .text.Blit555to555SurfaceAlpha
                0x0000000000121e2c      0x438 /Users/andreuschmann/devkitPro/portlibs/3ds/lib/libSDL.a(SDL_blit_A.o)
 .text.BlitARGBto565PixelAlpha
                0x0000000000122264      0x2a8 /Users/andreuschmann/devkitPro/portlibs/3ds/lib/libSDL.a(SDL_blit_A.o)
 .text.BlitARGBto555PixelAlpha
                0x000000000012250c      0x2a4 /Users/andreuschmann/devkitPro/portlibs/3ds/lib/libSDL.a(SDL_blit_A.o)
 .text.BlitNtoNSurfaceAlpha
                0x00000000001227b0      0xd60 /Users/andreuschmann/devkitPro/portlibs/3ds/lib/libSDL.a(SDL_blit_A.o)
 .text.BlitNtoNSurfaceAlphaKey
                0x0000000000123510      0xa74 /Users/andreuschmann/devkitPro/portlibs/3ds/lib/libSDL.a(SDL_blit_A.o)
 .text.BlitNtoNPixelAlpha
                0x0000000000123f84      0xdbc /Users/andreuschmann/devkitPro/portlibs/3ds/lib/libSDL.a(SDL_blit_A.o)
 .text.Blit565to565SurfaceAlpha
                0x0000000000124d40      0x438 /Users/andreuschmann/devkitPro/portlibs/3ds/lib/libSDL.a(SDL_blit_A.o)
 .text.SDL_CalculateAlphaBlit
                0x0000000000125178      0x224 /Users/andreuschmann/devkitPro/portlibs/3ds/lib/libSDL.a(SDL_blit_A.o)
                0x0000000000125178                SDL_CalculateAlphaBlit
 .text.C3Di_SplitFrame.part.1
                0x000000000012539c       0xc4 /Users/andreuschmann/devkitPro/libctru/lib/libcitro3d.a(base.o)
 .text.C3Di_LightEnvUpdate
                0x0000000000125460        0x4 /Users/andreuschmann/devkitPro/libctru/lib/libcitro3d.a(base.o)
                0x0000000000125460                C3Di_LightEnvUpdate
 .text.C3Di_LightEnvDirty
                0x0000000000125464        0x4 /Users/andreuschmann/devkitPro/libctru/lib/libcitro3d.a(base.o)
                0x0000000000125464                C3Di_LightEnvDirty
 .text.C3Di_ProcTexUpdate
                0x0000000000125468        0x4 /Users/andreuschmann/devkitPro/libctru/lib/libcitro3d.a(base.o)
                0x0000000000125468                C3Di_ProcTexUpdate
 .text.C3Di_ProcTexDirty
                0x000000000012546c        0x4 /Users/andreuschmann/devkitPro/libctru/lib/libcitro3d.a(base.o)
                0x000000000012546c                C3Di_ProcTexDirty
 .text.C3Di_AptEventHook
                0x0000000000125470       0x8c /Users/andreuschmann/devkitPro/libctru/lib/libcitro3d.a(base.o)
 .text.C3D_Init
                0x00000000001254fc      0x20c /Users/andreuschmann/devkitPro/libctru/lib/libcitro3d.a(base.o)
                0x00000000001254fc                C3D_Init
 .text.C3D_SetViewport
                0x0000000000125708       0x98 /Users/andreuschmann/devkitPro/libctru/lib/libcitro3d.a(base.o)
                0x0000000000125708                C3D_SetViewport
 .text.C3Di_UpdateContext
                0x00000000001257a0      0x490 /Users/andreuschmann/devkitPro/libctru/lib/libcitro3d.a(base.o)
                0x00000000001257a0                C3Di_UpdateContext
 .text.C3Di_SplitFrame
                0x0000000000125c30       0x20 /Users/andreuschmann/devkitPro/libctru/lib/libcitro3d.a(base.o)
                0x0000000000125c30                C3Di_SplitFrame
 .text.C3D_Fini
                0x0000000000125c50       0x64 /Users/andreuschmann/devkitPro/libctru/lib/libcitro3d.a(base.o)
                0x0000000000125c50                C3D_Fini
 .text.C3D_BindProgram
                0x0000000000125cb4      0x110 /Users/andreuschmann/devkitPro/libctru/lib/libcitro3d.a(base.o)
                0x0000000000125cb4                C3D_BindProgram
 .text.C3Di_RenderQueueInit
                0x0000000000125dc4       0x54 /Users/andreuschmann/devkitPro/libctru/lib/libcitro3d.a(renderqueue.o)
 .text.C3Di_RenderTargetDestroy
                0x0000000000125e18       0x80 /Users/andreuschmann/devkitPro/libctru/lib/libcitro3d.a(renderqueue.o)
 .text.onVBlank1
                0x0000000000125e98       0xcc /Users/andreuschmann/devkitPro/libctru/lib/libcitro3d.a(renderqueue.o)
 .text.onVBlank0
                0x0000000000125f64      0x1b4 /Users/andreuschmann/devkitPro/libctru/lib/libcitro3d.a(renderqueue.o)
 .text.C3Di_RenderTargetNew
                0x0000000000126118        0xc /Users/andreuschmann/devkitPro/libctru/lib/libcitro3d.a(renderqueue.o)
 .text.C3Di_WaitAndClearQueue
                0x0000000000126124       0x8c /Users/andreuschmann/devkitPro/libctru/lib/libcitro3d.a(renderqueue.o)
 .text.onQueueFinish
                0x00000000001261b0       0xbc /Users/andreuschmann/devkitPro/libctru/lib/libcitro3d.a(renderqueue.o)
 .text.C3D_FrameSplit.part.5
                0x000000000012626c       0x3c /Users/andreuschmann/devkitPro/libctru/lib/libcitro3d.a(renderqueue.o)
 .text.C3D_FrameSync
                0x00000000001262a8       0x30 /Users/andreuschmann/devkitPro/libctru/lib/libcitro3d.a(renderqueue.o)
                0x00000000001262a8                C3D_FrameSync
 .text.C3Di_RenderQueueExit
                0x00000000001262d8       0xa0 /Users/andreuschmann/devkitPro/libctru/lib/libcitro3d.a(renderqueue.o)
                0x00000000001262d8                C3Di_RenderQueueExit
 .text.C3Di_RenderQueueWaitDone
                0x0000000000126378       0x20 /Users/andreuschmann/devkitPro/libctru/lib/libcitro3d.a(renderqueue.o)
                0x0000000000126378                C3Di_RenderQueueWaitDone
 .text.C3D_FrameBegin
                0x0000000000126398       0x7c /Users/andreuschmann/devkitPro/libctru/lib/libcitro3d.a(renderqueue.o)
                0x0000000000126398                C3D_FrameBegin
 .text.C3D_FrameDrawOn
                0x0000000000126414       0x48 /Users/andreuschmann/devkitPro/libctru/lib/libcitro3d.a(renderqueue.o)
                0x0000000000126414                C3D_FrameDrawOn
 .text.C3D_FrameEnd
                0x000000000012645c      0x180 /Users/andreuschmann/devkitPro/libctru/lib/libcitro3d.a(renderqueue.o)
                0x000000000012645c                C3D_FrameEnd
 .text.C3D_RenderTargetCreate
                0x00000000001265dc      0x16c /Users/andreuschmann/devkitPro/libctru/lib/libcitro3d.a(renderqueue.o)
                0x00000000001265dc                C3D_RenderTargetCreate
 .text.C3D_RenderTargetDelete
                0x0000000000126748       0x3c /Users/andreuschmann/devkitPro/libctru/lib/libcitro3d.a(renderqueue.o)
                0x0000000000126748                C3D_RenderTargetDelete
 .text.C3D_RenderTargetSetClear
                0x0000000000126784       0x38 /Users/andreuschmann/devkitPro/libctru/lib/libcitro3d.a(renderqueue.o)
                0x0000000000126784                C3D_RenderTargetSetClear
 .text.C3D_RenderTargetSetOutput
                0x00000000001267bc       0x4c /Users/andreuschmann/devkitPro/libctru/lib/libcitro3d.a(renderqueue.o)
                0x00000000001267bc                C3D_RenderTargetSetOutput
 .text.C3D_SafeDisplayTransfer
                0x0000000000126808       0x64 /Users/andreuschmann/devkitPro/libctru/lib/libcitro3d.a(renderqueue.o)
                0x0000000000126808                C3D_SafeDisplayTransfer
 .text.C3D_TexInitWithParams
                0x000000000012686c      0x26c /Users/andreuschmann/devkitPro/libctru/lib/libcitro3d.a(texture.o)
                0x000000000012686c                C3D_TexInitWithParams
 .text.C3D_TexBind
                0x0000000000126ad8       0x48 /Users/andreuschmann/devkitPro/libctru/lib/libcitro3d.a(texture.o)
                0x0000000000126ad8                C3D_TexBind
 .text.C3Di_SetTex
                0x0000000000126b20      0x174 /Users/andreuschmann/devkitPro/libctru/lib/libcitro3d.a(texture.o)
                0x0000000000126b20                C3Di_SetTex
 .text.C3D_CalcColorBufSize
                0x0000000000126c94       0x1c /Users/andreuschmann/devkitPro/libctru/lib/libcitro3d.a(framebuffer.o)
                0x0000000000126c94                C3D_CalcColorBufSize
 .text.C3D_CalcDepthBufSize
                0x0000000000126cb0       0x1c /Users/andreuschmann/devkitPro/libctru/lib/libcitro3d.a(framebuffer.o)
                0x0000000000126cb0                C3D_CalcDepthBufSize
 .text.C3D_SetFrameBuf
                0x0000000000126ccc       0x44 /Users/andreuschmann/devkitPro/libctru/lib/libcitro3d.a(framebuffer.o)
                0x0000000000126ccc                C3D_SetFrameBuf
 .text.C3Di_FrameBufBind
                0x0000000000126d10      0x168 /Users/andreuschmann/devkitPro/libctru/lib/libcitro3d.a(framebuffer.o)
                0x0000000000126d10                C3Di_FrameBufBind
 .text.C3D_FrameBufClear
                0x0000000000126e78       0xc8 /Users/andreuschmann/devkitPro/libctru/lib/libcitro3d.a(framebuffer.o)
                0x0000000000126e78                C3D_FrameBufClear
 .text.C3D_FrameBufTransfer
                0x0000000000126f40       0x4c /Users/andreuschmann/devkitPro/libctru/lib/libcitro3d.a(framebuffer.o)
                0x0000000000126f40                C3D_FrameBufTransfer
 .text.TexEnv_Init
                0x0000000000126f8c       0x24 /Users/andreuschmann/devkitPro/libctru/lib/libcitro3d.a(texenv.o)
                0x0000000000126f8c                TexEnv_Init
 .text.C3D_GetTexEnv
                0x0000000000126fb0       0x34 /Users/andreuschmann/devkitPro/libctru/lib/libcitro3d.a(texenv.o)
                0x0000000000126fb0                C3D_GetTexEnv
 .text.C3Di_TexEnvBind
                0x0000000000126fe4       0x24 /Users/andreuschmann/devkitPro/libctru/lib/libcitro3d.a(texenv.o)
                0x0000000000126fe4                C3Di_TexEnvBind
 .text.BufInfo_Init
                0x0000000000127008       0x24 /Users/andreuschmann/devkitPro/libctru/lib/libcitro3d.a(buffers.o)
                0x0000000000127008                BufInfo_Init
 .text.C3D_GetBufInfo
                0x000000000012702c       0x24 /Users/andreuschmann/devkitPro/libctru/lib/libcitro3d.a(buffers.o)
                0x000000000012702c                C3D_GetBufInfo
 .text.C3Di_BufInfoBind
                0x0000000000127050       0x48 /Users/andreuschmann/devkitPro/libctru/lib/libcitro3d.a(buffers.o)
                0x0000000000127050                C3Di_BufInfoBind
 .text.C3D_DepthMap
                0x0000000000127098       0x40 /Users/andreuschmann/devkitPro/libctru/lib/libcitro3d.a(effect.o)
                0x0000000000127098                C3D_DepthMap
 .text.C3D_CullFace
                0x00000000001270d8       0x1c /Users/andreuschmann/devkitPro/libctru/lib/libcitro3d.a(effect.o)
                0x00000000001270d8                C3D_CullFace
 .text.C3D_StencilTest
                0x00000000001270f4       0x40 /Users/andreuschmann/devkitPro/libctru/lib/libcitro3d.a(effect.o)
                0x00000000001270f4                C3D_StencilTest
 .text.C3D_StencilOp
                0x0000000000127134       0x24 /Users/andreuschmann/devkitPro/libctru/lib/libcitro3d.a(effect.o)
                0x0000000000127134                C3D_StencilOp
 .text.C3D_BlendingColor
                0x0000000000127158       0x1c /Users/andreuschmann/devkitPro/libctru/lib/libcitro3d.a(effect.o)
                0x0000000000127158                C3D_BlendingColor
 .text.C3D_EarlyDepthTest
                0x0000000000127174       0x24 /Users/andreuschmann/devkitPro/libctru/lib/libcitro3d.a(effect.o)
                0x0000000000127174                C3D_EarlyDepthTest
 .text.C3D_DepthTest
                0x0000000000127198       0x2c /Users/andreuschmann/devkitPro/libctru/lib/libcitro3d.a(effect.o)
                0x0000000000127198                C3D_DepthTest
 .text.C3D_AlphaTest
                0x00000000001271c4       0x2c /Users/andreuschmann/devkitPro/libctru/lib/libcitro3d.a(effect.o)
                0x00000000001271c4                C3D_AlphaTest
 .text.C3D_AlphaBlend
                0x00000000001271f0       0x50 /Users/andreuschmann/devkitPro/libctru/lib/libcitro3d.a(effect.o)
                0x00000000001271f0                C3D_AlphaBlend
 .text.C3D_FragOpMode
                0x0000000000127240       0x30 /Users/andreuschmann/devkitPro/libctru/lib/libcitro3d.a(effect.o)
                0x0000000000127240                C3D_FragOpMode
 .text.C3D_FragOpShadow
                0x0000000000127270       0x44 /Users/andreuschmann/devkitPro/libctru/lib/libcitro3d.a(effect.o)
                0x0000000000127270                C3D_FragOpShadow
 .text.C3Di_EffectBind
                0x00000000001272b4      0x174 /Users/andreuschmann/devkitPro/libctru/lib/libcitro3d.a(effect.o)
                0x00000000001272b4                C3Di_EffectBind
 .text.AttrInfo_Init
                0x0000000000127428       0x28 /Users/andreuschmann/devkitPro/libctru/lib/libcitro3d.a(attribs.o)
                0x0000000000127428                AttrInfo_Init
 .text.AttrInfo_AddLoader
                0x0000000000127450       0x8c /Users/andreuschmann/devkitPro/libctru/lib/libcitro3d.a(attribs.o)
                0x0000000000127450                AttrInfo_AddLoader
 .text.C3D_GetAttrInfo
                0x00000000001274dc       0x24 /Users/andreuschmann/devkitPro/libctru/lib/libcitro3d.a(attribs.o)
                0x00000000001274dc                C3D_GetAttrInfo
 .text.C3Di_AttrInfoBind
                0x0000000000127500       0x80 /Users/andreuschmann/devkitPro/libctru/lib/libcitro3d.a(attribs.o)
                0x0000000000127500                C3Di_AttrInfoBind
 .text.C3D_ImmDrawBegin
                0x0000000000127580       0xb8 /Users/andreuschmann/devkitPro/libctru/lib/libcitro3d.a(immediate.o)
                0x0000000000127580                C3D_ImmDrawBegin
 .text.C3D_ImmSendAttrib
                0x0000000000127638       0xb4 /Users/andreuschmann/devkitPro/libctru/lib/libcitro3d.a(immediate.o)
                0x0000000000127638                C3D_ImmSendAttrib
 .text.C3D_ImmDrawEnd
                0x00000000001276ec       0x74 /Users/andreuschmann/devkitPro/libctru/lib/libcitro3d.a(immediate.o)
                0x00000000001276ec                C3D_ImmDrawEnd
 .text.C3D_UpdateUniforms
                0x0000000000127760      0x288 /Users/andreuschmann/devkitPro/libctru/lib/libcitro3d.a(uniforms.o)
                0x0000000000127760                C3D_UpdateUniforms
 .text.C3Di_DirtyUniforms
                0x00000000001279e8       0xc0 /Users/andreuschmann/devkitPro/libctru/lib/libcitro3d.a(uniforms.o)
                0x00000000001279e8                C3Di_DirtyUniforms
 .text.C3Di_LoadShaderUniforms
                0x0000000000127aa8       0xe4 /Users/andreuschmann/devkitPro/libctru/lib/libcitro3d.a(uniforms.o)
                0x0000000000127aa8                C3Di_LoadShaderUniforms
 .text.C3Di_ClearShaderUniforms
                0x0000000000127b8c       0x28 /Users/andreuschmann/devkitPro/libctru/lib/libcitro3d.a(uniforms.o)
                0x0000000000127b8c                C3Di_ClearShaderUniforms
 .text.Mtx_OrthoTilt
                0x0000000000127bb4       0xcc /Users/andreuschmann/devkitPro/libctru/lib/libcitro3d.a(mtx_orthotilt.o)
                0x0000000000127bb4                Mtx_OrthoTilt
 .text._ZL21addrMapNodeComparatorPK11rbtree_nodeS1_
                0x0000000000127c80       0x24 /Users/andreuschmann/devkitPro/libctru/lib/libctru.a(vram.o)
 .text._ZL21addrMapNodeDestructorP11rbtree_node
                0x0000000000127ca4        0x4 /Users/andreuschmann/devkitPro/libctru/lib/libctru.a(vram.o)
 .text.vramMemAlign
                0x0000000000127ca8      0x110 /Users/andreuschmann/devkitPro/libctru/lib/libctru.a(vram.o)
                0x0000000000127ca8                vramMemAlign
 .text.vramAlloc
                0x0000000000127db8        0x8 /Users/andreuschmann/devkitPro/libctru/lib/libctru.a(vram.o)
                0x0000000000127db8                vramAlloc
 .text.vramFree
                0x0000000000127dc0       0x50 /Users/andreuschmann/devkitPro/libctru/lib/libctru.a(vram.o)
                0x0000000000127dc0                vramFree
 .text._ZL21addrMapNodeComparatorPK11rbtree_nodeS1_
                0x0000000000127e10       0x24 /Users/andreuschmann/devkitPro/libctru/lib/libctru.a(linear.o)
 .text._ZL21addrMapNodeDestructorP11rbtree_node
                0x0000000000127e34        0x4 /Users/andreuschmann/devkitPro/libctru/lib/libctru.a(linear.o)
 .text.linearMemAlign
                0x0000000000127e38      0x11c /Users/andreuschmann/devkitPro/libctru/lib/libctru.a(linear.o)
                0x0000000000127e38                linearMemAlign
 .text.linearAlloc
                0x0000000000127f54        0x8 /Users/andreuschmann/devkitPro/libctru/lib/libctru.a(linear.o)
                0x0000000000127f54                linearAlloc
 .text.linearFree
                0x0000000000127f5c       0x50 /Users/andreuschmann/devkitPro/libctru/lib/libctru.a(linear.o)
                0x0000000000127f5c                linearFree
 .text._ZN7MemPool13CoalesceRightEP8MemBlock
                0x0000000000127fac       0x98 /Users/andreuschmann/devkitPro/libctru/lib/libctru.a(mem_pool.o)
                0x0000000000127fac                MemPool::CoalesceRight(MemBlock*)
 .text._ZN7MemPool8AllocateER8MemChunkmi
                0x0000000000128044      0x16c /Users/andreuschmann/devkitPro/libctru/lib/libctru.a(mem_pool.o)
                0x0000000000128044                MemPool::Allocate(MemChunk&, unsigned long, int)
 .text._ZN7MemPool10DeallocateERK8MemChunk
                0x00000000001281b0       0xfc /Users/andreuschmann/devkitPro/libctru/lib/libctru.a(mem_pool.o)
                0x00000000001281b0                MemPool::Deallocate(MemChunk const&)
 .text.romfs_close
                0x00000000001282ac        0x8 /Users/andreuschmann/devkitPro/libctru/lib/libctru.a(romfs_dev.o)
 .text.romfs_seek
                0x00000000001282b4       0xcc /Users/andreuschmann/devkitPro/libctru/lib/libctru.a(romfs_dev.o)
 .text.romfs_dirreset
                0x0000000000128380       0x28 /Users/andreuschmann/devkitPro/libctru/lib/libctru.a(romfs_dev.o)
 .text.romfs_fstat
                0x00000000001283a8       0x78 /Users/andreuschmann/devkitPro/libctru/lib/libctru.a(romfs_dev.o)
 .text._romfs_read_chk
                0x0000000000128420       0x5c /Users/andreuschmann/devkitPro/libctru/lib/libctru.a(romfs_dev.o)
 .text.romfs_read
                0x000000000012847c       0xe8 /Users/andreuschmann/devkitPro/libctru/lib/libctru.a(romfs_dev.o)
 .text.romfs_free
                0x0000000000128564       0x7c /Users/andreuschmann/devkitPro/libctru/lib/libctru.a(romfs_dev.o)
 .text.romfsMountCommon
                0x00000000001285e0      0x16c /Users/andreuschmann/devkitPro/libctru/lib/libctru.a(romfs_dev.o)
 .text.romfs_dirnext
                0x000000000012874c      0x254 /Users/andreuschmann/devkitPro/libctru/lib/libctru.a(romfs_dev.o)
 .text.romfsInitMtime.isra.4
                0x00000000001289a0       0xd0 /Users/andreuschmann/devkitPro/libctru/lib/libctru.a(romfs_dev.o)
 .text.searchForFile.constprop.7
                0x0000000000128a70       0xb4 /Users/andreuschmann/devkitPro/libctru/lib/libctru.a(romfs_dev.o)
 .text.searchForDir.constprop.8
                0x0000000000128b24       0xb8 /Users/andreuschmann/devkitPro/libctru/lib/libctru.a(romfs_dev.o)
 .text.navigateToDir.constprop.6
                0x0000000000128bdc      0x1b8 /Users/andreuschmann/devkitPro/libctru/lib/libctru.a(romfs_dev.o)
 .text.romfs_open
                0x0000000000128d94      0x130 /Users/andreuschmann/devkitPro/libctru/lib/libctru.a(romfs_dev.o)
 .text.romfs_stat
                0x0000000000128ec4      0x210 /Users/andreuschmann/devkitPro/libctru/lib/libctru.a(romfs_dev.o)
 .text.romfs_chdir
                0x00000000001290d4       0x54 /Users/andreuschmann/devkitPro/libctru/lib/libctru.a(romfs_dev.o)
 .text.romfs_diropen
                0x0000000000129128       0x78 /Users/andreuschmann/devkitPro/libctru/lib/libctru.a(romfs_dev.o)
 .text.romfs_dirclose
                0x00000000001291a0        0x8 /Users/andreuschmann/devkitPro/libctru/lib/libctru.a(romfs_dev.o)
 .text.romfsMount
                0x00000000001291a8      0x344 /Users/andreuschmann/devkitPro/libctru/lib/libctru.a(romfs_dev.o)
                0x00000000001291a8                romfsMount
 .text.getSysTime
                0x00000000001294ec       0x58 /Users/andreuschmann/devkitPro/libctru/lib/libctru.a(os.o)
 .text.__ctru_speedup_config.part.0
                0x0000000000129544       0x28 /Users/andreuschmann/devkitPro/libctru/lib/libctru.a(os.o)
 .text.osConvertVirtToPhys
                0x000000000012956c       0x4c /Users/andreuschmann/devkitPro/libctru/lib/libctru.a(os.o)
                0x000000000012956c                osConvertVirtToPhys
 .text.osGetMemRegionUsed
                0x00000000001295b8       0x24 /Users/andreuschmann/devkitPro/libctru/lib/libctru.a(os.o)
                0x00000000001295b8                osGetMemRegionUsed
 *fill*         0x00000000001295dc        0x4 
 .text.__libctru_gtod
                0x00000000001295e0      0x128 /Users/andreuschmann/devkitPro/libctru/lib/libctru.a(os.o)
                0x00000000001295e0                __libctru_gtod
 .text.__ctru_speedup_config
                0x0000000000129708       0x18 /Users/andreuschmann/devkitPro/libctru/lib/libctru.a(os.o)
                0x0000000000129708                __ctru_speedup_config
 .text.consoleDrawChar
                0x0000000000129720      0x1c0 /Users/andreuschmann/devkitPro/libctru/lib/libctru.a(console.o)
                0x0000000000129720                consoleDrawChar
 .text.consolePrintChar
                0x00000000001298e0      0x128 /Users/andreuschmann/devkitPro/libctru/lib/libctru.a(console.o)
                0x00000000001298e0                consolePrintChar
 .text.consoleCls
                0x0000000000129a08      0x184 /Users/andreuschmann/devkitPro/libctru/lib/libctru.a(console.o)
 .text.consoleInit
                0x0000000000129b8c      0x104 /Users/andreuschmann/devkitPro/libctru/lib/libctru.a(console.o)
                0x0000000000129b8c                consoleInit
 .text.consoleClearLine
                0x0000000000129c90      0x138 /Users/andreuschmann/devkitPro/libctru/lib/libctru.a(console.o)
 .text.newRow   0x0000000000129dc8       0xc0 /Users/andreuschmann/devkitPro/libctru/lib/libctru.a(console.o)
 .text.con_write
                0x0000000000129e88      0x810 /Users/andreuschmann/devkitPro/libctru/lib/libctru.a(console.o)
                0x0000000000129e88                con_write
 .text.gfxSetFramebufferInfo.part.0
                0x000000000012a698       0x8c /Users/andreuschmann/devkitPro/libctru/lib/libctru.a(gfx.o)
 .text.gfxSet3D
                0x000000000012a724       0x10 /Users/andreuschmann/devkitPro/libctru/lib/libctru.a(gfx.o)
                0x000000000012a724                gfxSet3D
 .text.gfxIs3D  0x000000000012a734       0x10 /Users/andreuschmann/devkitPro/libctru/lib/libctru.a(gfx.o)
                0x000000000012a734                gfxIs3D
 .text.__get_bytes_per_pixel
                0x000000000012a744       0x18 /Users/andreuschmann/devkitPro/libctru/lib/libctru.a(gfx.o)
                0x000000000012a744                __get_bytes_per_pixel
 .text.gfxSetScreenFormat
                0x000000000012a75c      0x184 /Users/andreuschmann/devkitPro/libctru/lib/libctru.a(gfx.o)
                0x000000000012a75c                gfxSetScreenFormat
 .text.gfxSetDoubleBuffering
                0x000000000012a8e0       0x10 /Users/andreuschmann/devkitPro/libctru/lib/libctru.a(gfx.o)
                0x000000000012a8e0                gfxSetDoubleBuffering
 .text.gfxSetFramebufferInfo
                0x000000000012a8f0       0x6c /Users/andreuschmann/devkitPro/libctru/lib/libctru.a(gfx.o)
                0x000000000012a8f0                gfxSetFramebufferInfo
 .text.gfxWriteFramebufferInfo
                0x000000000012a95c       0xb0 /Users/andreuschmann/devkitPro/libctru/lib/libctru.a(gfx.o)
                0x000000000012a95c                gfxWriteFramebufferInfo
 .text.gfxInit  0x000000000012aa0c      0x210 /Users/andreuschmann/devkitPro/libctru/lib/libctru.a(gfx.o)
                0x000000000012aa0c                gfxInit
 .text.gfxInitDefault
                0x000000000012ac1c       0x10 /Users/andreuschmann/devkitPro/libctru/lib/libctru.a(gfx.o)
                0x000000000012ac1c                gfxInitDefault
 .text.gfxExit  0x000000000012ac2c       0xe0 /Users/andreuschmann/devkitPro/libctru/lib/libctru.a(gfx.o)
                0x000000000012ac2c                gfxExit
 .text.gfxGetFramebuffer
                0x000000000012ad0c       0xa8 /Users/andreuschmann/devkitPro/libctru/lib/libctru.a(gfx.o)
                0x000000000012ad0c                gfxGetFramebuffer
 .text.gfxFlushBuffers
                0x000000000012adb4       0xe8 /Users/andreuschmann/devkitPro/libctru/lib/libctru.a(gfx.o)
                0x000000000012adb4                gfxFlushBuffers
 .text.gfxConfigScreen
                0x000000000012ae9c       0x60 /Users/andreuschmann/devkitPro/libctru/lib/libctru.a(gfx.o)
                0x000000000012ae9c                gfxConfigScreen
 .text.gfxSwapBuffersGpu
                0x000000000012aefc       0x20 /Users/andreuschmann/devkitPro/libctru/lib/libctru.a(gfx.o)
                0x000000000012aefc                gfxSwapBuffersGpu
 .text.threadFree.part.0
                0x000000000012af1c       0x1c /Users/andreuschmann/devkitPro/libctru/lib/libctru.a(thread.o)
 .text.threadCreate
                0x000000000012af38      0x1ac /Users/andreuschmann/devkitPro/libctru/lib/libctru.a(thread.o)
                0x000000000012af38                threadCreate
 .text.threadGetHandle
                0x000000000012b0e4       0x24 /Users/andreuschmann/devkitPro/libctru/lib/libctru.a(thread.o)
                0x000000000012b0e4                threadGetHandle
 .text.threadJoin
                0x000000000012b108       0x24 /Users/andreuschmann/devkitPro/libctru/lib/libctru.a(thread.o)
                0x000000000012b108                threadJoin
 .text.threadGetCurrent
                0x000000000012b12c       0x30 /Users/andreuschmann/devkitPro/libctru/lib/libctru.a(thread.o)
                0x000000000012b12c                threadGetCurrent
 .text.threadExit
                0x000000000012b15c       0x64 /Users/andreuschmann/devkitPro/libctru/lib/libctru.a(thread.o)
                0x000000000012b15c                threadExit
 .text._thread_begin
                0x000000000012b1c0       0x40 /Users/andreuschmann/devkitPro/libctru/lib/libctru.a(thread.o)
 .text.shaderInstanceInit
                0x000000000012b200      0x1f0 /Users/andreuschmann/devkitPro/libctru/lib/libctru.a(shaderProgram.o)
                0x000000000012b200                shaderInstanceInit
 .text.shaderInstanceFree
                0x000000000012b3f0       0x34 /Users/andreuschmann/devkitPro/libctru/lib/libctru.a(shaderProgram.o)
                0x000000000012b3f0                shaderInstanceFree
 .text.shaderInstanceGetUniformLocation
                0x000000000012b424       0x18 /Users/andreuschmann/devkitPro/libctru/lib/libctru.a(shaderProgram.o)
                0x000000000012b424                shaderInstanceGetUniformLocation
 .text.shaderProgramInit
                0x000000000012b43c       0x18 /Users/andreuschmann/devkitPro/libctru/lib/libctru.a(shaderProgram.o)
                0x000000000012b43c                shaderProgramInit
 .text.shaderProgramFree
                0x000000000012b454       0x2c /Users/andreuschmann/devkitPro/libctru/lib/libctru.a(shaderProgram.o)
                0x000000000012b454                shaderProgramFree
 .text.shaderProgramSetVsh
                0x000000000012b480       0x6c /Users/andreuschmann/devkitPro/libctru/lib/libctru.a(shaderProgram.o)
                0x000000000012b480                shaderProgramSetVsh
 .text.shaderProgramConfigure
                0x000000000012b4ec      0x8c4 /Users/andreuschmann/devkitPro/libctru/lib/libctru.a(shaderProgram.o)
                0x000000000012b4ec                shaderProgramConfigure
 .text.DVLE_GenerateOutmap.part.0
                0x000000000012bdb0      0x1f8 /Users/andreuschmann/devkitPro/libctru/lib/libctru.a(shbin.o)
 .text.DVLB_ParseFile
                0x000000000012bfa8      0x1c8 /Users/andreuschmann/devkitPro/libctru/lib/libctru.a(shbin.o)
                0x000000000012bfa8                DVLB_ParseFile
 .text.DVLB_Free
                0x000000000012c170       0x38 /Users/andreuschmann/devkitPro/libctru/lib/libctru.a(shbin.o)
                0x000000000012c170                DVLB_Free
 .text.DVLE_GetUniformRegister
                0x000000000012c1a8       0x78 /Users/andreuschmann/devkitPro/libctru/lib/libctru.a(shbin.o)
                0x000000000012c1a8                DVLE_GetUniformRegister
 .text.submitGxCommand
                0x000000000012c220       0x38 /Users/andreuschmann/devkitPro/libctru/lib/libctru.a(gx.o)
 .text.GX_BindQueue
                0x000000000012c258       0x10 /Users/andreuschmann/devkitPro/libctru/lib/libctru.a(gx.o)
                0x000000000012c258                GX_BindQueue
 .text.GX_ProcessCommandList
                0x000000000012c268       0x50 /Users/andreuschmann/devkitPro/libctru/lib/libctru.a(gx.o)
                0x000000000012c268                GX_ProcessCommandList
 .text.GX_MemoryFill
                0x000000000012c2b8       0x54 /Users/andreuschmann/devkitPro/libctru/lib/libctru.a(gx.o)
                0x000000000012c2b8                GX_MemoryFill
 .text.GX_DisplayTransfer
                0x000000000012c30c       0x48 /Users/andreuschmann/devkitPro/libctru/lib/libctru.a(gx.o)
                0x000000000012c30c                GX_DisplayTransfer
 .text.gxCmdQueueDoCommands.part.0
                0x000000000012c354       0x74 /Users/andreuschmann/devkitPro/libctru/lib/libctru.a(gxqueue.o)
 .text.gxCmdQueueInterrupt
                0x000000000012c3c8       0xc8 /Users/andreuschmann/devkitPro/libctru/lib/libctru.a(gxqueue.o)
                0x000000000012c3c8                gxCmdQueueInterrupt
 .text.gxCmdQueueClear
                0x000000000012c490       0x50 /Users/andreuschmann/devkitPro/libctru/lib/libctru.a(gxqueue.o)
                0x000000000012c490                gxCmdQueueClear
 .text.gxCmdQueueAdd
                0x000000000012c4e0       0xf8 /Users/andreuschmann/devkitPro/libctru/lib/libctru.a(gxqueue.o)
                0x000000000012c4e0                gxCmdQueueAdd
 .text.gxCmdQueueRun
                0x000000000012c5d8       0x80 /Users/andreuschmann/devkitPro/libctru/lib/libctru.a(gxqueue.o)
                0x000000000012c5d8                gxCmdQueueRun
 .text.gxCmdQueueStop
                0x000000000012c658       0x60 /Users/andreuschmann/devkitPro/libctru/lib/libctru.a(gxqueue.o)
                0x000000000012c658                gxCmdQueueStop
 .text.gxCmdQueueWait
                0x000000000012c6b8       0x84 /Users/andreuschmann/devkitPro/libctru/lib/libctru.a(gxqueue.o)
                0x000000000012c6b8                gxCmdQueueWait
 .text.GPUCMD_Add
                0x000000000012c73c      0x130 /Users/andreuschmann/devkitPro/libctru/lib/libctru.a(gpu.o)
                0x000000000012c73c                GPUCMD_Add
 .text.GPUCMD_Split
                0x000000000012c86c       0xb4 /Users/andreuschmann/devkitPro/libctru/lib/libctru.a(gpu.o)
                0x000000000012c86c                GPUCMD_Split
 .text.f32tof16
                0x000000000012c920       0x34 /Users/andreuschmann/devkitPro/libctru/lib/libctru.a(gpu.o)
                0x000000000012c920                f32tof16
 .text.f32tof24
                0x000000000012c954       0x34 /Users/andreuschmann/devkitPro/libctru/lib/libctru.a(gpu.o)
                0x000000000012c954                f32tof24
 .text.f32tof31
                0x000000000012c988       0x38 /Users/andreuschmann/devkitPro/libctru/lib/libctru.a(gpu.o)
                0x000000000012c988                f32tof31
 .text.ndspUpdateMaster
                0x000000000012c9c0      0x150 /Users/andreuschmann/devkitPro/libctru/lib/libctru.a(ndsp.o)
 .text.ndspFinalize
                0x000000000012cb10       0xf0 /Users/andreuschmann/devkitPro/libctru/lib/libctru.a(ndsp.o)
 .text.ndspInitialize
                0x000000000012cc00      0x27c /Users/andreuschmann/devkitPro/libctru/lib/libctru.a(ndsp.o)
 .text.ndspAptHook
                0x000000000012ce7c       0x78 /Users/andreuschmann/devkitPro/libctru/lib/libctru.a(ndsp.o)
 .text.ndspSync
                0x000000000012cef4      0x168 /Users/andreuschmann/devkitPro/libctru/lib/libctru.a(ndsp.o)
 .text.ndspThreadMain
                0x000000000012d05c       0xf8 /Users/andreuschmann/devkitPro/libctru/lib/libctru.a(ndsp.o)
 .text.ndspInit
                0x000000000012d154      0x384 /Users/andreuschmann/devkitPro/libctru/lib/libctru.a(ndsp.o)
                0x000000000012d154                ndspInit
 .text.ndspExit
                0x000000000012d4d8       0xfc /Users/andreuschmann/devkitPro/libctru/lib/libctru.a(ndsp.o)
                0x000000000012d4d8                ndspExit
 .text.ndspSetOutputMode
                0x000000000012d5d4       0x34 /Users/andreuschmann/devkitPro/libctru/lib/libctru.a(ndsp.o)
                0x000000000012d5d4                ndspSetOutputMode
 .text.ndspChnReset
                0x000000000012d608       0x9c /Users/andreuschmann/devkitPro/libctru/lib/libctru.a(ndsp-channel.o)