Archive member included to satisfy reference by file (symbol)

/Users/andreuschmann/devkitPro/portlibs/3ds/lib/libSDL.a(SDL.o)
                              App.o (SDL_Init)
/Users/andreuschmann/devkitPro/portlibs/3ds/lib/libSDL.a(SDL_error.o)
                              SDL_gfxBlitFunc.o (SDL_SetError)
/Users/andreuschmann/devkitPro/portlibs/3ds/lib/libSDL.a(SDL_fatal.o)
                              /Users/andreuschmann/devkitPro/portlibs/3ds/lib/libSDL.a(SDL.o) (SDL_InstallParachute)
/Users/andreuschmann/devkitPro/portlibs/3ds/lib/libSDL.a(SDL_audio.o)
                              /Users/andreuschmann/devkitPro/portlibs/3ds/lib/libSDL.a(SDL.o) (SDL_AudioQuit)
/Users/andreuschmann/devkitPro/portlibs/3ds/lib/libSDL.a(SDL_audiocvt.o)
                              /Users/andreuschmann/devkitPro/portlibs/3ds/lib/libSDL.a(SDL_audio.o) (SDL_ConvertAudio)
/Users/andreuschmann/devkitPro/portlibs/3ds/lib/libSDL.a(SDL_cpuinfo.o)
                              SDL_imageFilter.o (SDL_HasMMX)
/Users/andreuschmann/devkitPro/portlibs/3ds/lib/libSDL.a(SDL_events.o)
                              App.o (SDL_PollEvent)
/Users/andreuschmann/devkitPro/portlibs/3ds/lib/libSDL.a(SDL_keyboard.o)
                              /Users/andreuschmann/devkitPro/portlibs/3ds/lib/libSDL.a(SDL_events.o) (SDL_KeyboardInit)
/Users/andreuschmann/devkitPro/portlibs/3ds/lib/libSDL.a(SDL_mouse.o)
                              /Users/andreuschmann/devkitPro/portlibs/3ds/lib/libSDL.a(SDL_events.o) (SDL_MouseInit)
/Users/andreuschmann/devkitPro/portlibs/3ds/lib/libSDL.a(SDL_quit.o)
                              /Users/andreuschmann/devkitPro/portlibs/3ds/lib/libSDL.a(SDL_events.o) (SDL_QuitInit)
/Users/andreuschmann/devkitPro/portlibs/3ds/lib/libSDL.a(SDL_rwops.o)
                              AssetManager.o (SDL_RWFromFile)
/Users/andreuschmann/devkitPro/portlibs/3ds/lib/libSDL.a(SDL_thread.o)
                              /Users/andreuschmann/devkitPro/portlibs/3ds/lib/libSDL.a(SDL_error.o) (SDL_GetErrBuf)
/Users/andreuschmann/devkitPro/portlibs/3ds/lib/libSDL.a(SDL_timer.o)
                              /Users/andreuschmann/devkitPro/portlibs/3ds/lib/libSDL.a(SDL_events.o) (SDL_SetTimerThreaded)
/Users/andreuschmann/devkitPro/portlibs/3ds/lib/libSDL.a(SDL_bmp.o)
                              AssetManager.o (SDL_LoadBMP_RW)
/Users/andreuschmann/devkitPro/portlibs/3ds/lib/libSDL.a(SDL_cursor.o)
                              /Users/andreuschmann/devkitPro/portlibs/3ds/lib/libSDL.a(SDL_mouse.o) (SDL_MoveCursor)
/Users/andreuschmann/devkitPro/portlibs/3ds/lib/libSDL.a(SDL_pixels.o)
                              SDL_gfxPrimitives.o (SDL_MapRGB)
/Users/andreuschmann/devkitPro/portlibs/3ds/lib/libSDL.a(SDL_surface.o)
                              SDL_rotozoom.o (SDL_SetColorKey)
/Users/andreuschmann/devkitPro/portlibs/3ds/lib/libSDL.a(SDL_video.o)
                              /Users/andreuschmann/devkitPro/portlibs/3ds/lib/libSDL.a(SDL_surface.o) (SDL_GetVideoInfo)
/Users/andreuschmann/devkitPro/portlibs/3ds/lib/libSDL.a(SDL_joystick.o)
                              /Users/andreuschmann/devkitPro/portlibs/3ds/lib/libSDL.a(SDL.o) (SDL_JoystickInit)
/Users/andreuschmann/devkitPro/portlibs/3ds/lib/libSDL.a(SDL_systimer.o)
                              /Users/andreuschmann/devkitPro/portlibs/3ds/lib/libSDL.a(SDL.o) (SDL_StartTicks)
/Users/andreuschmann/devkitPro/portlibs/3ds/lib/libSDL.a(SDL_n3dsaudio.o)
                              /Users/andreuschmann/devkitPro/portlibs/3ds/lib/libSDL.a(SDL_audio.o) (N3DSAUD_bootstrap)
/Users/andreuschmann/devkitPro/portlibs/3ds/lib/libSDL.a(SDL_sysjoystick.o)
                              /Users/andreuschmann/devkitPro/portlibs/3ds/lib/libSDL.a(SDL_joystick.o) (SDL_SYS_JoystickInit)
/Users/andreuschmann/devkitPro/portlibs/3ds/lib/libSDL.a(SDL_sysmutex.o)
                              /Users/andreuschmann/devkitPro/portlibs/3ds/lib/libSDL.a(SDL_audio.o) (SDL_CreateMutex)
/Users/andreuschmann/devkitPro/portlibs/3ds/lib/libSDL.a(SDL_syssem.o)
                              /Users/andreuschmann/devkitPro/portlibs/3ds/lib/libSDL.a(SDL_thread.o) (SDL_CreateSemaphore)
/Users/andreuschmann/devkitPro/portlibs/3ds/lib/libSDL.a(SDL_systhread.o)
                              /Users/andreuschmann/devkitPro/portlibs/3ds/lib/libSDL.a(SDL_thread.o) (SDL_SYS_CreateThread)
/Users/andreuschmann/devkitPro/portlibs/3ds/lib/libSDL.a(SDL_n3dsevents.o)
                              /Users/andreuschmann/devkitPro/portlibs/3ds/lib/libSDL.a(SDL_n3dsaudio.o) (app_exiting)
/Users/andreuschmann/devkitPro/portlibs/3ds/lib/libSDL.a(SDL_n3dsvideo.o)
                              /Users/andreuschmann/devkitPro/portlibs/3ds/lib/libSDL.a(SDL_video.o) (N3DS_bootstrap)
/Users/andreuschmann/devkitPro/portlibs/3ds/lib/libSDL.a(SDL_active.o)
                              /Users/andreuschmann/devkitPro/portlibs/3ds/lib/libSDL.a(SDL_events.o) (SDL_AppActiveInit)
/Users/andreuschmann/devkitPro/portlibs/3ds/lib/libSDL.a(SDL_resize.o)
[...]
Memory Configuration

Name             Origin             Length             Attributes
*default*        0x0000000000000000 0xffffffffffffffff

Linker script and memory map

                0x0000000000100000                PROVIDE (__start__, 0x100000)
                0x0000000000100000                . = __start__

.text           0x0000000000100000    0x5f338
 *(.crt0)
 .crt0          0x0000000000100000       0x94 /Users/andreuschmann/devkitPro/devkitARM/bin/../lib/gcc/arm-none-eabi/7.1.0/../../../../arm-none-eabi/lib/armv6k/fpu/3dsx_crt0.o
                0x0000000000100000                _start
                0x0000000000100008                __service_ptr
                0x000000000010000c                __apt_appid
                0x0000000000100010                __heap_size
                0x0000000000100014                __linear_heap_size
                0x0000000000100018                __system_arglist
                0x000000000010001c                __system_runflags
 *(.init)
 .init          0x0000000000100094        0xc /Users/andreuschmann/devkitPro/devkitARM/bin/../lib/gcc/arm-none-eabi/7.1.0/armv6k/fpu/crti.o
                0x0000000000100094                _init
 .init          0x00000000001000a0        0xc /Users/andreuschmann/devkitPro/devkitARM/bin/../lib/gcc/arm-none-eabi/7.1.0/armv6k/fpu/crtn.o
                0x00000000001000ac                . = ALIGN (0x4)
 *(.text)
 .text          0x00000000001000ac       0x64 /Users/andreuschmann/devkitPro/libctru/lib/libctru.a(stack_adjust.o)
                0x00000000001000ac                initSystem
                0x00000000001000f0                __ctru_exit
 .text          0x0000000000100110      0x20c /Users/andreuschmann/devkitPro/devkitARM/bin/../lib/gcc/arm-none-eabi/7.1.0/armv6k/fpu/libgcc.a(_udivsi3.o)
                0x0000000000100110                __udivsi3
                0x0000000000100110                __aeabi_uidiv
                0x00000000001002fc                __aeabi_uidivmod
 .text          0x000000000010031c      0x240 /Users/andreuschmann/devkitPro/devkitARM/bin/../lib/gcc/arm-none-eabi/7.1.0/armv6k/fpu/libgcc.a(_divsi3.o)
                0x000000000010031c                __aeabi_idiv
                0x000000000010031c                __divsi3
                0x000000000010053c                __aeabi_idivmod
 .text          0x000000000010055c        0x4 /Users/andreuschmann/devkitPro/devkitARM/bin/../lib/gcc/arm-none-eabi/7.1.0/armv6k/fpu/libgcc.a(_dvmd_tls.o)
                0x000000000010055c                __aeabi_ldiv0
                0x000000000010055c                __aeabi_idiv0
 .text          0x0000000000100560       0x3c /Users/andreuschmann/devkitPro/devkitARM/bin/../lib/gcc/arm-none-eabi/7.1.0/armv6k/fpu/libgcc.a(_aeabi_uldivmod.o)
                0x0000000000100560                __aeabi_uldivmod
 .text          0x000000000010059c      0x1a8 /Users/andreuschmann/devkitPro/devkitARM/bin/../lib/gcc/arm-none-eabi/7.1.0/armv6k/fpu/libgcc.a(libunwind.o)
                0x000000000010059c                __restore_core_regs
                0x000000000010059c                restore_core_regs
                0x00000000001005b0                __gnu_Unwind_Restore_VFP
                0x00000000001005b8                __gnu_Unwind_Save_VFP
                0x00000000001005c0                __gnu_Unwind_Restore_VFP_D
                0x00000000001005c8                __gnu_Unwind_Save_VFP_D
                0x00000000001005d0                __gnu_Unwind_Restore_VFP_D_16_to_31
                0x00000000001005d8                __gnu_Unwind_Save_VFP_D_16_to_31
                0x00000000001005e0                __gnu_Unwind_Restore_WMMXD
                0x0000000000100624                __gnu_Unwind_Save_WMMXD
                0x0000000000100668                __gnu_Unwind_Restore_WMMXC
                0x000000000010067c                __gnu_Unwind_Save_WMMXC
                0x0000000000100690                _Unwind_RaiseException
                0x0000000000100690                ___Unwind_RaiseException
                0x00000000001006b4                ___Unwind_Resume
                0x00000000001006b4                _Unwind_Resume
                0x00000000001006d8                ___Unwind_Resume_or_Rethrow
                0x00000000001006d8                _Unwind_Resume_or_Rethrow
                0x00000000001006fc                _Unwind_ForcedUnwind
                0x00000000001006fc                ___Unwind_ForcedUnwind
                0x0000000000100720                _Unwind_Backtrace
                0x0000000000100720                ___Unwind_Backtrace
 *fill*         0x0000000000100744       0x1c 
 .text          0x0000000000100760      0x390 /Users/andreuschmann/devkitPro/devkitARM/bin/../lib/gcc/arm-none-eabi/7.1.0/../../../../arm-none-eabi/lib/armv6k/fpu/libg.a(lib_a-strcmp.o)
                0x0000000000100768                strcmp
 *(.text.*)
 .text.deregister_tm_clones
                0x0000000000100af0       0x2c /Users/andreuschmann/devkitPro/devkitARM/bin/../lib/gcc/arm-none-eabi/7.1.0/armv6k/fpu/crtbegin.o
 .text.register_tm_clones
                0x0000000000100b1c       0x38 /Users/andreuschmann/devkitPro/devkitARM/bin/../lib/gcc/arm-none-eabi/7.1.0/armv6k/fpu/crtbegin.o
 .text.__do_global_dtors_aux
                0x0000000000100b54       0x44 /Users/andreuschmann/devkitPro/devkitARM/bin/../lib/gcc/arm-none-eabi/7.1.0/armv6k/fpu/crtbegin.o
 .text.frame_dummy
                0x0000000000100b98       0x34 /Users/andreuschmann/devkitPro/devkitARM/bin/../lib/gcc/arm-none-eabi/7.1.0/armv6k/fpu/crtbegin.o
 .text._ZN3AppC2Ev
                0x0000000000100bcc       0x40 App.o
                0x0000000000100bcc                App::App()
                0x0000000000100bcc                App::App()
 .text._ZN3App11getInstanceEv
                0x0000000000100c0c       0x3c App.o
                0x0000000000100c0c                App::getInstance()
 .text._ZN3App4initEv
                0x0000000000100c48       0x70 App.o
                0x0000000000100c48                App::init()
 .text._ZN3App3runEv
                0x0000000000100cb8      0x134 App.o
                0x0000000000100cb8                App::run()
 .text._ZN3App15startControllerEP10Controller
                0x0000000000100dec       0x5c App.o
                0x0000000000100dec                App::startController(Controller*)
 .text._ZN12AssetManager9loadImageEPc
                0x0000000000100e48       0x54 AssetManager.o
                0x0000000000100e48                AssetManager::loadImage(char*)
 .text._ZN12AssetManager4initEv
                0x0000000000100e9c       0x1c AssetManager.o
                0x0000000000100e9c                AssetManager::init()
 .text._ZN10FileSystem12readTextFileEPKc
                0x0000000000100eb8       0xa4 FileSystem.o
                0x0000000000100eb8                FileSystem::readTextFile(char const*)
 .text._ZL10parse_hex4PKh
                0x0000000000100f5c       0x70 cJson.o
 .text._ZL22buffer_skip_whitespaceP12parse_buffer
                0x0000000000100fcc       0x78 cJson.o
 .text._ZL15get_object_itemPK5cJSONPKci
                0x0000000000101044       0xb4 cJson.o
 .text._ZL12parse_stringP5cJSONP12parse_buffer.isra.0
                0x00000000001010f8      0x4b8 cJson.o
 .text._ZL14cJSON_New_ItemPK14internal_hooks.isra.2
                0x00000000001015b0       0x2c cJson.o
 .text.cJSON_GetStringValue
                0x00000000001015dc       0x1c cJson.o
                0x00000000001015dc                cJSON_GetStringValue
 .text.cJSON_Delete
                0x00000000001015f8       0xa0 cJson.o
                0x00000000001015f8                cJSON_Delete
 .text._ZL11parse_valueP5cJSONP12parse_buffer
                0x0000000000101698      0x594 cJson.o
 .text.cJSON_ParseWithOpts
                0x0000000000101c2c      0x1c8 cJson.o
                0x0000000000101c2c                cJSON_ParseWithOpts
 .text.cJSON_Parse
                0x0000000000101df4        0xc cJson.o
                0x0000000000101df4                cJSON_Parse
 .text.cJSON_GetArraySize
                0x0000000000101e00       0x34 cJson.o
                0x0000000000101e00                cJSON_GetArraySize
 .text.cJSON_GetArrayItem
                0x0000000000101e34       0x4c cJson.o
                0x0000000000101e34                cJSON_GetArrayItem
 .text.cJSON_GetObjectItem
                0x0000000000101e80        0x8 cJson.o
                0x0000000000101e80                cJSON_GetObjectItem
 .text.cJSON_HasObjectItem
                0x0000000000101e88       0x18 cJson.o
                0x0000000000101e88                cJSON_HasObjectItem
 .text.cJSON_IsTrue
                0x0000000000101ea0       0x18 cJson.o
                0x0000000000101ea0                cJSON_IsTrue
 .text.cJSON_IsArray
                0x0000000000101eb8       0x18 cJson.o
                0x0000000000101eb8                cJSON_IsArray
 .text.cJSON_free
                0x0000000000101ed0       0x10 cJson.o
                0x0000000000101ed0                cJSON_free
 .text.startup.main
                0x0000000000101ee0       0x58 main.o
                0x0000000000101ee0                main
 .text._ZN8ColorRgb6fromXyEfff
                0x0000000000101f38      0x218 ColorRgb.o
                0x0000000000101f38                ColorRgb::fromXy(float, float, float)
 .text._ZN3HueC2Ev
                0x0000000000102150       0x24 Hue.o
                0x0000000000102150                Hue::Hue()
                0x0000000000102150                Hue::Hue()
 .text._ZN3Hue7setUserEPc
                0x0000000000102174        0x8 Hue.o
                0x0000000000102174                Hue::setUser(char*)
 .text._ZN3Hue15discoverByNupnpEv
                0x000000000010217c       0x74 Hue.o
                0x000000000010217c                Hue::discoverByNupnp()
 .text._ZN3Hue10setOnStateEPcb
                0x00000000001021f0       0x74 Hue.o
                0x00000000001021f0                Hue::setOnState(char*, bool)
 .text._ZN3Hue10setColorXyEPcdd
                0x0000000000102264       0x8c Hue.o
                0x0000000000102264                Hue::setColorXy(char*, double, double)
 .text._ZN3Hue11setColorRgbEPcddd
                0x00000000001022f0      0x1c4 Hue.o
                0x00000000001022f0                Hue::setColorRgb(char*, double, double, double)
 .text._ZNSt6vectorI5LightSaIS0_EE17_M_realloc_insertIJRKS0_EEEvN9__gnu_cxx17__normal_iteratorIPS0_S2_EEDpOT_
                0x00000000001024b4       0xf8 Hue.o
                0x00000000001024b4                void std::vector<Light, std::allocator<Light> >::_M_realloc_insert<Light const&>(__gnu_cxx::__normal_iterator<Light*, std::vector<Light, std::allocator<Light> > >, Light const&)
 .text._ZN3Hue9getLightsEv
                0x00000000001025ac       0xf0 Hue.o
                0x00000000001025ac                Hue::getLights()
 .text._ZN5Light8fromJsonEP5cJSON
                0x000000000010269c       0xcc Light.o
                0x000000000010269c                Light::fromJson(cJSON*)
 .text._ZN5State8fromJsonEP5cJSON
                0x0000000000102768      0x144 State.o
                0x0000000000102768                State::fromJson(cJSON*)
 .text._ZN10HttpClient17downloadRepsponseEP12httpcContext
                0x00000000001028ac       0x94 HttpClient.o
                0x00000000001028ac                HttpClient::downloadRepsponse(httpcContext*)
 .text._ZN10HttpClient3getEPKc
                0x0000000000102940       0xac HttpClient.o
                0x0000000000102940                HttpClient::get(char const*)
 .text._ZN10HttpClient3putEPKcS1_
                0x00000000001029ec       0xe0 HttpClient.o
                0x00000000001029ec                HttpClient::put(char const*, char const*)
 .text._ZN12HttpResponseC2EiPc
                0x0000000000102acc        0x8 HttpResponse.o
                0x0000000000102acc                HttpResponse::HttpResponse(int, char*)
                0x0000000000102acc                HttpResponse::HttpResponse(int, char*)
 .text._ZN12HttpResponseD2Ev
                0x0000000000102ad4       0x18 HttpResponse.o
                0x0000000000102ad4                HttpResponse::~HttpResponse()
                0x0000000000102ad4                HttpResponse::~HttpResponse()
 .text._ZN11ColorPicker11handleEventEP9SDL_Event
                0x0000000000102aec       0xa4 ColorPicker.o
                0x0000000000102aec                ColorPicker::handleEvent(SDL_Event*)
 .text._ZN11ColorPicker4drawEP11SDL_Surface
                0x0000000000102b90       0xc8 ColorPicker.o
                0x0000000000102b90                ColorPicker::draw(SDL_Surface*)
 .text._ZN11ColorPickerC2Eiiii
                0x0000000000102c58       0x48 ColorPicker.o
                0x0000000000102c58                ColorPicker::ColorPicker(int, int, int, int)
                0x0000000000102c58                ColorPicker::ColorPicker(int, int, int, int)
 .text._ZN11ColorPicker8getColorEPhS0_S0_
                0x0000000000102ca0       0x1c ColorPicker.o
                0x0000000000102ca0                ColorPicker::getColor(unsigned char*, unsigned char*, unsigned char*)
 .text._ZN13LightListItem4drawEP11SDL_Surface
                0x0000000000102cbc      0x144 LightListItem.o
                0x0000000000102cbc                LightListItem::draw(SDL_Surface*)
 .text._ZN13LightListItem11handleEventEP9SDL_Event
                0x0000000000102e00       0xb0 LightListItem.o
                0x0000000000102e00                LightListItem::handleEvent(SDL_Event*)
 .text._ZN13LightListItemC2EP5Lightiiii
                0x0000000000102eb0       0x78 LightListItem.o
                0x0000000000102eb0                LightListItem::LightListItem(Light*, int, int, int, int)
                0x0000000000102eb0                LightListItem::LightListItem(Light*, int, int, int, int)
 .text._ZN4View11handleEventEP9SDL_Event
                0x0000000000102f28        0x8 View.o
                0x0000000000102f28                View::handleEvent(SDL_Event*)
 .text._ZN4View4drawEP11SDL_Surface
                0x0000000000102f30       0x44 View.o
                0x0000000000102f30                View::draw(SDL_Surface*)
 .text._ZN4ViewC2Eiiii
                0x0000000000102f74       0x24 View.o
                0x0000000000102f74                View::View(int, int, int, int)
                0x0000000000102f74                View::View(int, int, int, int)
 .text._ZN4View9isClickedEP20SDL_MouseButtonEvent
                0x0000000000102f98       0x50 View.o
                0x0000000000102f98                View::isClicked(SDL_MouseButtonEvent*)
 .text._ZN4View4setYEi
                0x0000000000102fe8        0x8 View.o
                0x0000000000102fe8                View::setY(int)
 .text._ZN10Controller8onCreateEP3App
                0x0000000000102ff0        0x8 Controller.o
                0x0000000000102ff0                Controller::onCreate(App*)
 .text._ZN20LightColorController8onCreateEP3App
                0x0000000000102ff8        0x4 LightColorController.o
                0x0000000000102ff8                LightColorController::onCreate(App*)
 .text._ZN20LightColorController6onDrawEP11SDL_Surface
                0x0000000000102ffc       0x10 LightColorController.o
                0x0000000000102ffc                LightColorController::onDraw(SDL_Surface*)
 .text._ZN20LightColorController8onRemoveEv
                0x000000000010300c        0x4 LightColorController.o
                0x000000000010300c                LightColorController::onRemove()
 .text._ZN20LightColorController7onEventEP9SDL_Event
                0x0000000000103010      0x118 LightColorController.o
                0x0000000000103010                LightColorController::onEvent(SDL_Event*)
 .text._ZN20LightColorControllerC2EP5Light
                0x0000000000103128       0x50 LightColorController.o
                0x0000000000103128                LightColorController::LightColorController(Light*)
                0x0000000000103128                LightColorController::LightColorController(Light*)
 .text._ZN19LightListController7onEventEP9SDL_Event
                0x0000000000103178      0x104 LightListController.o
                0x0000000000103178                LightListController::onEvent(SDL_Event*)
 .text._ZN19LightListController6onDrawEP11SDL_Surface
                0x000000000010327c       0x7c LightListController.o
                0x000000000010327c                LightListController::onDraw(SDL_Surface*)
 .text._ZN19LightListController8onRemoveEv
                0x00000000001032f8        0xc LightListController.o
                0x00000000001032f8                LightListController::onRemove()
 .text._ZNSt6vectorIP13LightListItemSaIS1_EE17_M_realloc_insertIJS1_EEEvN9__gnu_cxx17__normal_iteratorIPS1_S3_EEDpOT_
                0x0000000000103304       0xf4 LightListController.o
                0x0000000000103304                void std::vector<LightListItem*, std::allocator<LightListItem*> >::_M_realloc_insert<LightListItem*>(__gnu_cxx::__normal_iterator<LightListItem**, std::vector<LightListItem*, std::allocator<LightListItem*> > >, LightListItem*&&)
 .text._ZN19LightListController8onCreateEP3App
                0x00000000001033f8       0xe4 LightListController.o
                0x00000000001033f8                LightListController::onCreate(App*)
 .text._gfxPrimitivesCompareInt
                0x00000000001034dc       0x10 SDL_gfxPrimitives.o
                0x00000000001034dc                _gfxPrimitivesCompareInt
 .text._clipLine.isra.0
                0x00000000001034ec      0x238 SDL_gfxPrimitives.o
 .text.fastPixelColorNolock
                0x0000000000103724       0xb4 SDL_gfxPrimitives.o
                0x0000000000103724                fastPixelColorNolock
 .text._putPixelAlpha
                0x00000000001037d8      0x368 SDL_gfxPrimitives.o
                0x00000000001037d8                _putPixelAlpha
 .text.pixelColor
                0x0000000000103b40       0xc0 SDL_gfxPrimitives.o
                0x0000000000103b40                pixelColor
 .text.pixelColorNolock
                0x0000000000103c00       0x5c SDL_gfxPrimitives.o
                0x0000000000103c00                pixelColorNolock
 .text._filledRectAlpha
                0x0000000000103c5c      0x5d4 SDL_gfxPrimitives.o
                0x0000000000103c5c                _filledRectAlpha
 .text.filledRectAlpha
                0x0000000000104230       0xcc SDL_gfxPrimitives.o
                0x0000000000104230                filledRectAlpha
 .text.hlineColor
                0x00000000001042fc      0x22c SDL_gfxPrimitives.o
                0x00000000001042fc                hlineColor
 .text.vlineColor
                0x0000000000104528      0x22c SDL_gfxPrimitives.o
                0x0000000000104528                vlineColor
 .text.rectangleColor
                0x0000000000104754      0x158 SDL_gfxPrimitives.o
                0x0000000000104754                rectangleColor
 .text.boxColor
                0x00000000001048ac      0x334 SDL_gfxPrimitives.o
                0x00000000001048ac                boxColor
 .text.boxRGBA  0x0000000000104be0       0x34 SDL_gfxPrimitives.o
                0x0000000000104be0                boxRGBA
 .text.lineColor
                0x0000000000104c14      0x490 SDL_gfxPrimitives.o
                0x0000000000104c14                lineColor
 .text.polygonColor.part.3
                0x00000000001050a4       0xa0 SDL_gfxPrimitives.o
 .text.circleColor
                0x0000000000105144      0x630 SDL_gfxPrimitives.o
                0x0000000000105144                circleColor
 .text.filledCircleColor
                0x0000000000105774      0x2e8 SDL_gfxPrimitives.o
                0x0000000000105774                filledCircleColor
 .text.filledCircleRGBA
                0x0000000000105a5c       0x2c SDL_gfxPrimitives.o
                0x0000000000105a5c                filledCircleRGBA
 .text.polygonColor
                0x0000000000105a88       0x6c SDL_gfxPrimitives.o
                0x0000000000105a88                polygonColor
 .text.filledPolygonColorMT
                0x0000000000105af4      0x354 SDL_gfxPrimitives.o
                0x0000000000105af4                filledPolygonColorMT
 .text._pieColor
                0x0000000000105e48      0x344 SDL_gfxPrimitives.o
                0x0000000000105e48                _pieColor
 .text.roundedBoxColor
                0x000000000010618c      0x2ec SDL_gfxPrimitives.o
                0x000000000010618c                roundedBoxColor
 .text.characterColor
                0x0000000000106478      0x22c SDL_gfxPrimitives.o
                0x0000000000106478                characterColor
 .text.stringColor
                0x00000000001066a4       0xd0 SDL_gfxPrimitives.o
                0x00000000001066a4                stringColor
 .text.rotateSurface90Degrees
                0x0000000000106774      0x360 SDL_rotozoom.o
                0x0000000000106774                rotateSurface90Degrees
 .text.SDL_Init
                0x0000000000106ad4      0x16c /Users/andreuschmann/devkitPro/portlibs/3ds/lib/libSDL.a(SDL.o)
                0x0000000000106ad4                SDL_Init
 .text.SDL_Quit
                0x0000000000106c40       0x84 /Users/andreuschmann/devkitPro/portlibs/3ds/lib/libSDL.a(SDL.o)
                0x0000000000106c40                SDL_Quit
 .text.SDL_SetError
                0x0000000000106cc4      0x1cc /Users/andreuschmann/devkitPro/portlibs/3ds/lib/libSDL.a(SDL_error.o)
                0x0000000000106cc4                SDL_SetError
 .text.SDL_GetErrorMsg
                0x0000000000106e90      0x2c4 /Users/andreuschmann/devkitPro/portlibs/3ds/lib/libSDL.a(SDL_error.o)
                0x0000000000106e90                SDL_GetErrorMsg
 .text.SDL_GetError
                0x0000000000107154       0x10 /Users/andreuschmann/devkitPro/portlibs/3ds/lib/libSDL.a(SDL_error.o)
                0x0000000000107154                SDL_GetError
 .text.SDL_ClearError
                0x0000000000107164       0x14 /Users/andreuschmann/devkitPro/portlibs/3ds/lib/libSDL.a(SDL_error.o)
                0x0000000000107164                SDL_ClearError
 .text.SDL_Error
                0x0000000000107178       0x58 /Users/andreuschmann/devkitPro/portlibs/3ds/lib/libSDL.a(SDL_error.o)
                0x0000000000107178                SDL_Error
 .text.SDL_Parachute
                0x00000000001071d0       0x20 /Users/andreuschmann/devkitPro/portlibs/3ds/lib/libSDL.a(SDL_fatal.o)
 .text.SDL_InstallParachute
                0x00000000001071f0       0x44 /Users/andreuschmann/devkitPro/portlibs/3ds/lib/libSDL.a(SDL_fatal.o)
                0x00000000001071f0                SDL_InstallParachute
 .text.SDL_UninstallParachute
                0x0000000000107234       0x4c /Users/andreuschmann/devkitPro/portlibs/3ds/lib/libSDL.a(SDL_fatal.o)
                0x0000000000107234                SDL_UninstallParachute
 .text.SDL_LockAudio_Default
                0x0000000000107280       0x34 /Users/andreuschmann/devkitPro/portlibs/3ds/lib/libSDL.a(SDL_audio.o)
 .text.SDL_UnlockAudio_Default
                0x00000000001072b4       0x34 /Users/andreuschmann/devkitPro/portlibs/3ds/lib/libSDL.a(SDL_audio.o)
 .text.SDL_AudioQuit
                0x00000000001072e8       0xac /Users/andreuschmann/devkitPro/portlibs/3ds/lib/libSDL.a(SDL_audio.o)
                0x00000000001072e8                SDL_AudioQuit
 .text.SDL_AudioInit
                0x0000000000107394       0xe8 /Users/andreuschmann/devkitPro/portlibs/3ds/lib/libSDL.a(SDL_audio.o)
                0x0000000000107394                SDL_AudioInit
 .text.SDL_FirstAudioFormat
                0x000000000010747c       0xac /Users/andreuschmann/devkitPro/portlibs/3ds/lib/libSDL.a(SDL_audio.o)
                0x000000000010747c                SDL_FirstAudioFormat
 .text.SDL_NextAudioFormat
                0x0000000000107528       0x54 /Users/andreuschmann/devkitPro/portlibs/3ds/lib/libSDL.a(SDL_audio.o)
                0x0000000000107528                SDL_NextAudioFormat
 .text.SDL_CalculateAudioSpec
                0x000000000010757c       0x34 /Users/andreuschmann/devkitPro/portlibs/3ds/lib/libSDL.a(SDL_audio.o)
                0x000000000010757c                SDL_CalculateAudioSpec
 .text.SDL_HasMMX
                0x00000000001075b0       0x4c /Users/andreuschmann/devkitPro/portlibs/3ds/lib/libSDL.a(SDL_cpuinfo.o)
                0x00000000001075b0                SDL_HasMMX
 .text.SDL_GobbleEvents
                0x00000000001075fc       0xec /Users/andreuschmann/devkitPro/portlibs/3ds/lib/libSDL.a(SDL_events.o)
 .text.SDL_Lock_EventThread
                0x00000000001076e8       0x68 /Users/andreuschmann/devkitPro/portlibs/3ds/lib/libSDL.a(SDL_events.o)
                0x00000000001076e8                SDL_Lock_EventThread
 .text.SDL_Unlock_EventThread
                0x0000000000107750       0x44 /Users/andreuschmann/devkitPro/portlibs/3ds/lib/libSDL.a(SDL_events.o)
                0x0000000000107750                SDL_Unlock_EventThread
 .text.SDL_StopEventLoop
                0x0000000000107794       0x78 /Users/andreuschmann/devkitPro/portlibs/3ds/lib/libSDL.a(SDL_events.o)
                0x0000000000107794                SDL_StopEventLoop
 .text.SDL_StartEventLoop
                0x000000000010780c      0x1a4 /Users/andreuschmann/devkitPro/portlibs/3ds/lib/libSDL.a(SDL_events.o)
                0x000000000010780c                SDL_StartEventLoop
 .text.SDL_PeepEvents
                0x00000000001079b0      0x2a4 /Users/andreuschmann/devkitPro/portlibs/3ds/lib/libSDL.a(SDL_events.o)
                0x00000000001079b0                SDL_PeepEvents
 .text.SDL_PollEvent
                0x0000000000107c54      0x1e8 /Users/andreuschmann/devkitPro/portlibs/3ds/lib/libSDL.a(SDL_events.o)
                0x0000000000107c54                SDL_PollEvent
 .text.SDL_PushEvent
                0x0000000000107e3c       0xe8 /Users/andreuschmann/devkitPro/portlibs/3ds/lib/libSDL.a(SDL_events.o)
                0x0000000000107e3c                SDL_PushEvent
 .text.SDL_KeyboardInit
                0x0000000000107f24      0xbb8 /Users/andreuschmann/devkitPro/portlibs/3ds/lib/libSDL.a(SDL_keyboard.o)
                0x0000000000107f24                SDL_KeyboardInit
 .text.SDL_KeyboardQuit
                0x0000000000108adc        0x4 /Users/andreuschmann/devkitPro/portlibs/3ds/lib/libSDL.a(SDL_keyboard.o)
                0x0000000000108adc                SDL_KeyboardQuit
 .text.SDL_ResetKeyboard
                0x0000000000108ae0      0x20c /Users/andreuschmann/devkitPro/portlibs/3ds/lib/libSDL.a(SDL_keyboard.o)
                0x0000000000108ae0                SDL_ResetKeyboard
 .text.SDL_PrivateKeyboard
                0x0000000000108cec      0x37c /Users/andreuschmann/devkitPro/portlibs/3ds/lib/libSDL.a(SDL_keyboard.o)
                0x0000000000108cec                SDL_PrivateKeyboard
 .text.SDL_CheckKeyRepeat
                0x0000000000109068       0x90 /Users/andreuschmann/devkitPro/portlibs/3ds/lib/libSDL.a(SDL_keyboard.o)
                0x0000000000109068                SDL_CheckKeyRepeat
 .text.SDL_MouseInit
                0x00000000001090f8       0x60 /Users/andreuschmann/devkitPro/portlibs/3ds/lib/libSDL.a(SDL_mouse.o)
                0x00000000001090f8                SDL_MouseInit
 .text.SDL_MouseQuit
                0x0000000000109158        0x4 /Users/andreuschmann/devkitPro/portlibs/3ds/lib/libSDL.a(SDL_mouse.o)
                0x0000000000109158                SDL_MouseQuit
 .text.SDL_ResetMouse
                0x000000000010915c      0x3f4 /Users/andreuschmann/devkitPro/portlibs/3ds/lib/libSDL.a(SDL_mouse.o)
                0x000000000010915c                SDL_ResetMouse
 .text.SDL_GetMouseState
                0x0000000000109550       0x38 /Users/andreuschmann/devkitPro/portlibs/3ds/lib/libSDL.a(SDL_mouse.o)
                0x0000000000109550                SDL_GetMouseState
 .text.SDL_GetRelativeMouseState
                0x0000000000109588       0x44 /Users/andreuschmann/devkitPro/portlibs/3ds/lib/libSDL.a(SDL_mouse.o)
                0x0000000000109588                SDL_GetRelativeMouseState
 .text.SDL_SetMouseRange
                0x00000000001095cc       0x1c /Users/andreuschmann/devkitPro/portlibs/3ds/lib/libSDL.a(SDL_mouse.o)
                0x00000000001095cc                SDL_SetMouseRange
 .text.SDL_PrivateMouseMotion
                0x00000000001095e8      0x20c /Users/andreuschmann/devkitPro/portlibs/3ds/lib/libSDL.a(SDL_mouse.o)
                0x00000000001095e8                SDL_PrivateMouseMotion
 .text.SDL_PrivateMouseButton
                0x00000000001097f4      0x22c /Users/andreuschmann/devkitPro/portlibs/3ds/lib/libSDL.a(SDL_mouse.o)
                0x00000000001097f4                SDL_PrivateMouseButton
 .text.SDL_HandleSIG
                0x0000000000109a20       0x70 /Users/andreuschmann/devkitPro/portlibs/3ds/lib/libSDL.a(SDL_quit.o)
 .text.SDL_QuitInit
                0x0000000000109a90       0x48 /Users/andreuschmann/devkitPro/portlibs/3ds/lib/libSDL.a(SDL_quit.o)
                0x0000000000109a90                SDL_QuitInit
 .text.SDL_QuitQuit
                0x0000000000109ad8       0x50 /Users/andreuschmann/devkitPro/portlibs/3ds/lib/libSDL.a(SDL_quit.o)
                0x0000000000109ad8                SDL_QuitQuit
 .text.stdio_write
                0x0000000000109b28       0x4c /Users/andreuschmann/devkitPro/portlibs/3ds/lib/libSDL.a(SDL_rwops.o)
 .text.stdio_read
                0x0000000000109b74       0x4c /Users/andreuschmann/devkitPro/portlibs/3ds/lib/libSDL.a(SDL_rwops.o)
 .text.stdio_seek
                0x0000000000109bc0       0x4c /Users/andreuschmann/devkitPro/portlibs/3ds/lib/libSDL.a(SDL_rwops.o)
 .text.stdio_close
                0x0000000000109c0c       0x34 /Users/andreuschmann/devkitPro/portlibs/3ds/lib/libSDL.a(SDL_rwops.o)
 .text.SDL_RWFromFile
                0x0000000000109c40       0xb4 /Users/andreuschmann/devkitPro/portlibs/3ds/lib/libSDL.a(SDL_rwops.o)
                0x0000000000109c40                SDL_RWFromFile
 .text.SDL_ReadLE16
                0x0000000000109cf4       0x28 /Users/andreuschmann/devkitPro/portlibs/3ds/lib/libSDL.a(SDL_rwops.o)
                0x0000000000109cf4                SDL_ReadLE16
 .text.SDL_ReadLE32
                0x0000000000109d1c       0x28 /Users/andreuschmann/devkitPro/portlibs/3ds/lib/libSDL.a(SDL_rwops.o)
                0x0000000000109d1c                SDL_ReadLE32
 .text.SDL_GetErrBuf
                0x0000000000109d44       0xa8 /Users/andreuschmann/devkitPro/portlibs/3ds/lib/libSDL.a(SDL_thread.o)
                0x0000000000109d44                SDL_GetErrBuf
 .text.SDL_RunThread
                0x0000000000109dec       0x3c /Users/andreuschmann/devkitPro/portlibs/3ds/lib/libSDL.a(SDL_thread.o)
                0x0000000000109dec                SDL_RunThread
 .text.SDL_CreateThread
                0x0000000000109e28      0x238 /Users/andreuschmann/devkitPro/portlibs/3ds/lib/libSDL.a(SDL_thread.o)
                0x0000000000109e28                SDL_CreateThread
 .text.SDL_WaitThread
                0x000000000010a060      0x10c /Users/andreuschmann/devkitPro/portlibs/3ds/lib/libSDL.a(SDL_thread.o)
                0x000000000010a060                SDL_WaitThread
 .text.SDL_SetTimerThreaded
                0x000000000010a16c       0x44 /Users/andreuschmann/devkitPro/portlibs/3ds/lib/libSDL.a(SDL_timer.o)
                0x000000000010a16c                SDL_SetTimerThreaded
 .text.SDL_TimerQuit
                0x000000000010a1b0      0x110 /Users/andreuschmann/devkitPro/portlibs/3ds/lib/libSDL.a(SDL_timer.o)
                0x000000000010a1b0                SDL_TimerQuit
 .text.SDL_TimerInit
                0x000000000010a2c0       0x74 /Users/andreuschmann/devkitPro/portlibs/3ds/lib/libSDL.a(SDL_timer.o)
                0x000000000010a2c0                SDL_TimerInit
 .text.SDL_ThreadedTimerCheck
                0x000000000010a334      0x134 /Users/andreuschmann/devkitPro/portlibs/3ds/lib/libSDL.a(SDL_timer.o)
                0x000000000010a334                SDL_ThreadedTimerCheck
 .text.SDL_LoadBMP_RW
                0x000000000010a468      0x738 /Users/andreuschmann/devkitPro/portlibs/3ds/lib/libSDL.a(SDL_bmp.o)
                0x000000000010a468                SDL_LoadBMP_RW
 .text.SDL_DrawCursorNoLock
                0x000000000010aba0      0xa5c /Users/andreuschmann/devkitPro/portlibs/3ds/lib/libSDL.a(SDL_cursor.o)
                0x000000000010aba0                SDL_DrawCursorNoLock
 .text.SDL_DrawCursor
                0x000000000010b5fc      0x180 /Users/andreuschmann/devkitPro/portlibs/3ds/lib/libSDL.a(SDL_cursor.o)
                0x000000000010b5fc                SDL_DrawCursor
 .text.SDL_EraseCursor
                0x000000000010b77c      0x358 /Users/andreuschmann/devkitPro/portlibs/3ds/lib/libSDL.a(SDL_cursor.o)
                0x000000000010b77c                SDL_EraseCursor
 .text.SDL_SetCursor
                0x000000000010bad4      0x1bc /Users/andreuschmann/devkitPro/portlibs/3ds/lib/libSDL.a(SDL_cursor.o)
                0x000000000010bad4                SDL_SetCursor
 .text.SDL_FreeCursor
                0x000000000010bc90       0xa0 /Users/andreuschmann/devkitPro/portlibs/3ds/lib/libSDL.a(SDL_cursor.o)
                0x000000000010bc90                SDL_FreeCursor
 .text.SDL_CursorInit
                0x000000000010bd30      0x180 /Users/andreuschmann/devkitPro/portlibs/3ds/lib/libSDL.a(SDL_cursor.o)
                0x000000000010bd30                SDL_CursorInit
 .text.SDL_CursorQuit
                0x000000000010beb0      0x154 /Users/andreuschmann/devkitPro/portlibs/3ds/lib/libSDL.a(SDL_cursor.o)
                0x000000000010beb0                SDL_CursorQuit
 .text.SDL_MoveCursor
                0x000000000010c004       0xbc /Users/andreuschmann/devkitPro/portlibs/3ds/lib/libSDL.a(SDL_cursor.o)
                0x000000000010c004                SDL_MoveCursor
 .text.SDL_ShowCursor
                0x000000000010c0c0      0x1c0 /Users/andreuschmann/devkitPro/portlibs/3ds/lib/libSDL.a(SDL_cursor.o)
                0x000000000010c0c0                SDL_ShowCursor
 .text.SDL_ResetCursor
                0x000000000010c280       0x34 /Users/andreuschmann/devkitPro/portlibs/3ds/lib/libSDL.a(SDL_cursor.o)
                0x000000000010c280                SDL_ResetCursor
 .text.Map1to1  0x000000000010c2b4      0x12c /Users/andreuschmann/devkitPro/portlibs/3ds/lib/libSDL.a(SDL_pixels.o)
 .text.MapNto1.isra.2
                0x000000000010c3e0       0xa4 /Users/andreuschmann/devkitPro/portlibs/3ds/lib/libSDL.a(SDL_pixels.o)
 .text.SDL_AllocFormat
                0x000000000010c484      0x5a8 /Users/andreuschmann/devkitPro/portlibs/3ds/lib/libSDL.a(SDL_pixels.o)
                0x000000000010c484                SDL_AllocFormat
 .text.SDL_ReallocFormat
                0x000000000010ca2c       0xd0 /Users/andreuschmann/devkitPro/portlibs/3ds/lib/libSDL.a(SDL_pixels.o)
                0x000000000010ca2c                SDL_ReallocFormat
 .text.SDL_FormatChanged
                0x000000000010cafc       0x5c /Users/andreuschmann/devkitPro/portlibs/3ds/lib/libSDL.a(SDL_pixels.o)
                0x000000000010cafc                SDL_FormatChanged
 .text.SDL_FreeFormat
                0x000000000010cb58       0x40 /Users/andreuschmann/devkitPro/portlibs/3ds/lib/libSDL.a(SDL_pixels.o)
                0x000000000010cb58                SDL_FreeFormat
 .text.SDL_DitherColors
                0x000000000010cb98       0x60 /Users/andreuschmann/devkitPro/portlibs/3ds/lib/libSDL.a(SDL_pixels.o)
                0x000000000010cb98                SDL_DitherColors
 .text.SDL_CalculatePitch
                0x000000000010cbf8       0x54 /Users/andreuschmann/devkitPro/portlibs/3ds/lib/libSDL.a(SDL_pixels.o)
                0x000000000010cbf8                SDL_CalculatePitch
 .text.SDL_MapRGB
                0x000000000010cc4c       0xbc /Users/andreuschmann/devkitPro/portlibs/3ds/lib/libSDL.a(SDL_pixels.o)
                0x000000000010cc4c                SDL_MapRGB
 .text.SDL_MapRGBA
                0x000000000010cd08       0xd0 /Users/andreuschmann/devkitPro/portlibs/3ds/lib/libSDL.a(SDL_pixels.o)
                0x000000000010cd08                SDL_MapRGBA
 .text.SDL_GetRGB
                0x000000000010cdd8       0xd0 /Users/andreuschmann/devkitPro/portlibs/3ds/lib/libSDL.a(SDL_pixels.o)
                0x000000000010cdd8                SDL_GetRGB
 .text.SDL_AllocBlitMap
                0x000000000010cea8       0x8c /Users/andreuschmann/devkitPro/portlibs/3ds/lib/libSDL.a(SDL_pixels.o)
                0x000000000010cea8                SDL_AllocBlitMap
 .text.SDL_InvalidateMap
                0x000000000010cf34       0x34 /Users/andreuschmann/devkitPro/portlibs/3ds/lib/libSDL.a(SDL_pixels.o)
                0x000000000010cf34                SDL_InvalidateMap
 .text.SDL_MapSurface
                0x000000000010cf68      0x32c /Users/andreuschmann/devkitPro/portlibs/3ds/lib/libSDL.a(SDL_pixels.o)
                0x000000000010cf68                SDL_MapSurface
 .text.SDL_FreeBlitMap
                0x000000000010d294       0x4c /Users/andreuschmann/devkitPro/portlibs/3ds/lib/libSDL.a(SDL_pixels.o)
                0x000000000010d294                SDL_FreeBlitMap
 .text.SDL_SetColorKey
                0x000000000010d2e0      0x108 /Users/andreuschmann/devkitPro/portlibs/3ds/lib/libSDL.a(SDL_surface.o)
                0x000000000010d2e0                SDL_SetColorKey
 .text.SDL_SetAlpha
                0x000000000010d3e8      0x18c /Users/andreuschmann/devkitPro/portlibs/3ds/lib/libSDL.a(SDL_surface.o)
                0x000000000010d3e8                SDL_SetAlpha
 .text.SDL_SetClipRect
                0x000000000010d574       0xac /Users/andreuschmann/devkitPro/portlibs/3ds/lib/libSDL.a(SDL_surface.o)
                0x000000000010d574                SDL_SetClipRect
 .text.SDL_LowerBlit
                0x000000000010d620      0x120 /Users/andreuschmann/devkitPro/portlibs/3ds/lib/libSDL.a(SDL_surface.o)
                0x000000000010d620                SDL_LowerBlit
 .text.SDL_UpperBlit
                0x000000000010d740      0x1c8 /Users/andreuschmann/devkitPro/portlibs/3ds/lib/libSDL.a(SDL_surface.o)
                0x000000000010d740                SDL_UpperBlit
 .text.SDL_FillRect
                0x000000000010d908      0x554 /Users/andreuschmann/devkitPro/portlibs/3ds/lib/libSDL.a(SDL_surface.o)
                0x000000000010d908                SDL_FillRect
 .text.SDL_LockSurface
                0x000000000010de5c       0x9c /Users/andreuschmann/devkitPro/portlibs/3ds/lib/libSDL.a(SDL_surface.o)
                0x000000000010de5c                SDL_LockSurface
 .text.SDL_UnlockSurface
                0x000000000010def8       0x64 /Users/andreuschmann/devkitPro/portlibs/3ds/lib/libSDL.a(SDL_surface.o)
                0x000000000010def8                SDL_UnlockSurface
 .text.SDL_FreeSurface
                0x000000000010df5c      0x14c /Users/andreuschmann/devkitPro/portlibs/3ds/lib/libSDL.a(SDL_surface.o)
                0x000000000010df5c                SDL_FreeSurface
 .text.SDL_CreateRGBSurface
                0x000000000010e0a8      0x24c /Users/andreuschmann/devkitPro/portlibs/3ds/lib/libSDL.a(SDL_surface.o)
                0x000000000010e0a8                SDL_CreateRGBSurface
 .text.SDL_ConvertSurface
                0x000000000010e2f4      0x378 /Users/andreuschmann/devkitPro/portlibs/3ds/lib/libSDL.a(SDL_surface.o)
                0x000000000010e2f4                SDL_ConvertSurface
 .text.SDL_GetVideoInfo
                0x000000000010e66c       0x18 /Users/andreuschmann/devkitPro/portlibs/3ds/lib/libSDL.a(SDL_video.o)
                0x000000000010e66c                SDL_GetVideoInfo
 .text.SDL_VideoModeOK
                0x000000000010e684      0x164 /Users/andreuschmann/devkitPro/portlibs/3ds/lib/libSDL.a(SDL_video.o)
                0x000000000010e684                SDL_VideoModeOK
 .text.SDL_DisplayFormat
                0x000000000010e7e8       0x5c /Users/andreuschmann/devkitPro/portlibs/3ds/lib/libSDL.a(SDL_video.o)
                0x000000000010e7e8                SDL_DisplayFormat
 .text.SDL_Flip
                0x000000000010e844      0x2e0 /Users/andreuschmann/devkitPro/portlibs/3ds/lib/libSDL.a(SDL_video.o)
                0x000000000010e844                SDL_Flip
 .text.SDL_VideoQuit
                0x000000000010eb24      0x160 /Users/andreuschmann/devkitPro/portlibs/3ds/lib/libSDL.a(SDL_video.o)
                0x000000000010eb24                SDL_VideoQuit
 .text.SDL_VideoInit
                0x000000000010ec84      0x20c /Users/andreuschmann/devkitPro/portlibs/3ds/lib/libSDL.a(SDL_video.o)
                0x000000000010ec84                SDL_VideoInit
 .text.SDL_WM_GrabInput
                0x000000000010ee90       0xf0 /Users/andreuschmann/devkitPro/portlibs/3ds/lib/libSDL.a(SDL_video.o)
                0x000000000010ee90                SDL_WM_GrabInput
 .text.SDL_SetVideoMode
                0x000000000010ef80      0x840 /Users/andreuschmann/devkitPro/portlibs/3ds/lib/libSDL.a(SDL_video.o)
                0x000000000010ef80                SDL_SetVideoMode
 .text.SDL_JoystickClose.part.1
                0x000000000010f7c0       0xe8 /Users/andreuschmann/devkitPro/portlibs/3ds/lib/libSDL.a(SDL_joystick.o)
 .text.SDL_JoystickInit
                0x000000000010f8a8       0x68 /Users/andreuschmann/devkitPro/portlibs/3ds/lib/libSDL.a(SDL_joystick.o)
                0x000000000010f8a8                SDL_JoystickInit
 .text.SDL_JoystickQuit
                0x000000000010f910       0xa4 /Users/andreuschmann/devkitPro/portlibs/3ds/lib/libSDL.a(SDL_joystick.o)
                0x000000000010f910                SDL_JoystickQuit
 .text.SDL_PrivateJoystickAxis
                0x000000000010f9b4       0x9c /Users/andreuschmann/devkitPro/portlibs/3ds/lib/libSDL.a(SDL_joystick.o)
                0x000000000010f9b4                SDL_PrivateJoystickAxis
 .text.SDL_PrivateJoystickButton
                0x000000000010fa50       0xac /Users/andreuschmann/devkitPro/portlibs/3ds/lib/libSDL.a(SDL_joystick.o)
                0x000000000010fa50                SDL_PrivateJoystickButton
 .text.SDL_JoystickUpdate
                0x000000000010fafc       0x3c /Users/andreuschmann/devkitPro/portlibs/3ds/lib/libSDL.a(SDL_joystick.o)
                0x000000000010fafc                SDL_JoystickUpdate
 .text.SDL_StartTicks
                0x000000000010fb38       0x10 /Users/andreuschmann/devkitPro/portlibs/3ds/lib/libSDL.a(SDL_systimer.o)
                0x000000000010fb38                SDL_StartTicks
 .text.SDL_GetTicks
                0x000000000010fb48       0x58 /Users/andreuschmann/devkitPro/portlibs/3ds/lib/libSDL.a(SDL_systimer.o)
                0x000000000010fb48                SDL_GetTicks
 .text.SDL_Delay
                0x000000000010fba0       0x10 /Users/andreuschmann/devkitPro/portlibs/3ds/lib/libSDL.a(SDL_systimer.o)
                0x000000000010fba0                SDL_Delay
 .text.SDL_SYS_TimerInit
                0x000000000010fbb0        0x8 /Users/andreuschmann/devkitPro/portlibs/3ds/lib/libSDL.a(SDL_systimer.o)
                0x000000000010fbb0                SDL_SYS_TimerInit
 .text.SDL_SYS_TimerQuit
                0x000000000010fbb8        0x4 /Users/andreuschmann/devkitPro/portlibs/3ds/lib/libSDL.a(SDL_systimer.o)
                0x000000000010fbb8                SDL_SYS_TimerQuit
 .text.SDL_SYS_StopTimer
                0x000000000010fbbc        0x4 /Users/andreuschmann/devkitPro/portlibs/3ds/lib/libSDL.a(SDL_systimer.o)
                0x000000000010fbbc                SDL_SYS_StopTimer
 .text.N3DSAUD_Available
                0x000000000010fbc0        0x8 /Users/andreuschmann/devkitPro/portlibs/3ds/lib/libSDL.a(SDL_n3dsaudio.o)
 .text.N3DSAUD_GetAudioBuf
                0x000000000010fbc8        0xc /Users/andreuschmann/devkitPro/portlibs/3ds/lib/libSDL.a(SDL_n3dsaudio.o)
 .text.N3DSAUD_CreateDevice
                0x000000000010fbd4       0xa8 /Users/andreuschmann/devkitPro/portlibs/3ds/lib/libSDL.a(SDL_n3dsaudio.o)
 .text.N3DSAUD_CloseAudio
                0x000000000010fc7c       0x40 /Users/andreuschmann/devkitPro/portlibs/3ds/lib/libSDL.a(SDL_n3dsaudio.o)
 .text.N3DSAUD_DeleteDevice
                0x000000000010fcbc       0x48 /Users/andreuschmann/devkitPro/portlibs/3ds/lib/libSDL.a(SDL_n3dsaudio.o)
 .text.N3DSAUD_OpenAudio
                0x000000000010fd04      0x258 /Users/andreuschmann/devkitPro/portlibs/3ds/lib/libSDL.a(SDL_n3dsaudio.o)
 .text.N3DSAUD_PlayAudio
                0x000000000010ff5c       0xa4 /Users/andreuschmann/devkitPro/portlibs/3ds/lib/libSDL.a(SDL_n3dsaudio.o)
 .text.N3DSAUD_WaitAudio
                0x0000000000110000       0x88 /Users/andreuschmann/devkitPro/portlibs/3ds/lib/libSDL.a(SDL_n3dsaudio.o)
 .text.SDL_SYS_JoystickInit
                0x0000000000110088       0x18 /Users/andreuschmann/devkitPro/portlibs/3ds/lib/libSDL.a(SDL_sysjoystick.o)
                0x0000000000110088                SDL_SYS_JoystickInit
 .text.SDL_SYS_JoystickUpdate
                0x00000000001100a0      0x2cc /Users/andreuschmann/devkitPro/portlibs/3ds/lib/libSDL.a(SDL_sysjoystick.o)
                0x00000000001100a0                SDL_SYS_JoystickUpdate
 .text.SDL_SYS_JoystickClose
                0x000000000011036c        0x4 /Users/andreuschmann/devkitPro/portlibs/3ds/lib/libSDL.a(SDL_sysjoystick.o)
                0x000000000011036c                SDL_SYS_JoystickClose
 .text.SDL_SYS_JoystickQuit
                0x0000000000110370        0x4 /Users/andreuschmann/devkitPro/portlibs/3ds/lib/libSDL.a(SDL_sysjoystick.o)
                0x0000000000110370                SDL_SYS_JoystickQuit
 .text.SDL_CreateMutex
                0x0000000000110374       0x5c /Users/andreuschmann/devkitPro/portlibs/3ds/lib/libSDL.a(SDL_sysmutex.o)
                0x0000000000110374                SDL_CreateMutex
 .text.SDL_DestroyMutex
                0x00000000001103d0       0x28 /Users/andreuschmann/devkitPro/portlibs/3ds/lib/libSDL.a(SDL_sysmutex.o)
                0x00000000001103d0                SDL_DestroyMutex
 .text.SDL_mutexP
                0x00000000001103f8       0x60 /Users/andreuschmann/devkitPro/portlibs/3ds/lib/libSDL.a(SDL_sysmutex.o)
                0x00000000001103f8                SDL_mutexP
 .text.SDL_mutexV
                0x0000000000110458       0x78 /Users/andreuschmann/devkitPro/portlibs/3ds/lib/libSDL.a(SDL_sysmutex.o)
                0x0000000000110458                SDL_mutexV
 .text.SDL_CreateSemaphore
                0x00000000001104d0       0x38 /Users/andreuschmann/devkitPro/portlibs/3ds/lib/libSDL.a(SDL_syssem.o)
                0x00000000001104d0                SDL_CreateSemaphore
 .text.SDL_DestroySemaphore
                0x0000000000110508       0x34 /Users/andreuschmann/devkitPro/portlibs/3ds/lib/libSDL.a(SDL_syssem.o)
                0x0000000000110508                SDL_DestroySemaphore
 .text.SDL_SemWait
                0x000000000011053c       0x3c /Users/andreuschmann/devkitPro/portlibs/3ds/lib/libSDL.a(SDL_syssem.o)
                0x000000000011053c                SDL_SemWait
 .text.SDL_SemPost
                0x0000000000110578       0x5c /Users/andreuschmann/devkitPro/portlibs/3ds/lib/libSDL.a(SDL_syssem.o)
                0x0000000000110578                SDL_SemPost
 .text.ThreadEntry
                0x00000000001105d4        0x4 /Users/andreuschmann/devkitPro/portlibs/3ds/lib/libSDL.a(SDL_systhread.o)
                0x00000000001105d4                ThreadEntry
 .text.SDL_SYS_CreateThread
                0x00000000001105d8       0xac /Users/andreuschmann/devkitPro/portlibs/3ds/lib/libSDL.a(SDL_systhread.o)
                0x00000000001105d8                SDL_SYS_CreateThread
 .text.SDL_SYS_SetupThread
                0x0000000000110684        0x4 /Users/andreuschmann/devkitPro/portlibs/3ds/lib/libSDL.a(SDL_systhread.o)
                0x0000000000110684                SDL_SYS_SetupThread
 .text.SDL_ThreadID
                0x0000000000110688       0x28 /Users/andreuschmann/devkitPro/portlibs/3ds/lib/libSDL.a(SDL_systhread.o)
                0x0000000000110688                SDL_ThreadID
 .text.SDL_SYS_WaitThread
                0x00000000001106b0       0x10 /Users/andreuschmann/devkitPro/portlibs/3ds/lib/libSDL.a(SDL_systhread.o)
                0x00000000001106b0                SDL_SYS_WaitThread
 .text.task_apt_hook
                0x00000000001106c0       0x58 /Users/andreuschmann/devkitPro/portlibs/3ds/lib/libSDL.a(SDL_n3dsevents.o)
 .text.task_init
                0x0000000000110718       0x3c /Users/andreuschmann/devkitPro/portlibs/3ds/lib/libSDL.a(SDL_n3dsevents.o)
                0x0000000000110718                task_init
 .text.task_exit
                0x0000000000110754        0xc /Users/andreuschmann/devkitPro/portlibs/3ds/lib/libSDL.a(SDL_n3dsevents.o)
                0x0000000000110754                task_exit
 .text.N3DS_PumpEvents
                0x0000000000110760      0x230 /Users/andreuschmann/devkitPro/portlibs/3ds/lib/libSDL.a(SDL_n3dsevents.o)
                0x0000000000110760                N3DS_PumpEvents
 .text.N3DS_InitOSKeymap
                0x0000000000110990       0xcc /Users/andreuschmann/devkitPro/portlibs/3ds/lib/libSDL.a(SDL_n3dsevents.o)
                0x0000000000110990                N3DS_InitOSKeymap
 .text.N3DS_Available
                0x0000000000110a5c        0x8 /Users/andreuschmann/devkitPro/portlibs/3ds/lib/libSDL.a(SDL_n3dsvideo.o)
 .text.N3DS_ListModes
                0x0000000000110a64        0x8 /Users/andreuschmann/devkitPro/portlibs/3ds/lib/libSDL.a(SDL_n3dsvideo.o)
 .text.N3DS_AllocHWSurface
                0x0000000000110a6c        0x8 /Users/andreuschmann/devkitPro/portlibs/3ds/lib/libSDL.a(SDL_n3dsvideo.o)
 .text.N3DS_LockHWSurface
                0x0000000000110a74        0x8 /Users/andreuschmann/devkitPro/portlibs/3ds/lib/libSDL.a(SDL_n3dsvideo.o)
 .text.N3DS_UnlockHWSurface
                0x0000000000110a7c        0x4 /Users/andreuschmann/devkitPro/portlibs/3ds/lib/libSDL.a(SDL_n3dsvideo.o)
 .text.N3DS_SetColors
                0x0000000000110a80       0x58 /Users/andreuschmann/devkitPro/portlibs/3ds/lib/libSDL.a(SDL_n3dsvideo.o)
 .text.N3DS_DeleteDevice
                0x0000000000110ad8       0x24 /Users/andreuschmann/devkitPro/portlibs/3ds/lib/libSDL.a(SDL_n3dsvideo.o)
 .text.N3DS_CreateDevice
                0x0000000000110afc      0x150 /Users/andreuschmann/devkitPro/portlibs/3ds/lib/libSDL.a(SDL_n3dsvideo.o)
 .text.N3DS_VideoInit
                0x0000000000110c4c       0x54 /Users/andreuschmann/devkitPro/portlibs/3ds/lib/libSDL.a(SDL_n3dsvideo.o)
 .text.N3DS_UpdateRects.part.6
                0x0000000000110ca0      0x194 /Users/andreuschmann/devkitPro/portlibs/3ds/lib/libSDL.a(SDL_n3dsvideo.o)
 .text.N3DS_FlipHWSurface
                0x0000000000110e34       0x40 /Users/andreuschmann/devkitPro/portlibs/3ds/lib/libSDL.a(SDL_n3dsvideo.o)
 .text.N3DS_UpdateRects
                0x0000000000110e74       0x2c /Users/andreuschmann/devkitPro/portlibs/3ds/lib/libSDL.a(SDL_n3dsvideo.o)
 .text.N3DS_FreeHWSurface
                0x0000000000110ea0        0x4 /Users/andreuschmann/devkitPro/portlibs/3ds/lib/libSDL.a(SDL_n3dsvideo.o)
 .text.N3DS_VideoQuit
                0x0000000000110ea4       0xf4 /Users/andreuschmann/devkitPro/portlibs/3ds/lib/libSDL.a(SDL_n3dsvideo.o)
 .text.N3DS_ToggleFullScreen
                0x0000000000110f98       0xe8 /Users/andreuschmann/devkitPro/portlibs/3ds/lib/libSDL.a(SDL_n3dsvideo.o)
                0x0000000000110f98                N3DS_ToggleFullScreen
 .text.N3DS_SetVideoMode
                0x0000000000111080      0x968 /Users/andreuschmann/devkitPro/portlibs/3ds/lib/libSDL.a(SDL_n3dsvideo.o)
 .text.drawTexture
                0x00000000001119e8      0x120 /Users/andreuschmann/devkitPro/portlibs/3ds/lib/libSDL.a(SDL_n3dsvideo.o)
                0x00000000001119e8                drawTexture
 .text.videoThread
                0x0000000000111b08      0x328 /Users/andreuschmann/devkitPro/portlibs/3ds/lib/libSDL.a(SDL_n3dsvideo.o)
 .text.SDL_AppActiveInit
                0x0000000000111e30       0x18 /Users/andreuschmann/devkitPro/portlibs/3ds/lib/libSDL.a(SDL_active.o)
                0x0000000000111e30                SDL_AppActiveInit
 .text.SDL_AppActiveQuit
                0x0000000000111e48        0x4 /Users/andreuschmann/devkitPro/portlibs/3ds/lib/libSDL.a(SDL_active.o)
                0x0000000000111e48                SDL_AppActiveQuit
 .text.SDL_PrivateResize
                0x0000000000111e4c       0xe0 /Users/andreuschmann/devkitPro/portlibs/3ds/lib/libSDL.a(SDL_resize.o)
                0x0000000000111e4c                SDL_PrivateResize
 .text.SDL_revcpy
                0x0000000000111f2c       0x2c /Users/andreuschmann/devkitPro/portlibs/3ds/lib/libSDL.a(SDL_string.o)
                0x0000000000111f2c                SDL_revcpy
 .text.SDL_memcmp
                0x0000000000111f58       0x4c /Users/andreuschmann/devkitPro/portlibs/3ds/lib/libSDL.a(SDL_string.o)
                0x0000000000111f58                SDL_memcmp
 .text.copy_opaque_16
                0x0000000000111fa4      0x10c /Users/andreuschmann/devkitPro/portlibs/3ds/lib/libSDL.a(SDL_RLEaccel.o)
 .text.uncopy_opaque_16
                0x00000000001120b0       0xd0 /Users/andreuschmann/devkitPro/portlibs/3ds/lib/libSDL.a(SDL_RLEaccel.o)
 .text.copy_transl_565
                0x0000000000112180       0xc4 /Users/andreuschmann/devkitPro/portlibs/3ds/lib/libSDL.a(SDL_RLEaccel.o)
 .text.copy_transl_555
                0x0000000000112244       0xc4 /Users/andreuschmann/devkitPro/portlibs/3ds/lib/libSDL.a(SDL_RLEaccel.o)
 .text.uncopy_transl_16
                0x0000000000112308       0xc8 /Users/andreuschmann/devkitPro/portlibs/3ds/lib/libSDL.a(SDL_RLEaccel.o)
 .text.copy_32  0x00000000001123d0       0xa8 /Users/andreuschmann/devkitPro/portlibs/3ds/lib/libSDL.a(SDL_RLEaccel.o)
 .text.uncopy_32
                0x0000000000112478       0xbc /Users/andreuschmann/devkitPro/portlibs/3ds/lib/libSDL.a(SDL_RLEaccel.o)
 .text.getpix_8
                0x0000000000112534        0x8 /Users/andreuschmann/devkitPro/portlibs/3ds/lib/libSDL.a(SDL_RLEaccel.o)
 .text.getpix_16
                0x000000000011253c        0x8 /Users/andreuschmann/devkitPro/portlibs/3ds/lib/libSDL.a(SDL_RLEaccel.o)
 .text.getpix_24
                0x0000000000112544       0x18 /Users/andreuschmann/devkitPro/portlibs/3ds/lib/libSDL.a(SDL_RLEaccel.o)
 .text.getpix_32
                0x000000000011255c        0x8 /Users/andreuschmann/devkitPro/portlibs/3ds/lib/libSDL.a(SDL_RLEaccel.o)
 .text.SDL_RLEBlit
                0x0000000000112564     0x253c /Users/andreuschmann/devkitPro/portlibs/3ds/lib/libSDL.a(SDL_RLEaccel.o)
                0x0000000000112564                SDL_RLEBlit
 .text.SDL_RLEAlphaBlit
                0x0000000000114aa0      0x974 /Users/andreuschmann/devkitPro/portlibs/3ds/lib/libSDL.a(SDL_RLEaccel.o)
                0x0000000000114aa0                SDL_RLEAlphaBlit
 .text.SDL_UnRLESurface
                0x0000000000115414      0x298 /Users/andreuschmann/devkitPro/portlibs/3ds/lib/libSDL.a(SDL_RLEaccel.o)
                0x0000000000115414                SDL_UnRLESurface
 .text.SDL_RLESurface
                0x00000000001156ac      0xd60 /Users/andreuschmann/devkitPro/portlibs/3ds/lib/libSDL.a(SDL_RLEaccel.o)
                0x00000000001156ac                SDL_RLESurface
 .text.SDL_SoftBlit
                0x000000000011640c      0x1b4 /Users/andreuschmann/devkitPro/portlibs/3ds/lib/libSDL.a(SDL_blit.o)
 .text.SDL_BlitCopyOverlap
                0x00000000001165c0       0xa4 /Users/andreuschmann/devkitPro/portlibs/3ds/lib/libSDL.a(SDL_blit.o)
 .text.SDL_BlitCopy
                0x0000000000116664       0x5c /Users/andreuschmann/devkitPro/portlibs/3ds/lib/libSDL.a(SDL_blit.o)
 .text.SDL_CalculateBlit
                0x00000000001166c0      0x35c /Users/andreuschmann/devkitPro/portlibs/3ds/lib/libSDL.a(SDL_blit.o)
                0x00000000001166c0                SDL_CalculateBlit
 .text.BlitBto1
                0x0000000000116a1c      0x114 /Users/andreuschmann/devkitPro/portlibs/3ds/lib/libSDL.a(SDL_blit_0.o)
 .text.BlitBto2
                0x0000000000116b30       0xac /Users/andreuschmann/devkitPro/portlibs/3ds/lib/libSDL.a(SDL_blit_0.o)
 .text.BlitBto3
                0x0000000000116bdc       0xbc /Users/andreuschmann/devkitPro/portlibs/3ds/lib/libSDL.a(SDL_blit_0.o)
 .text.BlitBto4
                0x0000000000116c98       0xb0 /Users/andreuschmann/devkitPro/portlibs/3ds/lib/libSDL.a(SDL_blit_0.o)
 .text.BlitBto1Key
                0x0000000000116d48      0x134 /Users/andreuschmann/devkitPro/portlibs/3ds/lib/libSDL.a(SDL_blit_0.o)
 .text.BlitBto2Key
                0x0000000000116e7c       0xc4 /Users/andreuschmann/devkitPro/portlibs/3ds/lib/libSDL.a(SDL_blit_0.o)
 .text.BlitBto4Key
                0x0000000000116f40       0xb8 /Users/andreuschmann/devkitPro/portlibs/3ds/lib/libSDL.a(SDL_blit_0.o)
 .text.BlitBtoNAlpha
                0x0000000000116ff8      0x28c /Users/andreuschmann/devkitPro/portlibs/3ds/lib/libSDL.a(SDL_blit_0.o)
 .text.BlitBtoNAlphaKey
                0x0000000000117284      0x2a8 /Users/andreuschmann/devkitPro/portlibs/3ds/lib/libSDL.a(SDL_blit_0.o)
 .text.BlitBto3Key
                0x000000000011752c       0xb4 /Users/andreuschmann/devkitPro/portlibs/3ds/lib/libSDL.a(SDL_blit_0.o)
 .text.SDL_CalculateBlit0
                0x00000000001175e0       0xb4 /Users/andreuschmann/devkitPro/portlibs/3ds/lib/libSDL.a(SDL_blit_0.o)
                0x00000000001175e0                SDL_CalculateBlit0
 .text.Blit1to1
                0x0000000000117694      0x100 /Users/andreuschmann/devkitPro/portlibs/3ds/lib/libSDL.a(SDL_blit_1.o)
 .text.Blit1to2
                0x0000000000117794      0x134 /Users/andreuschmann/devkitPro/portlibs/3ds/lib/libSDL.a(SDL_blit_1.o)
 .text.Blit1to3
                0x00000000001178c8      0x1b4 /Users/andreuschmann/devkitPro/portlibs/3ds/lib/libSDL.a(SDL_blit_1.o)
 .text.Blit1to4
                0x0000000000117a7c      0x18c /Users/andreuschmann/devkitPro/portlibs/3ds/lib/libSDL.a(SDL_blit_1.o)
 .text.Blit1to1Key
                0x0000000000117c08      0x27c /Users/andreuschmann/devkitPro/portlibs/3ds/lib/libSDL.a(SDL_blit_1.o)
 .text.Blit1to2Key
                0x0000000000117e84      0x188 /Users/andreuschmann/devkitPro/portlibs/3ds/lib/libSDL.a(SDL_blit_1.o)
 .text.Blit1to3Key
                0x000000000011800c      0x23c /Users/andreuschmann/devkitPro/portlibs/3ds/lib/libSDL.a(SDL_blit_1.o)
 .text.Blit1to4Key
                0x0000000000118248      0x170 /Users/andreuschmann/devkitPro/portlibs/3ds/lib/libSDL.a(SDL_blit_1.o)
 .text.Blit1toNAlpha
                0x00000000001183b8      0x840 /Users/andreuschmann/devkitPro/portlibs/3ds/lib/libSDL.a(SDL_blit_1.o)
 .text.Blit1toNAlphaKey
                0x0000000000118bf8      0xd2c /Users/andreuschmann/devkitPro/portlibs/3ds/lib/libSDL.a(SDL_blit_1.o)
 .text.SDL_CalculateBlit1
                0x0000000000119924       0xa0 /Users/andreuschmann/devkitPro/portlibs/3ds/lib/libSDL.a(SDL_blit_1.o)
                0x0000000000119924                SDL_CalculateBlit1
 .text.Blit_RGB888_index8
                0x00000000001199c4      0x474 /Users/andreuschmann/devkitPro/portlibs/3ds/lib/libSDL.a(SDL_blit_N.o)
 .text.Blit_RGB888_RGB555
                0x0000000000119e38      0x1d0 /Users/andreuschmann/devkitPro/portlibs/3ds/lib/libSDL.a(SDL_blit_N.o)
 .text.Blit_RGB888_RGB565
                0x000000000011a008      0x1b8 /Users/andreuschmann/devkitPro/portlibs/3ds/lib/libSDL.a(SDL_blit_N.o)
 .text.Blit_RGB565_RGBA8888
                0x000000000011a1c0      0x1d4 /Users/andreuschmann/devkitPro/portlibs/3ds/lib/libSDL.a(SDL_blit_N.o)
 .text.Blit_RGB888_index8_map
                0x000000000011a394      0x26c /Users/andreuschmann/devkitPro/portlibs/3ds/lib/libSDL.a(SDL_blit_N.o)
 .text.BlitNto1
                0x000000000011a600      0xb18 /Users/andreuschmann/devkitPro/portlibs/3ds/lib/libSDL.a(SDL_blit_N.o)
 .text.Blit4to4MaskAlpha
                0x000000000011b118      0x1fc /Users/andreuschmann/devkitPro/portlibs/3ds/lib/libSDL.a(SDL_blit_N.o)
 .text.BlitNtoN
                0x000000000011b314     0x100c /Users/andreuschmann/devkitPro/portlibs/3ds/lib/libSDL.a(SDL_blit_N.o)
 .text.BlitNtoNCopyAlpha
                0x000000000011c320      0x22c /Users/andreuschmann/devkitPro/portlibs/3ds/lib/libSDL.a(SDL_blit_N.o)
 .text.BlitNto1Key
                0x000000000011c54c     0x13c8 /Users/andreuschmann/devkitPro/portlibs/3ds/lib/libSDL.a(SDL_blit_N.o)
 .text.Blit2to2Key
                0x000000000011d914      0x17c /Users/andreuschmann/devkitPro/portlibs/3ds/lib/libSDL.a(SDL_blit_N.o)
 .text.BlitNtoNKey
                0x000000000011da90      0xcd8 /Users/andreuschmann/devkitPro/portlibs/3ds/lib/libSDL.a(SDL_blit_N.o)
 .text.BlitNtoNKeyCopyAlpha
                0x000000000011e768     0x1430 /Users/andreuschmann/devkitPro/portlibs/3ds/lib/libSDL.a(SDL_blit_N.o)
 .text.Blit_RGB565_BGRA8888
                0x000000000011fb98      0x1d4 /Users/andreuschmann/devkitPro/portlibs/3ds/lib/libSDL.a(SDL_blit_N.o)
 .text.Blit_RGB565_ARGB8888
                0x000000000011fd6c      0x1d4 /Users/andreuschmann/devkitPro/portlibs/3ds/lib/libSDL.a(SDL_blit_N.o)
 .text.Blit_RGB565_ABGR8888
                0x000000000011ff40      0x1d4 /Users/andreuschmann/devkitPro/portlibs/3ds/lib/libSDL.a(SDL_blit_N.o)
 .text.SDL_CalculateBlitN
                0x0000000000120114      0x2ac /Users/andreuschmann/devkitPro/portlibs/3ds/lib/libSDL.a(SDL_blit_N.o)
                0x0000000000120114                SDL_CalculateBlitN
 .text.BlitNto1SurfaceAlpha
                0x00000000001203c0      0x534 /Users/andreuschmann/devkitPro/portlibs/3ds/lib/libSDL.a(SDL_blit_A.o)
 .text.BlitNto1PixelAlpha
                0x00000000001208f4      0x590 /Users/andreuschmann/devkitPro/portlibs/3ds/lib/libSDL.a(SDL_blit_A.o)
 .text.BlitNto1SurfaceAlphaKey
                0x0000000000120e84      0xdf4 /Users/andreuschmann/devkitPro/portlibs/3ds/lib/libSDL.a(SDL_blit_A.o)
 .text.BlitRGBtoRGBSurfaceAlpha
                0x0000000000121c78      0x3d8 /Users/andreuschmann/devkitPro/portlibs/3ds/lib/libSDL.a(SDL_blit_A.o)
 .text.BlitRGBtoRGBPixelAlpha
                0x0000000000122050      0x294 /Users/andreuschmann/devkitPro/portlibs/3ds/lib/libSDL.a(SDL_blit_A.o)
 .text.Blit555to555SurfaceAlpha
                0x00000000001222e4      0x438 /Users/andreuschmann/devkitPro/portlibs/3ds/lib/libSDL.a(SDL_blit_A.o)
 .text.BlitARGBto565PixelAlpha
                0x000000000012271c      0x2a8 /Users/andreuschmann/devkitPro/portlibs/3ds/lib/libSDL.a(SDL_blit_A.o)
 .text.BlitARGBto555PixelAlpha
                0x00000000001229c4      0x2a4 /Users/andreuschmann/devkitPro/portlibs/3ds/lib/libSDL.a(SDL_blit_A.o)
 .text.BlitNtoNSurfaceAlpha
                0x0000000000122c68      0xd60 /Users/andreuschmann/devkitPro/portlibs/3ds/lib/libSDL.a(SDL_blit_A.o)
 .text.BlitNtoNSurfaceAlphaKey
                0x00000000001239c8      0xa74 /Users/andreuschmann/devkitPro/portlibs/3ds/lib/libSDL.a(SDL_blit_A.o)
 .text.BlitNtoNPixelAlpha
                0x000000000012443c      0xdbc /Users/andreuschmann/devkitPro/portlibs/3ds/lib/libSDL.a(SDL_blit_A.o)
 .text.Blit565to565SurfaceAlpha
                0x00000000001251f8      0x438 /Users/andreuschmann/devkitPro/portlibs/3ds/lib/libSDL.a(SDL_blit_A.o)
 .text.SDL_CalculateAlphaBlit
                0x0000000000125630      0x224 /Users/andreuschmann/devkitPro/portlibs/3ds/lib/libSDL.a(SDL_blit_A.o)
                0x0000000000125630                SDL_CalculateAlphaBlit
 .text.C3Di_SplitFrame.part.1
                0x0000000000125854       0xc4 /Users/andreuschmann/devkitPro/libctru/lib/libcitro3d.a(base.o)
 .text.C3Di_LightEnvUpdate
                0x0000000000125918        0x4 /Users/andreuschmann/devkitPro/libctru/lib/libcitro3d.a(base.o)
                0x0000000000125918                C3Di_LightEnvUpdate
 .text.C3Di_LightEnvDirty
                0x000000000012591c        0x4 /Users/andreuschmann/devkitPro/libctru/lib/libcitro3d.a(base.o)
                0x000000000012591c                C3Di_LightEnvDirty
 .text.C3Di_ProcTexUpdate
                0x0000000000125920        0x4 /Users/andreuschmann/devkitPro/libctru/lib/libcitro3d.a(base.o)
                0x0000000000125920                C3Di_ProcTexUpdate
 .text.C3Di_ProcTexDirty
                0x0000000000125924        0x4 /Users/andreuschmann/devkitPro/libctru/lib/libcitro3d.a(base.o)
                0x0000000000125924                C3Di_ProcTexDirty
 .text.C3Di_AptEventHook
                0x0000000000125928       0x8c /Users/andreuschmann/devkitPro/libctru/lib/libcitro3d.a(base.o)
 .text.C3D_Init
                0x00000000001259b4      0x20c /Users/andreuschmann/devkitPro/libctru/lib/libcitro3d.a(base.o)
                0x00000000001259b4                C3D_Init
 .text.C3D_SetViewport
                0x0000000000125bc0       0x98 /Users/andreuschmann/devkitPro/libctru/lib/libcitro3d.a(base.o)
                0x0000000000125bc0                C3D_SetViewport
 .text.C3Di_UpdateContext
                0x0000000000125c58      0x490 /Users/andreuschmann/devkitPro/libctru/lib/libcitro3d.a(base.o)
                0x0000000000125c58                C3Di_UpdateContext
 .text.C3Di_SplitFrame
                0x00000000001260e8       0x20 /Users/andreuschmann/devkitPro/libctru/lib/libcitro3d.a(base.o)
                0x00000000001260e8                C3Di_SplitFrame
 .text.C3D_Fini
                0x0000000000126108       0x64 /Users/andreuschmann/devkitPro/libctru/lib/libcitro3d.a(base.o)
                0x0000000000126108                C3D_Fini
 .text.C3D_BindProgram
                0x000000000012616c      0x110 /Users/andreuschmann/devkitPro/libctru/lib/libcitro3d.a(base.o)
                0x000000000012616c                C3D_BindProgram
 .text.C3Di_RenderQueueInit
                0x000000000012627c       0x54 /Users/andreuschmann/devkitPro/libctru/lib/libcitro3d.a(renderqueue.o)
 .text.C3Di_RenderTargetDestroy
                0x00000000001262d0       0x80 /Users/andreuschmann/devkitPro/libctru/lib/libcitro3d.a(renderqueue.o)
 .text.onVBlank1
                0x0000000000126350       0xcc /Users/andreuschmann/devkitPro/libctru/lib/libcitro3d.a(renderqueue.o)
 .text.onVBlank0
                0x000000000012641c      0x1b4 /Users/andreuschmann/devkitPro/libctru/lib/libcitro3d.a(renderqueue.o)
 .text.C3Di_RenderTargetNew
                0x00000000001265d0        0xc /Users/andreuschmann/devkitPro/libctru/lib/libcitro3d.a(renderqueue.o)
 .text.C3Di_WaitAndClearQueue
                0x00000000001265dc       0x8c /Users/andreuschmann/devkitPro/libctru/lib/libcitro3d.a(renderqueue.o)
 .text.onQueueFinish
                0x0000000000126668       0xbc /Users/andreuschmann/devkitPro/libctru/lib/libcitro3d.a(renderqueue.o)
 .text.C3D_FrameSplit.part.5
                0x0000000000126724       0x3c /Users/andreuschmann/devkitPro/libctru/lib/libcitro3d.a(renderqueue.o)
 .text.C3D_FrameSync
                0x0000000000126760       0x30 /Users/andreuschmann/devkitPro/libctru/lib/libcitro3d.a(renderqueue.o)
                0x0000000000126760                C3D_FrameSync
 .text.C3Di_RenderQueueExit
                0x0000000000126790       0xa0 /Users/andreuschmann/devkitPro/libctru/lib/libcitro3d.a(renderqueue.o)
                0x0000000000126790                C3Di_RenderQueueExit
 .text.C3Di_RenderQueueWaitDone
                0x0000000000126830       0x20 /Users/andreuschmann/devkitPro/libctru/lib/libcitro3d.a(renderqueue.o)
                0x0000000000126830                C3Di_RenderQueueWaitDone
 .text.C3D_FrameBegin
                0x0000000000126850       0x7c /Users/andreuschmann/devkitPro/libctru/lib/libcitro3d.a(renderqueue.o)
                0x0000000000126850                C3D_FrameBegin
 .text.C3D_FrameDrawOn
                0x00000000001268cc       0x48 /Users/andreuschmann/devkitPro/libctru/lib/libcitro3d.a(renderqueue.o)
                0x00000000001268cc                C3D_FrameDrawOn
 .text.C3D_FrameEnd
                0x0000000000126914      0x180 /Users/andreuschmann/devkitPro/libctru/lib/libcitro3d.a(renderqueue.o)
                0x0000000000126914                C3D_FrameEnd
 .text.C3D_RenderTargetCreate
                0x0000000000126a94      0x16c /Users/andreuschmann/devkitPro/libctru/lib/libcitro3d.a(renderqueue.o)
                0x0000000000126a94                C3D_RenderTargetCreate
 .text.C3D_RenderTargetDelete
                0x0000000000126c00       0x3c /Users/andreuschmann/devkitPro/libctru/lib/libcitro3d.a(renderqueue.o)
                0x0000000000126c00                C3D_RenderTargetDelete
 .text.C3D_RenderTargetSetClear
                0x0000000000126c3c       0x38 /Users/andreuschmann/devkitPro/libctru/lib/libcitro3d.a(renderqueue.o)
                0x0000000000126c3c                C3D_RenderTargetSetClear
 .text.C3D_RenderTargetSetOutput
                0x0000000000126c74       0x4c /Users/andreuschmann/devkitPro/libctru/lib/libcitro3d.a(renderqueue.o)
                0x0000000000126c74                C3D_RenderTargetSetOutput
 .text.C3D_SafeDisplayTransfer
                0x0000000000126cc0       0x64 /Users/andreuschmann/devkitPro/libctru/lib/libcitro3d.a(renderqueue.o)
                0x0000000000126cc0                C3D_SafeDisplayTransfer
 .text.C3D_TexInitWithParams
                0x0000000000126d24      0x26c /Users/andreuschmann/devkitPro/libctru/lib/libcitro3d.a(texture.o)
                0x0000000000126d24                C3D_TexInitWithParams
 .text.C3D_TexBind
                0x0000000000126f90       0x48 /Users/andreuschmann/devkitPro/libctru/lib/libcitro3d.a(texture.o)
                0x0000000000126f90                C3D_TexBind
 .text.C3Di_SetTex
                0x0000000000126fd8      0x174 /Users/andreuschmann/devkitPro/libctru/lib/libcitro3d.a(texture.o)
                0x0000000000126fd8                C3Di_SetTex
 .text.C3D_CalcColorBufSize
                0x000000000012714c       0x1c /Users/andreuschmann/devkitPro/libctru/lib/libcitro3d.a(framebuffer.o)
                0x000000000012714c                C3D_CalcColorBufSize
 .text.C3D_CalcDepthBufSize
                0x0000000000127168       0x1c /Users/andreuschmann/devkitPro/libctru/lib/libcitro3d.a(framebuffer.o)
                0x0000000000127168                C3D_CalcDepthBufSize
 .text.C3D_SetFrameBuf
                0x0000000000127184       0x44 /Users/andreuschmann/devkitPro/libctru/lib/libcitro3d.a(framebuffer.o)
                0x0000000000127184                C3D_SetFrameBuf
 .text.C3Di_FrameBufBind
                0x00000000001271c8      0x168 /Users/andreuschmann/devkitPro/libctru/lib/libcitro3d.a(framebuffer.o)
                0x00000000001271c8                C3Di_FrameBufBind
 .text.C3D_FrameBufClear
                0x0000000000127330       0xc8 /Users/andreuschmann/devkitPro/libctru/lib/libcitro3d.a(framebuffer.o)
                0x0000000000127330                C3D_FrameBufClear
 .text.C3D_FrameBufTransfer
                0x00000000001273f8       0x4c /Users/andreuschmann/devkitPro/libctru/lib/libcitro3d.a(framebuffer.o)
                0x00000000001273f8                C3D_FrameBufTransfer
 .text.TexEnv_Init
                0x0000000000127444       0x24 /Users/andreuschmann/devkitPro/libctru/lib/libcitro3d.a(texenv.o)
                0x0000000000127444                TexEnv_Init
 .text.C3D_GetTexEnv
                0x0000000000127468       0x34 /Users/andreuschmann/devkitPro/libctru/lib/libcitro3d.a(texenv.o)
                0x0000000000127468                C3D_GetTexEnv
 .text.C3Di_TexEnvBind
                0x000000000012749c       0x24 /Users/andreuschmann/devkitPro/libctru/lib/libcitro3d.a(texenv.o)
                0x000000000012749c                C3Di_TexEnvBind
 .text.BufInfo_Init
                0x00000000001274c0       0x24 /Users/andreuschmann/devkitPro/libctru/lib/libcitro3d.a(buffers.o)
                0x00000000001274c0                BufInfo_Init
 .text.C3D_GetBufInfo
                0x00000000001274e4       0x24 /Users/andreuschmann/devkitPro/libctru/lib/libcitro3d.a(buffers.o)
                0x00000000001274e4                C3D_GetBufInfo
 .text.C3Di_BufInfoBind
                0x0000000000127508       0x48 /Users/andreuschmann/devkitPro/libctru/lib/libcitro3d.a(buffers.o)
                0x0000000000127508                C3Di_BufInfoBind
 .text.C3D_DepthMap
                0x0000000000127550       0x40 /Users/andreuschmann/devkitPro/libctru/lib/libcitro3d.a(effect.o)
                0x0000000000127550                C3D_DepthMap
 .text.C3D_CullFace
                0x0000000000127590       0x1c /Users/andreuschmann/devkitPro/libctru/lib/libcitro3d.a(effect.o)
                0x0000000000127590                C3D_CullFace
 .text.C3D_StencilTest
                0x00000000001275ac       0x40 /Users/andreuschmann/devkitPro/libctru/lib/libcitro3d.a(effect.o)
                0x00000000001275ac                C3D_StencilTest
 .text.C3D_StencilOp
                0x00000000001275ec       0x24 /Users/andreuschmann/devkitPro/libctru/lib/libcitro3d.a(effect.o)
                0x00000000001275ec                C3D_StencilOp
 .text.C3D_BlendingColor
                0x0000000000127610       0x1c /Users/andreuschmann/devkitPro/libctru/lib/libcitro3d.a(effect.o)
                0x0000000000127610                C3D_BlendingColor
 .text.C3D_EarlyDepthTest
                0x000000000012762c       0x24 /Users/andreuschmann/devkitPro/libctru/lib/libcitro3d.a(effect.o)
                0x000000000012762c                C3D_EarlyDepthTest
 .text.C3D_DepthTest
                0x0000000000127650       0x2c /Users/andreuschmann/devkitPro/libctru/lib/libcitro3d.a(effect.o)
                0x0000000000127650                C3D_DepthTest
 .text.C3D_AlphaTest
                0x000000000012767c       0x2c /Users/andreuschmann/devkitPro/libctru/lib/libcitro3d.a(effect.o)
                0x000000000012767c                C3D_AlphaTest
 .text.C3D_AlphaBlend
                0x00000000001276a8       0x50 /Users/andreuschmann/devkitPro/libctru/lib/libcitro3d.a(effect.o)
                0x00000000001276a8                C3D_AlphaBlend
 .text.C3D_FragOpMode
                0x00000000001276f8       0x30 /Users/andreuschmann/devkitPro/libctru/lib/libcitro3d.a(effect.o)
                0x00000000001276f8                C3D_FragOpMode
 .text.C3D_FragOpShadow
                0x0000000000127728       0x44 /Users/andreuschmann/devkitPro/libctru/lib/libcitro3d.a(effect.o)
                0x0000000000127728                C3D_FragOpShadow
 .text.C3Di_EffectBind
                0x000000000012776c      0x174 /Users/andreuschmann/devkitPro/libctru/lib/libcitro3d.a(effect.o)
                0x000000000012776c                C3Di_EffectBind
 .text.AttrInfo_Init
                0x00000000001278e0       0x28 /Users/andreuschmann/devkitPro/libctru/lib/libcitro3d.a(attribs.o)
                0x00000000001278e0                AttrInfo_Init
 .text.AttrInfo_AddLoader
                0x0000000000127908       0x8c /Users/andreuschmann/devkitPro/libctru/lib/libcitro3d.a(attribs.o)
                0x0000000000127908                AttrInfo_AddLoader
 .text.C3D_GetAttrInfo
                0x0000000000127994       0x24 /Users/andreuschmann/devkitPro/libctru/lib/libcitro3d.a(attribs.o)
                0x0000000000127994                C3D_GetAttrInfo
 .text.C3Di_AttrInfoBind
                0x00000000001279b8       0x80 /Users/andreuschmann/devkitPro/libctru/lib/libcitro3d.a(attribs.o)
                0x00000000001279b8                C3Di_AttrInfoBind
 .text.C3D_ImmDrawBegin
                0x0000000000127a38       0xb8 /Users/andreuschmann/devkitPro/libctru/lib/libcitro3d.a(immediate.o)
                0x0000000000127a38                C3D_ImmDrawBegin
 .text.C3D_ImmSendAttrib
                0x0000000000127af0       0xb4 /Users/andreuschmann/devkitPro/libctru/lib/libcitro3d.a(immediate.o)
                0x0000000000127af0                C3D_ImmSendAttrib
 .text.C3D_ImmDrawEnd
                0x0000000000127ba4       0x74 /Users/andreuschmann/devkitPro/libctru/lib/libcitro3d.a(immediate.o)
                0x0000000000127ba4                C3D_ImmDrawEnd
 .text.C3D_UpdateUniforms
                0x0000000000127c18      0x288 /Users/andreuschmann/devkitPro/libctru/lib/libcitro3d.a(uniforms.o)
                0x0000000000127c18                C3D_UpdateUniforms
 .text.C3Di_DirtyUniforms
                0x0000000000127ea0       0xc0 /Users/andreuschmann/devkitPro/libctru/lib/libcitro3d.a(uniforms.o)
                0x0000000000127ea0                C3Di_DirtyUniforms
 .text.C3Di_LoadShaderUniforms
                0x0000000000127f60       0xe4 /Users/andreuschmann/devkitPro/libctru/lib/libcitro3d.a(uniforms.o)
                0x0000000000127f60                C3Di_LoadShaderUniforms
 .text.C3Di_ClearShaderUniforms
                0x0000000000128044       0x28 /Users/andreuschmann/devkitPro/libctru/lib/libcitro3d.a(uniforms.o)
                0x0000000000128044                C3Di_ClearShaderUniforms
 .text.Mtx_OrthoTilt
                0x000000000012806c       0xcc /Users/andreuschmann/devkitPro/libctru/lib/libcitro3d.a(mtx_orthotilt.o)
                0x000000000012806c                Mtx_OrthoTilt
 .text._ZL21addrMapNodeComparatorPK11rbtree_nodeS1_
                0x0000000000128138       0x24 /Users/andreuschmann/devkitPro/libctru/lib/libctru.a(vram.o)
 .text._ZL21addrMapNodeDestructorP11rbtree_node
                0x000000000012815c        0x4 /Users/andreuschmann/devkitPro/libctru/lib/libctru.a(vram.o)
 .text.vramMemAlign
                0x0000000000128160      0x110 /Users/andreuschmann/devkitPro/libctru/lib/libctru.a(vram.o)
                0x0000000000128160                vramMemAlign
 .text.vramAlloc
                0x0000000000128270        0x8 /Users/andreuschmann/devkitPro/libctru/lib/libctru.a(vram.o)
                0x0000000000128270                vramAlloc
 .text.vramFree
                0x0000000000128278       0x50 /Users/andreuschmann/devkitPro/libctru/lib/libctru.a(vram.o)
                0x0000000000128278                vramFree
 .text._ZL21addrMapNodeComparatorPK11rbtree_nodeS1_
                0x00000000001282c8       0x24 /Users/andreuschmann/devkitPro/libctru/lib/libctru.a(linear.o)
 .text._ZL21addrMapNodeDestructorP11rbtree_node
                0x00000000001282ec        0x4 /Users/andreuschmann/devkitPro/libctru/lib/libctru.a(linear.o)
 .text.linearMemAlign
                0x00000000001282f0      0x11c /Users/andreuschmann/devkitPro/libctru/lib/libctru.a(linear.o)
                0x00000000001282f0                linearMemAlign
 .text.linearAlloc
                0x000000000012840c        0x8 /Users/andreuschmann/devkitPro/libctru/lib/libctru.a(linear.o)
                0x000000000012840c                linearAlloc
 .text.linearFree
                0x0000000000128414       0x50 /Users/andreuschmann/devkitPro/libctru/lib/libctru.a(linear.o)
                0x0000000000128414                linearFree
 .text._ZN7MemPool13CoalesceRightEP8MemBlock
                0x0000000000128464       0x98 /Users/andreuschmann/devkitPro/libctru/lib/libctru.a(mem_pool.o)
                0x0000000000128464                MemPool::CoalesceRight(MemBlock*)
 .text._ZN7MemPool8AllocateER8MemChunkmi
                0x00000000001284fc      0x16c /Users/andreuschmann/devkitPro/libctru/lib/libctru.a(mem_pool.o)
                0x00000000001284fc                MemPool::Allocate(MemChunk&, unsigned long, int)
 .text._ZN7MemPool10DeallocateERK8MemChunk
                0x0000000000128668       0xfc /Users/andreuschmann/devkitPro/libctru/lib/libctru.a(mem_pool.o)
                0x0000000000128668                MemPool::Deallocate(MemChunk const&)
 .text.romfs_close
                0x0000000000128764        0x8 /Users/andreuschmann/devkitPro/libctru/lib/libctru.a(romfs_dev.o)
 .text.romfs_seek
                0x000000000012876c       0xcc /Users/andreuschmann/devkitPro/libctru/lib/libctru.a(romfs_dev.o)
 .text.romfs_dirreset
                0x0000000000128838       0x28 /Users/andreuschmann/devkitPro/libctru/lib/libctru.a(romfs_dev.o)
 .text.romfs_fstat
                0x0000000000128860       0x78 /Users/andreuschmann/devkitPro/libctru/lib/libctru.a(romfs_dev.o)
 .text._romfs_read_chk
                0x00000000001288d8       0x5c /Users/andreuschmann/devkitPro/libctru/lib/libctru.a(romfs_dev.o)
 .text.romfs_read
                0x0000000000128934       0xe8 /Users/andreuschmann/devkitPro/libctru/lib/libctru.a(romfs_dev.o)
 .text.romfs_free
                0x0000000000128a1c       0x7c /Users/andreuschmann/devkitPro/libctru/lib/libctru.a(romfs_dev.o)
 .text.romfsMountCommon
                0x0000000000128a98      0x16c /Users/andreuschmann/devkitPro/libctru/lib/libctru.a(romfs_dev.o)
 .text.romfs_dirnext
                0x0000000000128c04      0x254 /Users/andreuschmann/devkitPro/libctru/lib/libctru.a(romfs_dev.o)
 .text.romfsInitMtime.isra.4
                0x0000000000128e58       0xd0 /Users/andreuschmann/devkitPro/libctru/lib/libctru.a(romfs_dev.o)
 .text.searchForFile.constprop.7
                0x0000000000128f28       0xb4 /Users/andreuschmann/devkitPro/libctru/lib/libctru.a(romfs_dev.o)
 .text.searchForDir.constprop.8
                0x0000000000128fdc       0xb8 /Users/andreuschmann/devkitPro/libctru/lib/libctru.a(romfs_dev.o)
 .text.navigateToDir.constprop.6
                0x0000000000129094      0x1b8 /Users/andreuschmann/devkitPro/libctru/lib/libctru.a(romfs_dev.o)
 .text.romfs_open
                0x000000000012924c      0x130 /Users/andreuschmann/devkitPro/libctru/lib/libctru.a(romfs_dev.o)
 .text.romfs_stat
                0x000000000012937c      0x210 /Users/andreuschmann/devkitPro/libctru/lib/libctru.a(romfs_dev.o)
 .text.romfs_chdir
                0x000000000012958c       0x54 /Users/andreuschmann/devkitPro/libctru/lib/libctru.a(romfs_dev.o)
 .text.romfs_diropen
                0x00000000001295e0       0x78 /Users/andreuschmann/devkitPro/libctru/lib/libctru.a(romfs_dev.o)
 .text.romfs_dirclose
                0x0000000000129658        0x8 /Users/andreuschmann/devkitPro/libctru/lib/libctru.a(romfs_dev.o)
 .text.romfsMount
                0x0000000000129660      0x344 /Users/andreuschmann/devkitPro/libctru/lib/libctru.a(romfs_dev.o)
                0x0000000000129660                romfsMount
 .text.getSysTime
                0x00000000001299a4       0x58 /Users/andreuschmann/devkitPro/libctru/lib/libctru.a(os.o)
 .text.__ctru_speedup_config.part.0
                0x00000000001299fc       0x28 /Users/andreuschmann/devkitPro/libctru/lib/libctru.a(os.o)
 .text.osConvertVirtToPhys
                0x0000000000129a24       0x4c /Users/andreuschmann/devkitPro/libctru/lib/libctru.a(os.o)
                0x0000000000129a24                osConvertVirtToPhys
 .text.osGetMemRegionUsed
                0x0000000000129a70       0x24 /Users/andreuschmann/devkitPro/libctru/lib/libctru.a(os.o)
                0x0000000000129a70                osGetMemRegionUsed
 *fill*         0x0000000000129a94        0x4 
 .text.__libctru_gtod
                0x0000000000129a98      0x128 /Users/andreuschmann/devkitPro/libctru/lib/libctru.a(os.o)
                0x0000000000129a98                __libctru_gtod
 .text.__ctru_speedup_config
                0x0000000000129bc0       0x18 /Users/andreuschmann/devkitPro/libctru/lib/libctru.a(os.o)
                0x0000000000129bc0                __ctru_speedup_config
 .text.consoleDrawChar
                0x0000000000129bd8      0x1c0 /Users/andreuschmann/devkitPro/libctru/lib/libctru.a(console.o)
                0x0000000000129bd8                consoleDrawChar
 .text.consolePrintChar
                0x0000000000129d98      0x128 /Users/andreuschmann/devkitPro/libctru/lib/libctru.a(console.o)
                0x0000000000129d98                consolePrintChar
 .text.consoleCls
                0x0000000000129ec0      0x184 /Users/andreuschmann/devkitPro/libctru/lib/libctru.a(console.o)
 .text.consoleInit
                0x000000000012a044      0x104 /Users/andreuschmann/devkitPro/libctru/lib/libctru.a(console.o)
                0x000000000012a044                consoleInit
 .text.consoleClearLine
                0x000000000012a148      0x138 /Users/andreuschmann/devkitPro/libctru/lib/libctru.a(console.o)
 .text.newRow   0x000000000012a280       0xc0 /Users/andreuschmann/devkitPro/libctru/lib/libctru.a(console.o)
 .text.con_write
                0x000000000012a340      0x810 /Users/andreuschmann/devkitPro/libctru/lib/libctru.a(console.o)
                0x000000000012a340                con_write
 .text.gfxSetFramebufferInfo.part.0
                0x000000000012ab50       0x8c /Users/andreuschmann/devkitPro/libctru/lib/libctru.a(gfx.o)
 .text.gfxSet3D
                0x000000000012abdc       0x10 /Users/andreuschmann/devkitPro/libctru/lib/libctru.a(gfx.o)
                0x000000000012abdc                gfxSet3D
 .text.gfxIs3D  0x000000000012abec       0x10 /Users/andreuschmann/devkitPro/libctru/lib/libctru.a(gfx.o)
                0x000000000012abec                gfxIs3D
 .text.__get_bytes_per_pixel
                0x000000000012abfc       0x18 /Users/andreuschmann/devkitPro/libctru/lib/libctru.a(gfx.o)
                0x000000000012abfc                __get_bytes_per_pixel
 .text.gfxSetScreenFormat
                0x000000000012ac14      0x184 /Users/andreuschmann/devkitPro/libctru/lib/libctru.a(gfx.o)
                0x000000000012ac14                gfxSetScreenFormat
 .text.gfxSetDoubleBuffering
                0x000000000012ad98       0x10 /Users/andreuschmann/devkitPro/libctru/lib/libctru.a(gfx.o)
                0x000000000012ad98                gfxSetDoubleBuffering
 .text.gfxSetFramebufferInfo
                0x000000000012ada8       0x6c /Users/andreuschmann/devkitPro/libctru/lib/libctru.a(gfx.o)
                0x000000000012ada8                gfxSetFramebufferInfo
 .text.gfxWriteFramebufferInfo
                0x000000000012ae14       0xb0 /Users/andreuschmann/devkitPro/libctru/lib/libctru.a(gfx.o)
                0x000000000012ae14                gfxWriteFramebufferInfo
 .text.gfxInit  0x000000000012aec4      0x210 /Users/andreuschmann/devkitPro/libctru/lib/libctru.a(gfx.o)
                0x000000000012aec4                gfxInit
 .text.gfxInitDefault
                0x000000000012b0d4       0x10 /Users/andreuschmann/devkitPro/libctru/lib/libctru.a(gfx.o)
                0x000000000012b0d4                gfxInitDefault
 .text.gfxExit  0x000000000012b0e4       0xe0 /Users/andreuschmann/devkitPro/libctru/lib/libctru.a(gfx.o)
                0x000000000012b0e4                gfxExit
 .text.gfxGetFramebuffer
                0x000000000012b1c4       0xa8 /Users/andreuschmann/devkitPro/libctru/lib/libctru.a(gfx.o)
                0x000000000012b1c4                gfxGetFramebuffer
 .text.gfxFlushBuffers
                0x000000000012b26c       0xe8 /Users/andreuschmann/devkitPro/libctru/lib/libctru.a(gfx.o)
                0x000000000012b26c                gfxFlushBuffers
 .text.gfxConfigScreen
                0x000000000012b354       0x60 /Users/andreuschmann/devkitPro/libctru/lib/libctru.a(gfx.o)
                0x000000000012b354                gfxConfigScreen
 .text.gfxSwapBuffersGpu
                0x000000000012b3b4       0x20 /Users/andreuschmann/devkitPro/libctru/lib/libctru.a(gfx.o)
                0x000000000012b3b4                gfxSwapBuffersGpu
 .text.threadFree.part.0
                0x000000000012b3d4       0x1c /Users/andreuschmann/devkitPro/libctru/lib/libctru.a(thread.o)
 .text.threadCreate
                0x000000000012b3f0      0x1ac /Users/andreuschmann/devkitPro/libctru/lib/libctru.a(thread.o)
                0x000000000012b3f0                threadCreate
 .text.threadGetHandle
                0x000000000012b59c       0x24 /Users/andreuschmann/devkitPro/libctru/lib/libctru.a(thread.o)
                0x000000000012b59c                threadGetHandle
 .text.threadJoin
                0x000000000012b5c0       0x24 /Users/andreuschmann/devkitPro/libctru/lib/libctru.a(thread.o)
                0x000000000012b5c0                threadJoin
 .text.threadGetCurrent
                0x000000000012b5e4       0x30 /Users/andreuschmann/devkitPro/libctru/lib/libctru.a(thread.o)
                0x000000000012b5e4                threadGetCurrent
 .text.threadExit
                0x000000000012b614       0x64 /Users/andreuschmann/devkitPro/libctru/lib/libctru.a(thread.o)
                0x000000000012b614                threadExit
 .text._thread_begin
                0x000000000012b678       0x40 /Users/andreuschmann/devkitPro/libctru/lib/libctru.a(thread.o)
 .text.shaderInstanceInit
                0x000000000012b6b8      0x1f0 /Users/andreuschmann/devkitPro/libctru/lib/libctru.a(shaderProgram.o)
                0x000000000012b6b8                shaderInstanceInit
 .text.shaderInstanceFree
                0x000000000012b8a8       0x34 /Users/andreuschmann/devkitPro/libctru/lib/libctru.a(shaderProgram.o)
                0x000000000012b8a8                shaderInstanceFree
 .text.shaderInstanceGetUniformLocation
                0x000000000012b8dc       0x18 /Users/andreuschmann/devkitPro/libctru/lib/libctru.a(shaderProgram.o)
                0x000000000012b8dc                shaderInstanceGetUniformLocation
 .text.shaderProgramInit
                0x000000000012b8f4       0x18 /Users/andreuschmann/devkitPro/libctru/lib/libctru.a(shaderProgram.o)
                0x000000000012b8f4                shaderProgramInit
 .text.shaderProgramFree
                0x000000000012b90c       0x2c /Users/andreuschmann/devkitPro/libctru/lib/libctru.a(shaderProgram.o)
                0x000000000012b90c                shaderProgramFree
 .text.shaderProgramSetVsh
                0x000000000012b938       0x6c /Users/andreuschmann/devkitPro/libctru/lib/libctru.a(shaderProgram.o)
                0x000000000012b938                shaderProgramSetVsh
 .text.shaderProgramConfigure
                0x000000000012b9a4      0x8c4 /Users/andreuschmann/devkitPro/libctru/lib/libctru.a(shaderProgram.o)
                0x000000000012b9a4                shaderProgramConfigure
 .text.DVLE_GenerateOutmap.part.0
                0x000000000012c268      0x1f8 /Users/andreuschmann/devkitPro/libctru/lib/libctru.a(shbin.o)
 .text.DVLB_ParseFile
                0x000000000012c460      0x1c8 /Users/andreuschmann/devkitPro/libctru/lib/libctru.a(shbin.o)
                0x000000000012c460                DVLB_ParseFile
 .text.DVLB_Free
                0x000000000012c628       0x38 /Users/andreuschmann/devkitPro/libctru/lib/libctru.a(shbin.o)
                0x000000000012c628                DVLB_Free
 .text.DVLE_GetUniformRegister
                0x000000000012c660       0x78 /Users/andreuschmann/devkitPro/libctru/lib/libctru.a(shbin.o)
                0x000000000012c660                DVLE_GetUniformRegister
 .text.submitGxCommand
                0x000000000012c6d8       0x38 /Users/andreuschmann/devkitPro/libctru/lib/libctru.a(gx.o)
 .text.GX_BindQueue
                0x000000000012c710       0x10 /Users/andreuschmann/devkitPro/libctru/lib/libctru.a(gx.o)
                0x000000000012c710                GX_BindQueue
 .text.GX_ProcessCommandList
                0x000000000012c720       0x50 /Users/andreuschmann/devkitPro/libctru/lib/libctru.a(gx.o)
                0x000000000012c720                GX_ProcessCommandList
 .text.GX_MemoryFill
                0x000000000012c770       0x54 /Users/andreuschmann/devkitPro/libctru/lib/libctru.a(gx.o)
                0x000000000012c770                GX_MemoryFill
 .text.GX_DisplayTransfer
                0x000000000012c7c4       0x48 /Users/andreuschmann/devkitPro/libctru/lib/libctru.a(gx.o)
                0x000000000012c7c4                GX_DisplayTransfer
 .text.gxCmdQueueDoCommands.part.0
                0x000000000012c80c       0x74 /Users/andreuschmann/devkitPro/libctru/lib/libctru.a(gxqueue.o)
 .text.gxCmdQueueInterrupt
                0x000000000012c880       0xc8 /Users/andreuschmann/devkitPro/libctru/lib/libctru.a(gxqueue.o)
                0x000000000012c880                gxCmdQueueInterrupt
 .text.gxCmdQueueClear
                0x000000000012c948       0x50 /Users/andreuschmann/devkitPro/libctru/lib/libctru.a(gxqueue.o)
                0x000000000012c948                gxCmdQueueClear
 .text.gxCmdQueueAdd
                0x000000000012c998       0xf8 /Users/andreuschmann/devkitPro/libctru/lib/libctru.a(gxqueue.o)
                0x000000000012c998                gxCmdQueueAdd
 .text.gxCmdQueueRun
                0x000000000012ca90       0x80 /Users/andreuschmann/devkitPro/libctru/lib/libctru.a(gxqueue.o)
                0x000000000012ca90                gxCmdQueueRun
 .text.gxCmdQueueStop
                0x000000000012cb10       0x60 /Users/andreuschmann/devkitPro/libctru/lib/libctru.a(gxqueue.o)
                0x000000000012cb10                gxCmdQueueStop
 .text.gxCmdQueueWait
                0x000000000012cb70       0x84 /Users/andreuschmann/devkitPro/libctru/lib/libctru.a(gxqueue.o)
                0x000000000012cb70                gxCmdQueueWait
 .text.GPUCMD_Add
                0x000000000012cbf4      0x130 /Users/andreuschmann/devkitPro/libctru/lib/libctru.a(gpu.o)
                0x000000000012cbf4                GPUCMD_Add
 .text.GPUCMD_Split
                0x000000000012cd24       0xb4 /Users/andreuschmann/devkitPro/libctru/lib/libctru.a(gpu.o)
                0x000000000012cd24                GPUCMD_Split
 .text.f32tof16
                0x000000000012cdd8       0x34 /Users/andreuschmann/devkitPro/libctru/lib/libctru.a(gpu.o)
                0x000000000012cdd8                f32tof16
 .text.f32tof24
                0x000000000012ce0c       0x34 /Users/andreuschmann/devkitPro/libctru/lib/libctru.a(gpu.o)
                0x000000000012ce0c                f32tof24
 .text.f32tof31
                0x000000000012ce40       0x38 /Users/andreuschmann/devkitPro/libctru/lib/libctru.a(gpu.o)
                0x000000000012ce40                f32tof31
 .text.ndspUpdateMaster
                0x000000000012ce78      0x150 /Users/andreuschmann/devkitPro/libctru/lib/libctru.a(ndsp.o)
 .text.ndspFinalize
                0x000000000012cfc8       0xf0 /Users/andreuschmann/devkitPro/libctru/lib/libctru.a(ndsp.o)
 .text.ndspInitialize
                0x000000000012d0b8      0x27c /Users/andreuschmann/devkitPro/libctru/lib/libctru.a(ndsp.o)
 .text.ndspAptHook
                0x000000000012d334       0x78 /Users/andreuschmann/devkitPro/libctru/lib/libctru.a(ndsp.o)
 .text.ndspSync